main.c:144:5:main	696	static
main.c:324:6:SystemClock_Config	232	static
main.c:381:13:MX_DAC1_Init	48	static
main.c:422:13:MX_I2C1_Init	8	static
main.c:468:13:MX_QUADSPI_Init	8	static
main.c:501:13:MX_TIM2_Init	40	static
main.c:546:13:MX_TIM3_Init	40	static
main.c:591:13:MX_USART1_UART_Init	8	static
main.c:624:13:MX_DMA_Init	16	static
main.c:642:13:MX_GPIO_Init	40	static
main.c:660:6:HAL_TIM_PeriodElapsedCallback	16	static
main.c:664:6:beepOnce	24	static
main.c:671:6:beepMany	24	static
main.c:678:6:getXYZ	16	static
main.c:710:6:calibrate	24	static
main.c:733:6:readAccelerometer	8	static
main.c:760:5:isMovementDetected	16	static
main.c:773:6:HAL_DAC_ConvCpltCallbackCh1	24	static
main.c:800:6:Error_Handler	4	static
