main.c:150:5:main	696	static
main.c:329:6:SystemClock_Config	232	static
main.c:386:13:MX_DAC1_Init	48	static
main.c:427:13:MX_I2C1_Init	8	static
main.c:473:13:MX_QUADSPI_Init	8	static
main.c:506:13:MX_TIM2_Init	40	static
main.c:551:13:MX_TIM3_Init	40	static
main.c:596:13:MX_USART1_UART_Init	8	static
main.c:629:13:MX_DMA_Init	16	static
main.c:647:13:MX_GPIO_Init	40	static
main.c:669:6:HAL_TIM_PeriodElapsedCallback	16	static
main.c:673:6:beepOnce	16	static
main.c:678:6:beepMany	24	static
main.c:685:6:getXYZ	24	static
main.c:730:6:calibrate	24	static
main.c:753:6:readAccelerometer	8	static
main.c:780:5:isMovementDetected	16	static
main.c:791:6:HAL_DAC_ConvCpltCallbackCh1	24	static
main.c:823:6:Error_Handler	4	static
