Archive member included to satisfy reference by file (symbol)

/Applications/STMicroelectronics/STM32CubeIDE.app/Contents/Eclipse/plugins/com.st.stm32cube.ide.mcu.externaltools.gnu-tools-for-stm32.7-2018-q2-update.macos64_1.4.0.202007081208/tools/bin/../lib/gcc/arm-none-eabi/7.3.1/../../../../arm-none-eabi/lib/thumb/v7e-m/fpv4-sp/hard/libc_nano.a(lib_a-errno.o)
                              Src/syscalls.o (__errno)
/Applications/STMicroelectronics/STM32CubeIDE.app/Contents/Eclipse/plugins/com.st.stm32cube.ide.mcu.externaltools.gnu-tools-for-stm32.7-2018-q2-update.macos64_1.4.0.202007081208/tools/bin/../lib/gcc/arm-none-eabi/7.3.1/../../../../arm-none-eabi/lib/thumb/v7e-m/fpv4-sp/hard/libc_nano.a(lib_a-exit.o)
                              /Applications/STMicroelectronics/STM32CubeIDE.app/Contents/Eclipse/plugins/com.st.stm32cube.ide.mcu.externaltools.gnu-tools-for-stm32.7-2018-q2-update.macos64_1.4.0.202007081208/tools/bin/../lib/gcc/arm-none-eabi/7.3.1/../../../../arm-none-eabi/lib/thumb/v7e-m/fpv4-sp/hard/crt0.o (exit)
/Applications/STMicroelectronics/STM32CubeIDE.app/Contents/Eclipse/plugins/com.st.stm32cube.ide.mcu.externaltools.gnu-tools-for-stm32.7-2018-q2-update.macos64_1.4.0.202007081208/tools/bin/../lib/gcc/arm-none-eabi/7.3.1/../../../../arm-none-eabi/lib/thumb/v7e-m/fpv4-sp/hard/libc_nano.a(lib_a-impure.o)
                              /Applications/STMicroelectronics/STM32CubeIDE.app/Contents/Eclipse/plugins/com.st.stm32cube.ide.mcu.externaltools.gnu-tools-for-stm32.7-2018-q2-update.macos64_1.4.0.202007081208/tools/bin/../lib/gcc/arm-none-eabi/7.3.1/../../../../arm-none-eabi/lib/thumb/v7e-m/fpv4-sp/hard/libc_nano.a(lib_a-exit.o) (_global_impure_ptr)
/Applications/STMicroelectronics/STM32CubeIDE.app/Contents/Eclipse/plugins/com.st.stm32cube.ide.mcu.externaltools.gnu-tools-for-stm32.7-2018-q2-update.macos64_1.4.0.202007081208/tools/bin/../lib/gcc/arm-none-eabi/7.3.1/../../../../arm-none-eabi/lib/thumb/v7e-m/fpv4-sp/hard/libc_nano.a(lib_a-init.o)
                              /Applications/STMicroelectronics/STM32CubeIDE.app/Contents/Eclipse/plugins/com.st.stm32cube.ide.mcu.externaltools.gnu-tools-for-stm32.7-2018-q2-update.macos64_1.4.0.202007081208/tools/bin/../lib/gcc/arm-none-eabi/7.3.1/../../../../arm-none-eabi/lib/thumb/v7e-m/fpv4-sp/hard/crt0.o (__libc_init_array)
/Applications/STMicroelectronics/STM32CubeIDE.app/Contents/Eclipse/plugins/com.st.stm32cube.ide.mcu.externaltools.gnu-tools-for-stm32.7-2018-q2-update.macos64_1.4.0.202007081208/tools/bin/../lib/gcc/arm-none-eabi/7.3.1/../../../../arm-none-eabi/lib/thumb/v7e-m/fpv4-sp/hard/libc_nano.a(lib_a-memset.o)
                              /Applications/STMicroelectronics/STM32CubeIDE.app/Contents/Eclipse/plugins/com.st.stm32cube.ide.mcu.externaltools.gnu-tools-for-stm32.7-2018-q2-update.macos64_1.4.0.202007081208/tools/bin/../lib/gcc/arm-none-eabi/7.3.1/../../../../arm-none-eabi/lib/thumb/v7e-m/fpv4-sp/hard/crt0.o (memset)
/Applications/STMicroelectronics/STM32CubeIDE.app/Contents/Eclipse/plugins/com.st.stm32cube.ide.mcu.externaltools.gnu-tools-for-stm32.7-2018-q2-update.macos64_1.4.0.202007081208/tools/bin/../lib/gcc/arm-none-eabi/7.3.1/thumb/v7e-m/fpv4-sp/hard/libgcc.a(_aeabi_uldivmod.o)
                              Drivers/STM32L4xx_HAL_Driver/Src/stm32l4xx_hal_uart.o (__aeabi_uldivmod)
/Applications/STMicroelectronics/STM32CubeIDE.app/Contents/Eclipse/plugins/com.st.stm32cube.ide.mcu.externaltools.gnu-tools-for-stm32.7-2018-q2-update.macos64_1.4.0.202007081208/tools/bin/../lib/gcc/arm-none-eabi/7.3.1/thumb/v7e-m/fpv4-sp/hard/libgcc.a(_udivmoddi4.o)
                              /Applications/STMicroelectronics/STM32CubeIDE.app/Contents/Eclipse/plugins/com.st.stm32cube.ide.mcu.externaltools.gnu-tools-for-stm32.7-2018-q2-update.macos64_1.4.0.202007081208/tools/bin/../lib/gcc/arm-none-eabi/7.3.1/thumb/v7e-m/fpv4-sp/hard/libgcc.a(_aeabi_uldivmod.o) (__udivmoddi4)
/Applications/STMicroelectronics/STM32CubeIDE.app/Contents/Eclipse/plugins/com.st.stm32cube.ide.mcu.externaltools.gnu-tools-for-stm32.7-2018-q2-update.macos64_1.4.0.202007081208/tools/bin/../lib/gcc/arm-none-eabi/7.3.1/thumb/v7e-m/fpv4-sp/hard/libgcc.a(_dvmd_tls.o)
                              /Applications/STMicroelectronics/STM32CubeIDE.app/Contents/Eclipse/plugins/com.st.stm32cube.ide.mcu.externaltools.gnu-tools-for-stm32.7-2018-q2-update.macos64_1.4.0.202007081208/tools/bin/../lib/gcc/arm-none-eabi/7.3.1/thumb/v7e-m/fpv4-sp/hard/libgcc.a(_aeabi_uldivmod.o) (__aeabi_ldiv0)

Allocating common symbols
Common symbol       size              file

temperatureStr      0x14              Src/main.o
hDiscoUart          0x80              Src/stm32l475e_iot01.o
hi2c1               0x4c              Src/main.o
Sample_Z            0x2               Src/main.o
AxBuff              0x3c              Src/main.o
uwTick              0x4               Drivers/STM32L4xx_HAL_Driver/Src/stm32l4xx_hal.o
sstatey             0x2               Src/main.o
accelerometerStr    0x1e              Src/main.o
[...]
Memory Configuration

Name             Origin             Length             Attributes
RAM              0x0000000020000000 0x0000000000018000 xrw
RAM2             0x0000000010000000 0x0000000000008000 xrw
FLASH            0x0000000008000000 0x0000000000100000 xr
*default*        0x0000000000000000 0xffffffffffffffff

Linker script and memory map

LOAD /Applications/STMicroelectronics/STM32CubeIDE.app/Contents/Eclipse/plugins/com.st.stm32cube.ide.mcu.externaltools.gnu-tools-for-stm32.7-2018-q2-update.macos64_1.4.0.202007081208/tools/bin/../lib/gcc/arm-none-eabi/7.3.1/thumb/v7e-m/fpv4-sp/hard/crti.o
LOAD /Applications/STMicroelectronics/STM32CubeIDE.app/Contents/Eclipse/plugins/com.st.stm32cube.ide.mcu.externaltools.gnu-tools-for-stm32.7-2018-q2-update.macos64_1.4.0.202007081208/tools/bin/../lib/gcc/arm-none-eabi/7.3.1/thumb/v7e-m/fpv4-sp/hard/crtbegin.o
LOAD /Applications/STMicroelectronics/STM32CubeIDE.app/Contents/Eclipse/plugins/com.st.stm32cube.ide.mcu.externaltools.gnu-tools-for-stm32.7-2018-q2-update.macos64_1.4.0.202007081208/tools/bin/../lib/gcc/arm-none-eabi/7.3.1/../../../../arm-none-eabi/lib/thumb/v7e-m/fpv4-sp/hard/crt0.o
LOAD Drivers/STM32L4xx_HAL_Driver/Src/stm32l4xx_hal.o
LOAD Drivers/STM32L4xx_HAL_Driver/Src/stm32l4xx_hal_cortex.o
LOAD Drivers/STM32L4xx_HAL_Driver/Src/stm32l4xx_hal_dma.o
LOAD Drivers/STM32L4xx_HAL_Driver/Src/stm32l4xx_hal_dma_ex.o
LOAD Drivers/STM32L4xx_HAL_Driver/Src/stm32l4xx_hal_exti.o
LOAD Drivers/STM32L4xx_HAL_Driver/Src/stm32l4xx_hal_flash.o
LOAD Drivers/STM32L4xx_HAL_Driver/Src/stm32l4xx_hal_flash_ex.o
LOAD Drivers/STM32L4xx_HAL_Driver/Src/stm32l4xx_hal_flash_ramfunc.o
LOAD Drivers/STM32L4xx_HAL_Driver/Src/stm32l4xx_hal_gpio.o
LOAD Drivers/STM32L4xx_HAL_Driver/Src/stm32l4xx_hal_i2c.o
LOAD Drivers/STM32L4xx_HAL_Driver/Src/stm32l4xx_hal_i2c_ex.o
LOAD Drivers/STM32L4xx_HAL_Driver/Src/stm32l4xx_hal_pwr.o
LOAD Drivers/STM32L4xx_HAL_Driver/Src/stm32l4xx_hal_pwr_ex.o
LOAD Drivers/STM32L4xx_HAL_Driver/Src/stm32l4xx_hal_rcc.o
LOAD Drivers/STM32L4xx_HAL_Driver/Src/stm32l4xx_hal_rcc_ex.o
LOAD Drivers/STM32L4xx_HAL_Driver/Src/stm32l4xx_hal_tim.o
LOAD Drivers/STM32L4xx_HAL_Driver/Src/stm32l4xx_hal_tim_ex.o
LOAD Drivers/STM32L4xx_HAL_Driver/Src/stm32l4xx_hal_uart.o
LOAD Drivers/STM32L4xx_HAL_Driver/Src/stm32l4xx_hal_uart_ex.o
LOAD Src/hts221.o
LOAD Src/lsm6dsl.o
LOAD Src/main.o
LOAD Src/stm32l475e_iot01.o
LOAD Src/stm32l475e_iot01_accelero.o
LOAD Src/stm32l475e_iot01_gyro.o
LOAD Src/stm32l475e_iot01_hsensor.o
LOAD Src/stm32l475e_iot01_tsensor.o
LOAD Src/stm32l4xx_hal_msp.o
LOAD Src/stm32l4xx_it.o
LOAD Src/syscalls.o
LOAD Src/sysmem.o
LOAD Src/system_stm32l4xx.o
LOAD Startup/startup_stm32l475vgtx.o
START GROUP
LOAD /Applications/STMicroelectronics/STM32CubeIDE.app/Contents/Eclipse/plugins/com.st.stm32cube.ide.mcu.externaltools.gnu-tools-for-stm32.7-2018-q2-update.macos64_1.4.0.202007081208/tools/bin/../lib/gcc/arm-none-eabi/7.3.1/../../../../arm-none-eabi/lib/thumb/v7e-m/fpv4-sp/hard/libc_nano.a
LOAD /Applications/STMicroelectronics/STM32CubeIDE.app/Contents/Eclipse/plugins/com.st.stm32cube.ide.mcu.externaltools.gnu-tools-for-stm32.7-2018-q2-update.macos64_1.4.0.202007081208/tools/bin/../lib/gcc/arm-none-eabi/7.3.1/../../../../arm-none-eabi/lib/thumb/v7e-m/fpv4-sp/hard/libm.a
END GROUP
START GROUP
LOAD /Applications/STMicroelectronics/STM32CubeIDE.app/Contents/Eclipse/plugins/com.st.stm32cube.ide.mcu.externaltools.gnu-tools-for-stm32.7-2018-q2-update.macos64_1.4.0.202007081208/tools/bin/../lib/gcc/arm-none-eabi/7.3.1/thumb/v7e-m/fpv4-sp/hard/libgcc.a
LOAD /Applications/STMicroelectronics/STM32CubeIDE.app/Contents/Eclipse/plugins/com.st.stm32cube.ide.mcu.externaltools.gnu-tools-for-stm32.7-2018-q2-update.macos64_1.4.0.202007081208/tools/bin/../lib/gcc/arm-none-eabi/7.3.1/../../../../arm-none-eabi/lib/thumb/v7e-m/fpv4-sp/hard/libc_nano.a
END GROUP
START GROUP
LOAD /Applications/STMicroelectronics/STM32CubeIDE.app/Contents/Eclipse/plugins/com.st.stm32cube.ide.mcu.externaltools.gnu-tools-for-stm32.7-2018-q2-update.macos64_1.4.0.202007081208/tools/bin/../lib/gcc/arm-none-eabi/7.3.1/thumb/v7e-m/fpv4-sp/hard/libgcc.a
LOAD /Applications/STMicroelectronics/STM32CubeIDE.app/Contents/Eclipse/plugins/com.st.stm32cube.ide.mcu.externaltools.gnu-tools-for-stm32.7-2018-q2-update.macos64_1.4.0.202007081208/tools/bin/../lib/gcc/arm-none-eabi/7.3.1/../../../../arm-none-eabi/lib/thumb/v7e-m/fpv4-sp/hard/libc_nano.a
LOAD /Applications/STMicroelectronics/STM32CubeIDE.app/Contents/Eclipse/plugins/com.st.stm32cube.ide.mcu.externaltools.gnu-tools-for-stm32.7-2018-q2-update.macos64_1.4.0.202007081208/tools/bin/../lib/gcc/arm-none-eabi/7.3.1/../../../../arm-none-eabi/lib/thumb/v7e-m/fpv4-sp/hard/libnosys.a
END GROUP
START GROUP
LOAD /Applications/STMicroelectronics/STM32CubeIDE.app/Contents/Eclipse/plugins/com.st.stm32cube.ide.mcu.externaltools.gnu-tools-for-stm32.7-2018-q2-update.macos64_1.4.0.202007081208/tools/bin/../lib/gcc/arm-none-eabi/7.3.1/thumb/v7e-m/fpv4-sp/hard/libgcc.a
LOAD /Applications/STMicroelectronics/STM32CubeIDE.app/Contents/Eclipse/plugins/com.st.stm32cube.ide.mcu.externaltools.gnu-tools-for-stm32.7-2018-q2-update.macos64_1.4.0.202007081208/tools/bin/../lib/gcc/arm-none-eabi/7.3.1/../../../../arm-none-eabi/lib/thumb/v7e-m/fpv4-sp/hard/libc_nano.a
LOAD /Applications/STMicroelectronics/STM32CubeIDE.app/Contents/Eclipse/plugins/com.st.stm32cube.ide.mcu.externaltools.gnu-tools-for-stm32.7-2018-q2-update.macos64_1.4.0.202007081208/tools/bin/../lib/gcc/arm-none-eabi/7.3.1/../../../../arm-none-eabi/lib/thumb/v7e-m/fpv4-sp/hard/libnosys.a
END GROUP
LOAD /Applications/STMicroelectronics/STM32CubeIDE.app/Contents/Eclipse/plugins/com.st.stm32cube.ide.mcu.externaltools.gnu-tools-for-stm32.7-2018-q2-update.macos64_1.4.0.202007081208/tools/bin/../lib/gcc/arm-none-eabi/7.3.1/thumb/v7e-m/fpv4-sp/hard/crtend.o
LOAD /Applications/STMicroelectronics/STM32CubeIDE.app/Contents/Eclipse/plugins/com.st.stm32cube.ide.mcu.externaltools.gnu-tools-for-stm32.7-2018-q2-update.macos64_1.4.0.202007081208/tools/bin/../lib/gcc/arm-none-eabi/7.3.1/thumb/v7e-m/fpv4-sp/hard/crtn.o
                0x0000000020018000                _estack = (ORIGIN (RAM) + LENGTH (RAM))
                0x0000000000000200                _Min_Heap_Size = 0x200
                0x0000000000000400                _Min_Stack_Size = 0x400

.isr_vector     0x0000000008000000      0x188
                0x0000000008000000                . = ALIGN (0x4)
 *(.isr_vector)
 .isr_vector    0x0000000008000000      0x188 Startup/startup_stm32l475vgtx.o
                0x0000000008000000                g_pfnVectors
                0x0000000008000188                . = ALIGN (0x4)

.text           0x0000000008000188     0x5418
                0x0000000008000188                . = ALIGN (0x4)
 *(.text)
 .text          0x0000000008000188       0x40 /Applications/STMicroelectronics/STM32CubeIDE.app/Contents/Eclipse/plugins/com.st.stm32cube.ide.mcu.externaltools.gnu-tools-for-stm32.7-2018-q2-update.macos64_1.4.0.202007081208/tools/bin/../lib/gcc/arm-none-eabi/7.3.1/thumb/v7e-m/fpv4-sp/hard/crtbegin.o
 .text          0x00000000080001c8       0x30 /Applications/STMicroelectronics/STM32CubeIDE.app/Contents/Eclipse/plugins/com.st.stm32cube.ide.mcu.externaltools.gnu-tools-for-stm32.7-2018-q2-update.macos64_1.4.0.202007081208/tools/bin/../lib/gcc/arm-none-eabi/7.3.1/thumb/v7e-m/fpv4-sp/hard/libgcc.a(_aeabi_uldivmod.o)
                0x00000000080001c8                __aeabi_uldivmod
 .text          0x00000000080001f8      0x2cc /Applications/STMicroelectronics/STM32CubeIDE.app/Contents/Eclipse/plugins/com.st.stm32cube.ide.mcu.externaltools.gnu-tools-for-stm32.7-2018-q2-update.macos64_1.4.0.202007081208/tools/bin/../lib/gcc/arm-none-eabi/7.3.1/thumb/v7e-m/fpv4-sp/hard/libgcc.a(_udivmoddi4.o)
                0x00000000080001f8                __udivmoddi4
 .text          0x00000000080004c4        0x4 /Applications/STMicroelectronics/STM32CubeIDE.app/Contents/Eclipse/plugins/com.st.stm32cube.ide.mcu.externaltools.gnu-tools-for-stm32.7-2018-q2-update.macos64_1.4.0.202007081208/tools/bin/../lib/gcc/arm-none-eabi/7.3.1/thumb/v7e-m/fpv4-sp/hard/libgcc.a(_dvmd_tls.o)
                0x00000000080004c4                __aeabi_ldiv0
                0x00000000080004c4                __aeabi_idiv0
 *(.text*)
 .text.HAL_Init
                0x00000000080004c8       0x30 Drivers/STM32L4xx_HAL_Driver/Src/stm32l4xx_hal.o
                0x00000000080004c8                HAL_Init
 .text.HAL_InitTick
                0x00000000080004f8       0x78 Drivers/STM32L4xx_HAL_Driver/Src/stm32l4xx_hal.o
                0x00000000080004f8                HAL_InitTick
 .text.HAL_IncTick
                0x0000000008000570       0x28 Drivers/STM32L4xx_HAL_Driver/Src/stm32l4xx_hal.o
                0x0000000008000570                HAL_IncTick
 .text.HAL_GetTick
                0x0000000008000598       0x18 Drivers/STM32L4xx_HAL_Driver/Src/stm32l4xx_hal.o
                0x0000000008000598                HAL_GetTick
 .text.HAL_Delay
                0x00000000080005b0       0x44 Drivers/STM32L4xx_HAL_Driver/Src/stm32l4xx_hal.o
                0x00000000080005b0                HAL_Delay
 .text.__NVIC_SetPriorityGrouping
                0x00000000080005f4       0x48 Drivers/STM32L4xx_HAL_Driver/Src/stm32l4xx_hal_cortex.o
 .text.__NVIC_GetPriorityGrouping
                0x000000000800063c       0x1c Drivers/STM32L4xx_HAL_Driver/Src/stm32l4xx_hal_cortex.o
 .text.__NVIC_EnableIRQ
                0x0000000008000658       0x3c Drivers/STM32L4xx_HAL_Driver/Src/stm32l4xx_hal_cortex.o
 .text.__NVIC_SetPriority
                0x0000000008000694       0x54 Drivers/STM32L4xx_HAL_Driver/Src/stm32l4xx_hal_cortex.o
 .text.NVIC_EncodePriority
                0x00000000080006e8       0x66 Drivers/STM32L4xx_HAL_Driver/Src/stm32l4xx_hal_cortex.o
 *fill*         0x000000000800074e        0x2 
 .text.SysTick_Config
                0x0000000008000750       0x44 Drivers/STM32L4xx_HAL_Driver/Src/stm32l4xx_hal_cortex.o
 .text.HAL_NVIC_SetPriorityGrouping
                0x0000000008000794       0x16 Drivers/STM32L4xx_HAL_Driver/Src/stm32l4xx_hal_cortex.o
                0x0000000008000794                HAL_NVIC_SetPriorityGrouping
 .text.HAL_NVIC_SetPriority
                0x00000000080007aa       0x38 Drivers/STM32L4xx_HAL_Driver/Src/stm32l4xx_hal_cortex.o
                0x00000000080007aa                HAL_NVIC_SetPriority
 .text.HAL_NVIC_EnableIRQ
                0x00000000080007e2       0x1c Drivers/STM32L4xx_HAL_Driver/Src/stm32l4xx_hal_cortex.o
                0x00000000080007e2                HAL_NVIC_EnableIRQ
 .text.HAL_SYSTICK_Config
                0x00000000080007fe       0x18 Drivers/STM32L4xx_HAL_Driver/Src/stm32l4xx_hal_cortex.o
                0x00000000080007fe                HAL_SYSTICK_Config
 *fill*         0x0000000008000816        0x2 
 .text.HAL_GPIO_Init
                0x0000000008000818      0x350 Drivers/STM32L4xx_HAL_Driver/Src/stm32l4xx_hal_gpio.o
                0x0000000008000818                HAL_GPIO_Init
 .text.HAL_GPIO_DeInit
                0x0000000008000b68      0x1e8 Drivers/STM32L4xx_HAL_Driver/Src/stm32l4xx_hal_gpio.o
                0x0000000008000b68                HAL_GPIO_DeInit
 .text.HAL_I2C_Init
                0x0000000008000d50      0x11e Drivers/STM32L4xx_HAL_Driver/Src/stm32l4xx_hal_i2c.o
                0x0000000008000d50                HAL_I2C_Init
 .text.HAL_I2C_DeInit
                0x0000000008000e6e       0x5e Drivers/STM32L4xx_HAL_Driver/Src/stm32l4xx_hal_i2c.o
                0x0000000008000e6e                HAL_I2C_DeInit
 .text.HAL_I2C_Mem_Write
                0x0000000008000ecc      0x228 Drivers/STM32L4xx_HAL_Driver/Src/stm32l4xx_hal_i2c.o
                0x0000000008000ecc                HAL_I2C_Mem_Write
 .text.HAL_I2C_Mem_Read
                0x00000000080010f4      0x234 Drivers/STM32L4xx_HAL_Driver/Src/stm32l4xx_hal_i2c.o
                0x00000000080010f4                HAL_I2C_Mem_Read
 .text.I2C_RequestMemoryWrite
                0x0000000008001328       0xa8 Drivers/STM32L4xx_HAL_Driver/Src/stm32l4xx_hal_i2c.o
 .text.I2C_RequestMemoryRead
                0x00000000080013d0       0xa8 Drivers/STM32L4xx_HAL_Driver/Src/stm32l4xx_hal_i2c.o
 .text.I2C_Flush_TXDR
                0x0000000008001478       0x48 Drivers/STM32L4xx_HAL_Driver/Src/stm32l4xx_hal_i2c.o
 .text.I2C_WaitOnFlagUntilTimeout
                0x00000000080014c0       0x80 Drivers/STM32L4xx_HAL_Driver/Src/stm32l4xx_hal_i2c.o
 .text.I2C_WaitOnTXISFlagUntilTimeout
                0x0000000008001540       0x80 Drivers/STM32L4xx_HAL_Driver/Src/stm32l4xx_hal_i2c.o
 .text.I2C_WaitOnSTOPFlagUntilTimeout
                0x00000000080015c0       0x78 Drivers/STM32L4xx_HAL_Driver/Src/stm32l4xx_hal_i2c.o
 .text.I2C_IsAcknowledgeFailed
                0x0000000008001638       0xcc Drivers/STM32L4xx_HAL_Driver/Src/stm32l4xx_hal_i2c.o
 .text.I2C_TransferConfig
                0x0000000008001704       0x5c Drivers/STM32L4xx_HAL_Driver/Src/stm32l4xx_hal_i2c.o
 .text.HAL_I2CEx_ConfigAnalogFilter
                0x0000000008001760       0x96 Drivers/STM32L4xx_HAL_Driver/Src/stm32l4xx_hal_i2c_ex.o
                0x0000000008001760                HAL_I2CEx_ConfigAnalogFilter
 .text.HAL_I2CEx_ConfigDigitalFilter
                0x00000000080017f6       0x98 Drivers/STM32L4xx_HAL_Driver/Src/stm32l4xx_hal_i2c_ex.o
                0x00000000080017f6                HAL_I2CEx_ConfigDigitalFilter
 *fill*         0x000000000800188e        0x2 
 .text.HAL_PWREx_GetVoltageRange
                0x0000000008001890       0x1c Drivers/STM32L4xx_HAL_Driver/Src/stm32l4xx_hal_pwr_ex.o
                0x0000000008001890                HAL_PWREx_GetVoltageRange
 .text.HAL_PWREx_ControlVoltageScaling
                0x00000000080018ac       0xac Drivers/STM32L4xx_HAL_Driver/Src/stm32l4xx_hal_pwr_ex.o
                0x00000000080018ac                HAL_PWREx_ControlVoltageScaling
 .text.HAL_RCC_OscConfig
                0x0000000008001958      0x7cc Drivers/STM32L4xx_HAL_Driver/Src/stm32l4xx_hal_rcc.o
                0x0000000008001958                HAL_RCC_OscConfig
 .text.HAL_RCC_ClockConfig
                0x0000000008002124      0x1c4 Drivers/STM32L4xx_HAL_Driver/Src/stm32l4xx_hal_rcc.o
                0x0000000008002124                HAL_RCC_ClockConfig
 .text.HAL_RCC_GetSysClockFreq
                0x00000000080022e8      0x114 Drivers/STM32L4xx_HAL_Driver/Src/stm32l4xx_hal_rcc.o
                0x00000000080022e8                HAL_RCC_GetSysClockFreq
 .text.HAL_RCC_GetHCLKFreq
                0x00000000080023fc       0x18 Drivers/STM32L4xx_HAL_Driver/Src/stm32l4xx_hal_rcc.o
                0x00000000080023fc                HAL_RCC_GetHCLKFreq
 .text.HAL_RCC_GetPCLK1Freq
                0x0000000008002414       0x2c Drivers/STM32L4xx_HAL_Driver/Src/stm32l4xx_hal_rcc.o
                0x0000000008002414                HAL_RCC_GetPCLK1Freq
 .text.HAL_RCC_GetPCLK2Freq
                0x0000000008002440       0x2c Drivers/STM32L4xx_HAL_Driver/Src/stm32l4xx_hal_rcc.o
                0x0000000008002440                HAL_RCC_GetPCLK2Freq
 .text.RCC_SetFlashLatencyFromMSIRange
                0x000000000800246c       0xc0 Drivers/STM32L4xx_HAL_Driver/Src/stm32l4xx_hal_rcc.o
 .text.HAL_RCCEx_PeriphCLKConfig
                0x000000000800252c      0x5cc Drivers/STM32L4xx_HAL_Driver/Src/stm32l4xx_hal_rcc_ex.o
                0x000000000800252c                HAL_RCCEx_PeriphCLKConfig
 .text.RCCEx_PLLSAI1_Config
                0x0000000008002af8      0x1e0 Drivers/STM32L4xx_HAL_Driver/Src/stm32l4xx_hal_rcc_ex.o
 .text.RCCEx_PLLSAI2_Config
                0x0000000008002cd8      0x1b4 Drivers/STM32L4xx_HAL_Driver/Src/stm32l4xx_hal_rcc_ex.o
 .text.HAL_TIM_Base_Init
                0x0000000008002e8c       0xae Drivers/STM32L4xx_HAL_Driver/Src/stm32l4xx_hal_tim.o
                0x0000000008002e8c                HAL_TIM_Base_Init
 *fill*         0x0000000008002f3a        0x2 
 .text.HAL_TIM_Base_Start_IT
                0x0000000008002f3c       0xe0 Drivers/STM32L4xx_HAL_Driver/Src/stm32l4xx_hal_tim.o
                0x0000000008002f3c                HAL_TIM_Base_Start_IT
 .text.HAL_TIM_IRQHandler
                0x000000000800301c      0x23e Drivers/STM32L4xx_HAL_Driver/Src/stm32l4xx_hal_tim.o
                0x000000000800301c                HAL_TIM_IRQHandler
 .text.HAL_TIM_ConfigClockSource
                0x000000000800325a      0x172 Drivers/STM32L4xx_HAL_Driver/Src/stm32l4xx_hal_tim.o
                0x000000000800325a                HAL_TIM_ConfigClockSource
 .text.HAL_TIM_OC_DelayElapsedCallback
                0x00000000080033cc       0x14 Drivers/STM32L4xx_HAL_Driver/Src/stm32l4xx_hal_tim.o
                0x00000000080033cc                HAL_TIM_OC_DelayElapsedCallback
 .text.HAL_TIM_IC_CaptureCallback
                0x00000000080033e0       0x14 Drivers/STM32L4xx_HAL_Driver/Src/stm32l4xx_hal_tim.o
                0x00000000080033e0                HAL_TIM_IC_CaptureCallback
 .text.HAL_TIM_PWM_PulseFinishedCallback
                0x00000000080033f4       0x14 Drivers/STM32L4xx_HAL_Driver/Src/stm32l4xx_hal_tim.o
                0x00000000080033f4                HAL_TIM_PWM_PulseFinishedCallback
 .text.HAL_TIM_TriggerCallback
                0x0000000008003408       0x14 Drivers/STM32L4xx_HAL_Driver/Src/stm32l4xx_hal_tim.o
                0x0000000008003408                HAL_TIM_TriggerCallback
 .text.TIM_Base_SetConfig
                0x000000000800341c      0x134 Drivers/STM32L4xx_HAL_Driver/Src/stm32l4xx_hal_tim.o
                0x000000000800341c                TIM_Base_SetConfig
 .text.TIM_TI1_ConfigInputStage
                0x0000000008003550       0x5e Drivers/STM32L4xx_HAL_Driver/Src/stm32l4xx_hal_tim.o
 .text.TIM_TI2_ConfigInputStage
                0x00000000080035ae       0x60 Drivers/STM32L4xx_HAL_Driver/Src/stm32l4xx_hal_tim.o
 .text.TIM_ITRx_SetConfig
                0x000000000800360e       0x36 Drivers/STM32L4xx_HAL_Driver/Src/stm32l4xx_hal_tim.o
 .text.TIM_ETR_SetConfig
                0x0000000008003644       0x40 Drivers/STM32L4xx_HAL_Driver/Src/stm32l4xx_hal_tim.o
                0x0000000008003644                TIM_ETR_SetConfig
 .text.HAL_TIMEx_MasterConfigSynchronization
                0x0000000008003684      0x110 Drivers/STM32L4xx_HAL_Driver/Src/stm32l4xx_hal_tim_ex.o
                0x0000000008003684                HAL_TIMEx_MasterConfigSynchronization
 .text.HAL_TIMEx_CommutCallback
                0x0000000008003794       0x14 Drivers/STM32L4xx_HAL_Driver/Src/stm32l4xx_hal_tim_ex.o
                0x0000000008003794                HAL_TIMEx_CommutCallback
 .text.HAL_TIMEx_BreakCallback
                0x00000000080037a8       0x14 Drivers/STM32L4xx_HAL_Driver/Src/stm32l4xx_hal_tim_ex.o
                0x00000000080037a8                HAL_TIMEx_BreakCallback
 .text.HAL_TIMEx_Break2Callback
                0x00000000080037bc       0x14 Drivers/STM32L4xx_HAL_Driver/Src/stm32l4xx_hal_tim_ex.o
                0x00000000080037bc                HAL_TIMEx_Break2Callback
 .text.HAL_UART_Init
                0x00000000080037d0       0x9c Drivers/STM32L4xx_HAL_Driver/Src/stm32l4xx_hal_uart.o
                0x00000000080037d0                HAL_UART_Init
 .text.UART_SetConfig
                0x000000000800386c      0x514 Drivers/STM32L4xx_HAL_Driver/Src/stm32l4xx_hal_uart.o
                0x000000000800386c                UART_SetConfig
 .text.UART_AdvFeatureConfig
                0x0000000008003d80      0x144 Drivers/STM32L4xx_HAL_Driver/Src/stm32l4xx_hal_uart.o
                0x0000000008003d80                UART_AdvFeatureConfig
 .text.UART_CheckIdleState
                0x0000000008003ec4       0x8a Drivers/STM32L4xx_HAL_Driver/Src/stm32l4xx_hal_uart.o
                0x0000000008003ec4                UART_CheckIdleState
 .text.UART_WaitOnFlagUntilTimeout
                0x0000000008003f4e       0xf6 Drivers/STM32L4xx_HAL_Driver/Src/stm32l4xx_hal_uart.o
                0x0000000008003f4e                UART_WaitOnFlagUntilTimeout
 .text.HTS221_H_Init
                0x0000000008004044       0x58 Src/hts221.o
                0x0000000008004044                HTS221_H_Init
 .text.HTS221_H_ReadID
                0x000000000800409c       0x2c Src/hts221.o
                0x000000000800409c                HTS221_H_ReadID
 .text.HTS221_H_ReadHumidity
                0x00000000080040c8      0x138 Src/hts221.o
                0x00000000080040c8                HTS221_H_ReadHumidity
 .text.HTS221_T_Init
                0x0000000008004200       0x5a Src/hts221.o
                0x0000000008004200                HTS221_T_Init
 .text.HTS221_T_ReadTemp
                0x000000000800425a      0x10e Src/hts221.o
                0x000000000800425a                HTS221_T_ReadTemp
 .text.LSM6DSL_AccInit
                0x0000000008004368       0x72 Src/lsm6dsl.o
                0x0000000008004368                LSM6DSL_AccInit
 .text.LSM6DSL_AccDeInit
                0x00000000080043da       0x32 Src/lsm6dsl.o
                0x00000000080043da                LSM6DSL_AccDeInit
 .text.LSM6DSL_AccReadID
                0x000000000800440c       0x16 Src/lsm6dsl.o
                0x000000000800440c                LSM6DSL_AccReadID
 .text.LSM6DSL_AccLowPower
                0x0000000008004422       0x44 Src/lsm6dsl.o
                0x0000000008004422                LSM6DSL_AccLowPower
 *fill*         0x0000000008004466        0x2 
 .text.LSM6DSL_AccReadXYZ
                0x0000000008004468      0x134 Src/lsm6dsl.o
                0x0000000008004468                LSM6DSL_AccReadXYZ
 .text.LSM6DSL_GyroInit
                0x000000000800459c       0x72 Src/lsm6dsl.o
                0x000000000800459c                LSM6DSL_GyroInit
 .text.LSM6DSL_GyroDeInit
                0x000000000800460e       0x32 Src/lsm6dsl.o
                0x000000000800460e                LSM6DSL_GyroDeInit
 .text.LSM6DSL_GyroReadID
                0x0000000008004640       0x16 Src/lsm6dsl.o
                0x0000000008004640                LSM6DSL_GyroReadID
 .text.LSM6DSL_GyroLowPower
                0x0000000008004656       0x44 Src/lsm6dsl.o
                0x0000000008004656                LSM6DSL_GyroLowPower
 *fill*         0x000000000800469a        0x2 
 .text.LSM6DSL_GyroReadXYZAngRate
                0x000000000800469c      0x12c Src/lsm6dsl.o
                0x000000000800469c                LSM6DSL_GyroReadXYZAngRate
 .text.main     0x00000000080047c8       0x90 Src/main.o
                0x00000000080047c8                main
 .text.SystemClock_Config
                0x0000000008004858       0xf2 Src/main.o
                0x0000000008004858                SystemClock_Config
 *fill*         0x000000000800494a        0x2 
 .text.MX_I2C1_Init
                0x000000000800494c       0x80 Src/main.o
 .text.MX_TIM2_Init
                0x00000000080049cc       0x9c Src/main.o
 .text.MX_USART1_UART_Init
                0x0000000008004a68       0x60 Src/main.o
 .text.MX_GPIO_Init
                0x0000000008004ac8       0x58 Src/main.o
 .text.HAL_TIM_PeriodElapsedCallback
                0x0000000008004b20       0x14 Src/main.o
                0x0000000008004b20                HAL_TIM_PeriodElapsedCallback
 .text.getXYZ   0x0000000008004b34       0x3c Src/main.o
                0x0000000008004b34                getXYZ
 .text.Calibrate
                0x0000000008004b70       0x84 Src/main.o
                0x0000000008004b70                Calibrate
 .text.readAccelerometer
                0x0000000008004bf4      0x1cc Src/main.o
                0x0000000008004bf4                readAccelerometer
 .text.Error_Handler
                0x0000000008004dc0        0xe Src/main.o
                0x0000000008004dc0                Error_Handler
 *fill*         0x0000000008004dce        0x2 
 .text.I2Cx_MspInit
                0x0000000008004dd0       0xb0 Src/stm32l475e_iot01.o
 .text.I2Cx_Init
                0x0000000008004e80       0x5c Src/stm32l475e_iot01.o
 .text.I2Cx_ReadMultiple
                0x0000000008004edc       0x5a Src/stm32l475e_iot01.o
 .text.I2Cx_WriteMultiple
                0x0000000008004f36       0x5a Src/stm32l475e_iot01.o
 .text.I2Cx_Error
                0x0000000008004f90       0x20 Src/stm32l475e_iot01.o
 .text.SENSOR_IO_Init
                0x0000000008004fb0       0x14 Src/stm32l475e_iot01.o
                0x0000000008004fb0                SENSOR_IO_Init
 .text.SENSOR_IO_Write
                0x0000000008004fc4       0x34 Src/stm32l475e_iot01.o
                0x0000000008004fc4                SENSOR_IO_Write
 .text.SENSOR_IO_Read
                0x0000000008004ff8       0x3c Src/stm32l475e_iot01.o
                0x0000000008004ff8                SENSOR_IO_Read
 .text.SENSOR_IO_ReadMultiple
                0x0000000008005034       0x3c Src/stm32l475e_iot01.o
                0x0000000008005034                SENSOR_IO_ReadMultiple
 .text.BSP_ACCELERO_Init
                0x0000000008005070       0x7c Src/stm32l475e_iot01_accelero.o
                0x0000000008005070                BSP_ACCELERO_Init
 .text.BSP_ACCELERO_AccGetXYZ
                0x00000000080050ec       0x30 Src/stm32l475e_iot01_accelero.o
                0x00000000080050ec                BSP_ACCELERO_AccGetXYZ
 .text.BSP_GYRO_Init
                0x000000000800511c       0x84 Src/stm32l475e_iot01_gyro.o
                0x000000000800511c                BSP_GYRO_Init
 .text.BSP_HSENSOR_Init
                0x00000000080051a0       0x40 Src/stm32l475e_iot01_hsensor.o
                0x00000000080051a0                BSP_HSENSOR_Init
 .text.BSP_TSENSOR_Init
                0x00000000080051e0       0x38 Src/stm32l475e_iot01_tsensor.o
                0x00000000080051e0                BSP_TSENSOR_Init
 .text.HAL_MspInit
                0x0000000008005218       0x48 Src/stm32l4xx_hal_msp.o
                0x0000000008005218                HAL_MspInit
 .text.HAL_I2C_MspInit
                0x0000000008005260       0x88 Src/stm32l4xx_hal_msp.o
                0x0000000008005260                HAL_I2C_MspInit
 .text.HAL_I2C_MspDeInit
                0x00000000080052e8       0x48 Src/stm32l4xx_hal_msp.o
                0x00000000080052e8                HAL_I2C_MspDeInit
 .text.HAL_TIM_Base_MspInit
                0x0000000008005330       0x48 Src/stm32l4xx_hal_msp.o
                0x0000000008005330                HAL_TIM_Base_MspInit
 .text.HAL_UART_MspInit
                0x0000000008005378       0x88 Src/stm32l4xx_hal_msp.o
                0x0000000008005378                HAL_UART_MspInit
 .text.NMI_Handler
                0x0000000008005400        0xe Src/stm32l4xx_it.o
                0x0000000008005400                NMI_Handler
 .text.HardFault_Handler
                0x000000000800540e        0x6 Src/stm32l4xx_it.o
                0x000000000800540e                HardFault_Handler
 .text.MemManage_Handler
                0x0000000008005414        0x6 Src/stm32l4xx_it.o
                0x0000000008005414                MemManage_Handler
 .text.BusFault_Handler
                0x000000000800541a        0x6 Src/stm32l4xx_it.o
                0x000000000800541a                BusFault_Handler
 .text.UsageFault_Handler
                0x0000000008005420        0x6 Src/stm32l4xx_it.o
                0x0000000008005420                UsageFault_Handler
 .text.SVC_Handler
                0x0000000008005426        0xe Src/stm32l4xx_it.o
                0x0000000008005426                SVC_Handler
 .text.DebugMon_Handler
                0x0000000008005434        0xe Src/stm32l4xx_it.o
                0x0000000008005434                DebugMon_Handler
 .text.PendSV_Handler
                0x0000000008005442        0xe Src/stm32l4xx_it.o
                0x0000000008005442                PendSV_Handler
 .text.SysTick_Handler
                0x0000000008005450        0xc Src/stm32l4xx_it.o
                0x0000000008005450                SysTick_Handler
 .text.TIM2_IRQHandler
                0x000000000800545c       0x14 Src/stm32l4xx_it.o
                0x000000000800545c                TIM2_IRQHandler
 .text.SystemInit
                0x0000000008005470       0x6c Src/system_stm32l4xx.o
                0x0000000008005470                SystemInit
 .text.Reset_Handler
                0x00000000080054dc       0x50 Startup/startup_stm32l475vgtx.o
                0x00000000080054dc                Reset_Handler
 .text.Default_Handler
                0x000000000800552c        0x2 Startup/startup_stm32l475vgtx.o
                0x000000000800552c                TIM1_BRK_TIM15_IRQHandler
                0x000000000800552c                EXTI2_IRQHandler
                0x000000000800552c                TIM8_TRG_COM_IRQHandler
                0x000000000800552c                TIM8_CC_IRQHandler
                0x000000000800552c                TIM1_CC_IRQHandler
                0x000000000800552c                TSC_IRQHandler
                0x000000000800552c                TAMP_STAMP_IRQHandler
                0x000000000800552c                EXTI3_IRQHandler
                0x000000000800552c                LPTIM2_IRQHandler
                0x000000000800552c                DFSDM1_FLT1_IRQHandler
                0x000000000800552c                I2C3_ER_IRQHandler
                0x000000000800552c                DFSDM1_FLT2_IRQHandler
                0x000000000800552c                EXTI0_IRQHandler
                0x000000000800552c                I2C2_EV_IRQHandler
                0x000000000800552c                CAN1_RX0_IRQHandler
                0x000000000800552c                FPU_IRQHandler
                0x000000000800552c                TIM1_UP_TIM16_IRQHandler
                0x000000000800552c                ADC1_2_IRQHandler
                0x000000000800552c                SPI1_IRQHandler
                0x000000000800552c                TIM6_DAC_IRQHandler
                0x000000000800552c                TIM8_UP_IRQHandler
                0x000000000800552c                DMA2_Channel2_IRQHandler
                0x000000000800552c                DMA1_Channel4_IRQHandler
                0x000000000800552c                SAI2_IRQHandler
                0x000000000800552c                DFSDM1_FLT3_IRQHandler
                0x000000000800552c                USART3_IRQHandler
                0x000000000800552c                DMA1_Channel7_IRQHandler
                0x000000000800552c                CAN1_RX1_IRQHandler
                0x000000000800552c                UART5_IRQHandler
                0x000000000800552c                ADC3_IRQHandler
                0x000000000800552c                TIM4_IRQHandler
                0x000000000800552c                DMA2_Channel1_IRQHandler
                0x000000000800552c                QUADSPI_IRQHandler
                0x000000000800552c                I2C1_EV_IRQHandler
                0x000000000800552c                DMA1_Channel6_IRQHandler
                0x000000000800552c                UART4_IRQHandler
                0x000000000800552c                DMA2_Channel4_IRQHandler
                0x000000000800552c                TIM3_IRQHandler
                0x000000000800552c                RCC_IRQHandler
                0x000000000800552c                DMA1_Channel1_IRQHandler
                0x000000000800552c                Default_Handler
                0x000000000800552c                DMA2_Channel7_IRQHandler
                0x000000000800552c                EXTI15_10_IRQHandler
                0x000000000800552c                TIM7_IRQHandler
                0x000000000800552c                SDMMC1_IRQHandler
                0x000000000800552c                TIM5_IRQHandler
                0x000000000800552c                I2C3_EV_IRQHandler
                0x000000000800552c                EXTI9_5_IRQHandler
                0x000000000800552c                RTC_WKUP_IRQHandler
                0x000000000800552c                PVD_PVM_IRQHandler
                0x000000000800552c                SPI2_IRQHandler
                0x000000000800552c                CAN1_TX_IRQHandler
                0x000000000800552c                DMA2_Channel5_IRQHandler
                0x000000000800552c                DMA1_Channel5_IRQHandler
                0x000000000800552c                EXTI4_IRQHandler
                0x000000000800552c                RNG_IRQHandler
                0x000000000800552c                TIM1_TRG_COM_TIM17_IRQHandler
                0x000000000800552c                DMA1_Channel3_IRQHandler
                0x000000000800552c                COMP_IRQHandler
                0x000000000800552c                WWDG_IRQHandler
                0x000000000800552c                LPUART1_IRQHandler
                0x000000000800552c                DMA2_Channel6_IRQHandler
                0x000000000800552c                EXTI1_IRQHandler
                0x000000000800552c                USART2_IRQHandler
                0x000000000800552c                DFSDM1_FLT0_IRQHandler
                0x000000000800552c                I2C2_ER_IRQHandler
                0x000000000800552c                DMA1_Channel2_IRQHandler
                0x000000000800552c                TIM8_BRK_IRQHandler
                0x000000000800552c                CAN1_SCE_IRQHandler
                0x000000000800552c                FLASH_IRQHandler
                0x000000000800552c                USART1_IRQHandler
                0x000000000800552c                OTG_FS_IRQHandler
                0x000000000800552c                SPI3_IRQHandler
                0x000000000800552c                I2C1_ER_IRQHandler
                0x000000000800552c                FMC_IRQHandler
                0x000000000800552c                SWPMI1_IRQHandler
                0x000000000800552c                LPTIM1_IRQHandler
                0x000000000800552c                SAI1_IRQHandler
                0x000000000800552c                DMA2_Channel3_IRQHandler
                0x000000000800552c                RTC_Alarm_IRQHandler
 *fill*         0x000000000800552e        0x2 
 .text.__libc_init_array
                0x0000000008005530       0x48 /Applications/STMicroelectronics/STM32CubeIDE.app/Contents/Eclipse/plugins/com.st.stm32cube.ide.mcu.externaltools.gnu-tools-for-stm32.7-2018-q2-update.macos64_1.4.0.202007081208/tools/bin/../lib/gcc/arm-none-eabi/7.3.1/../../../../arm-none-eabi/lib/thumb/v7e-m/fpv4-sp/hard/libc_nano.a(lib_a-init.o)
                0x0000000008005530                __libc_init_array
 .text.memset   0x0000000008005578       0x10 /Applications/STMicroelectronics/STM32CubeIDE.app/Contents/Eclipse/plugins/com.st.stm32cube.ide.mcu.externaltools.gnu-tools-for-stm32.7-2018-q2-update.macos64_1.4.0.202007081208/tools/bin/../lib/gcc/arm-none-eabi/7.3.1/../../../../arm-none-eabi/lib/thumb/v7e-m/fpv4-sp/hard/libc_nano.a(lib_a-memset.o)
                0x0000000008005578                memset
 *(.glue_7)
 .glue_7        0x0000000008005588        0x0 linker stubs
 *(.glue_7t)
 .glue_7t       0x0000000008005588        0x0 linker stubs
 *(.eh_frame)
 .eh_frame      0x0000000008005588        0x0 /Applications/STMicroelectronics/STM32CubeIDE.app/Contents/Eclipse/plugins/com.st.stm32cube.ide.mcu.externaltools.gnu-tools-for-stm32.7-2018-q2-update.macos64_1.4.0.202007081208/tools/bin/../lib/gcc/arm-none-eabi/7.3.1/thumb/v7e-m/fpv4-sp/hard/crtbegin.o
 *(.init)
 .init          0x0000000008005588        0x4 /Applications/STMicroelectronics/STM32CubeIDE.app/Contents/Eclipse/plugins/com.st.stm32cube.ide.mcu.externaltools.gnu-tools-for-stm32.7-2018-q2-update.macos64_1.4.0.202007081208/tools/bin/../lib/gcc/arm-none-eabi/7.3.1/thumb/v7e-m/fpv4-sp/hard/crti.o
                0x0000000008005588                _init
 .init          0x000000000800558c        0x8 /Applications/STMicroelectronics/STM32CubeIDE.app/Contents/Eclipse/plugins/com.st.stm32cube.ide.mcu.externaltools.gnu-tools-for-stm32.7-2018-q2-update.macos64_1.4.0.202007081208/tools/bin/../lib/gcc/arm-none-eabi/7.3.1/thumb/v7e-m/fpv4-sp/hard/crtn.o
 *(.fini)
 .fini          0x0000000008005594        0x4 /Applications/STMicroelectronics/STM32CubeIDE.app/Contents/Eclipse/plugins/com.st.stm32cube.ide.mcu.externaltools.gnu-tools-for-stm32.7-2018-q2-update.macos64_1.4.0.202007081208/tools/bin/../lib/gcc/arm-none-eabi/7.3.1/thumb/v7e-m/fpv4-sp/hard/crti.o
                0x0000000008005594                _fini
 .fini          0x0000000008005598        0x8 /Applications/STMicroelectronics/STM32CubeIDE.app/Contents/Eclipse/plugins/com.st.stm32cube.ide.mcu.externaltools.gnu-tools-for-stm32.7-2018-q2-update.macos64_1.4.0.202007081208/tools/bin/../lib/gcc/arm-none-eabi/7.3.1/thumb/v7e-m/fpv4-sp/hard/crtn.o
                0x00000000080055a0                . = ALIGN (0x4)
                0x00000000080055a0                _etext = .

.vfp11_veneer   0x00000000080055a0        0x0
 .vfp11_veneer  0x00000000080055a0        0x0 linker stubs

.v4_bx          0x00000000080055a0        0x0
 .v4_bx         0x00000000080055a0        0x0 linker stubs

.iplt           0x00000000080055a0        0x0
 .iplt          0x00000000080055a0        0x0 /Applications/STMicroelectronics/STM32CubeIDE.app/Contents/Eclipse/plugins/com.st.stm32cube.ide.mcu.externaltools.gnu-tools-for-stm32.7-2018-q2-update.macos64_1.4.0.202007081208/tools/bin/../lib/gcc/arm-none-eabi/7.3.1/thumb/v7e-m/fpv4-sp/hard/crtbegin.o

.rodata         0x00000000080055a0       0x48
                0x00000000080055a0                . = ALIGN (0x4)
 *(.rodata)
 *(.rodata*)
 .rodata.AHBPrescTable
                0x00000000080055a0       0x10 Src/system_stm32l4xx.o
                0x00000000080055a0                AHBPrescTable
 .rodata.APBPrescTable
                0x00000000080055b0        0x8 Src/system_stm32l4xx.o
                0x00000000080055b0                APBPrescTable
 .rodata.MSIRangeTable
                0x00000000080055b8       0x30 Src/system_stm32l4xx.o
                0x00000000080055b8                MSIRangeTable
                0x00000000080055e8                . = ALIGN (0x4)

.ARM.extab      0x00000000080055e8        0x0
                0x00000000080055e8                . = ALIGN (0x4)
 *(.ARM.extab* .gnu.linkonce.armextab.*)
                0x00000000080055e8                . = ALIGN (0x4)

.ARM            0x00000000080055e8        0x8
                0x00000000080055e8                . = ALIGN (0x4)
                0x00000000080055e8                __exidx_start = .
 *(.ARM.exidx*)
 .ARM.exidx     0x00000000080055e8        0x8 /Applications/STMicroelectronics/STM32CubeIDE.app/Contents/Eclipse/plugins/com.st.stm32cube.ide.mcu.externaltools.gnu-tools-for-stm32.7-2018-q2-update.macos64_1.4.0.202007081208/tools/bin/../lib/gcc/arm-none-eabi/7.3.1/thumb/v7e-m/fpv4-sp/hard/libgcc.a(_udivmoddi4.o)
                0x00000000080055f0                __exidx_end = .
                0x00000000080055f0                . = ALIGN (0x4)

.rel.dyn        0x00000000080055f0        0x0
 .rel.iplt      0x00000000080055f0        0x0 /Applications/STMicroelectronics/STM32CubeIDE.app/Contents/Eclipse/plugins/com.st.stm32cube.ide.mcu.externaltools.gnu-tools-for-stm32.7-2018-q2-update.macos64_1.4.0.202007081208/tools/bin/../lib/gcc/arm-none-eabi/7.3.1/thumb/v7e-m/fpv4-sp/hard/crtbegin.o

.preinit_array  0x00000000080055f0        0x0
                0x00000000080055f0                . = ALIGN (0x4)
                0x00000000080055f0                PROVIDE (__preinit_array_start = .)
 *(.preinit_array*)
                0x00000000080055f0                PROVIDE (__preinit_array_end = .)
                0x00000000080055f0                . = ALIGN (0x4)

.init_array     0x00000000080055f0        0x4
                0x00000000080055f0                . = ALIGN (0x4)
                0x00000000080055f0                PROVIDE (__init_array_start = .)
 *(SORT_BY_NAME(.init_array.*))
 *(.init_array*)
 .init_array    0x00000000080055f0        0x4 /Applications/STMicroelectronics/STM32CubeIDE.app/Contents/Eclipse/plugins/com.st.stm32cube.ide.mcu.externaltools.gnu-tools-for-stm32.7-2018-q2-update.macos64_1.4.0.202007081208/tools/bin/../lib/gcc/arm-none-eabi/7.3.1/thumb/v7e-m/fpv4-sp/hard/crtbegin.o
                0x00000000080055f4                PROVIDE (__init_array_end = .)
                0x00000000080055f4                . = ALIGN (0x4)

.fini_array     0x00000000080055f4        0x4
                0x00000000080055f4                . = ALIGN (0x4)
                [!provide]                        PROVIDE (__fini_array_start = .)
 *(SORT_BY_NAME(.fini_array.*))
 *(.fini_array*)
 .fini_array    0x00000000080055f4        0x4 /Applications/STMicroelectronics/STM32CubeIDE.app/Contents/Eclipse/plugins/com.st.stm32cube.ide.mcu.externaltools.gnu-tools-for-stm32.7-2018-q2-update.macos64_1.4.0.202007081208/tools/bin/../lib/gcc/arm-none-eabi/7.3.1/thumb/v7e-m/fpv4-sp/hard/crtbegin.o
                [!provide]                        PROVIDE (__fini_array_end = .)
                0x00000000080055f8                . = ALIGN (0x4)
                0x00000000080055f8                _sidata = LOADADDR (.data)

.data           0x0000000020000000       0x94 load address 0x00000000080055f8
                0x0000000020000000                . = ALIGN (0x4)
                0x0000000020000000                _sdata = .
 *(.data)
 *(.data*)
 .data.uwTickPrio
                0x0000000020000000        0x4 Drivers/STM32L4xx_HAL_Driver/Src/stm32l4xx_hal.o
                0x0000000020000000                uwTickPrio
 .data.uwTickFreq
                0x0000000020000004        0x1 Drivers/STM32L4xx_HAL_Driver/Src/stm32l4xx_hal.o
                0x0000000020000004                uwTickFreq
 *fill*         0x0000000020000005        0x3 
 .data.HTS221_H_Drv
                0x0000000020000008        0xc Src/hts221.o
                0x0000000020000008                HTS221_H_Drv
 .data.HTS221_T_Drv
                0x0000000020000014       0x10 Src/hts221.o
                0x0000000020000014                HTS221_T_Drv
 .data.Lsm6dslAccDrv
                0x0000000020000024       0x34 Src/lsm6dsl.o
                0x0000000020000024                Lsm6dslAccDrv
 .data.Lsm6dslGyroDrv
                0x0000000020000058       0x34 Src/lsm6dsl.o
                0x0000000020000058                Lsm6dslGyroDrv
 .data.acc_y_ref
                0x000000002000008c        0x1 Src/main.o
                0x000000002000008c                acc_y_ref
 *fill*         0x000000002000008d        0x3 
 .data.SystemCoreClock
                0x0000000020000090        0x4 Src/system_stm32l4xx.o
                0x0000000020000090                SystemCoreClock
                0x0000000020000094                . = ALIGN (0x4)
                0x0000000020000094                _edata = .

.igot.plt       0x0000000020000094        0x0 load address 0x000000000800568c
 .igot.plt      0x0000000020000094        0x0 /Applications/STMicroelectronics/STM32CubeIDE.app/Contents/Eclipse/plugins/com.st.stm32cube.ide.mcu.externaltools.gnu-tools-for-stm32.7-2018-q2-update.macos64_1.4.0.202007081208/tools/bin/../lib/gcc/arm-none-eabi/7.3.1/thumb/v7e-m/fpv4-sp/hard/crtbegin.o
                0x0000000020000094                . = ALIGN (0x4)

.bss            0x0000000020000094      0x314 load address 0x000000000800568c
                0x0000000020000094                _sbss = .
                0x0000000020000094                __bss_start__ = _sbss
 *(.bss)
 .bss           0x0000000020000094       0x1c /Applications/STMicroelectronics/STM32CubeIDE.app/Contents/Eclipse/plugins/com.st.stm32cube.ide.mcu.externaltools.gnu-tools-for-stm32.7-2018-q2-update.macos64_1.4.0.202007081208/tools/bin/../lib/gcc/arm-none-eabi/7.3.1/thumb/v7e-m/fpv4-sp/hard/crtbegin.o
 *(.bss*)
 .bss.acceleroReading
                0x00000000200000b0        0x6 Src/main.o
                0x00000000200000b0                acceleroReading
 *fill*         0x00000000200000b6        0x2 
 .bss.accelerationx_f
                0x00000000200000b8        0x4 Src/main.o
                0x00000000200000b8                accelerationx_f
 .bss.accelerationy_f
                0x00000000200000bc        0x4 Src/main.o
                0x00000000200000bc                accelerationy_f
 .bss.accelerationz_f
                0x00000000200000c0        0x4 Src/main.o
                0x00000000200000c0                accelerationz_f
 .bss.velocityx
                0x00000000200000c4        0x4 Src/main.o
                0x00000000200000c4                velocityx
 .bss.counter   0x00000000200000c8        0x4 Src/main.o
                0x00000000200000c8                counter
 .bss.num_pushups
                0x00000000200000cc        0x1 Src/main.o
                0x00000000200000cc                num_pushups
 .bss.integral_y
                0x00000000200000cd        0x1 Src/main.o
                0x00000000200000cd                integral_y
 *fill*         0x00000000200000ce        0x2 
 .bss.AccelerometerDrv
                0x00000000200000d0        0x4 Src/stm32l475e_iot01_accelero.o
 .bss.GyroscopeDrv
                0x00000000200000d4        0x4 Src/stm32l475e_iot01_gyro.o
 .bss.Hsensor_drv
                0x00000000200000d8        0x4 Src/stm32l475e_iot01_hsensor.o
 .bss.tsensor_drv
                0x00000000200000dc        0x4 Src/stm32l475e_iot01_tsensor.o
 *(COMMON)
 COMMON         0x00000000200000e0        0x4 Drivers/STM32L4xx_HAL_Driver/Src/stm32l4xx_hal.o
                0x00000000200000e0                uwTick
 COMMON         0x00000000200000e4      0x1f8 Src/main.o
                0x00000000200000e4                temperatureStr
                0x00000000200000f8                hi2c1
                0x0000000020000144                Sample_Z
                0x0000000020000148                AxBuff
                0x0000000020000184                sstatey
                0x0000000020000188                accelerometerStr
                0x00000000200001a8                huart1
                0x0000000020000228                Sample_Y
                0x000000002000022a                sstatex
                0x000000002000022c                sstatez
                0x0000000020000230                gyroscopeStr
                0x0000000020000250                htim2
                0x000000002000029c                humidityStr
                0x00000000200002b0                AzBuff
                0x00000000200002c4                Sample_X
                0x00000000200002c8                AyBuff
 COMMON         0x00000000200002dc       0xcc Src/stm32l475e_iot01.o
                0x00000000200002dc                hDiscoUart
                0x000000002000035c                hI2cHandler
                0x00000000200003a8                . = ALIGN (0x4)
                0x00000000200003a8                _ebss = .
                0x00000000200003a8                __bss_end__ = _ebss

._user_heap_stack
                0x00000000200003a8      0x600 load address 0x000000000800568c
                0x00000000200003a8                . = ALIGN (0x8)
                [!provide]                        PROVIDE (end = .)
                0x00000000200003a8                PROVIDE (_end = .)
                0x00000000200005a8                . = (. + _Min_Heap_Size)
 *fill*         0x00000000200003a8      0x200 
                0x00000000200009a8                . = (. + _Min_Stack_Size)
 *fill*         0x00000000200005a8      0x400 
                0x00000000200009a8                . = ALIGN (0x8)

/DISCARD/
 libc.a(*)
 libm.a(*)
 libgcc.a(*)

.ARM.attributes
                0x0000000000000000       0x30
 *(.ARM.attributes)
 .ARM.attributes
                0x0000000000000000       0x22 /Applications/STMicroelectronics/STM32CubeIDE.app/Contents/Eclipse/plugins/com.st.stm32cube.ide.mcu.externaltools.gnu-tools-for-stm32.7-2018-q2-update.macos64_1.4.0.202007081208/tools/bin/../lib/gcc/arm-none-eabi/7.3.1/thumb/v7e-m/fpv4-sp/hard/crti.o
 .ARM.attributes
                0x0000000000000022       0x34 /Applications/STMicroelectronics/STM32CubeIDE.app/Contents/Eclipse/plugins/com.st.stm32cube.ide.mcu.externaltools.gnu-tools-for-stm32.7-2018-q2-update.macos64_1.4.0.202007081208/tools/bin/../lib/gcc/arm-none-eabi/7.3.1/thumb/v7e-m/fpv4-sp/hard/crtbegin.o
 .ARM.attributes
                0x0000000000000056       0x39 Drivers/STM32L4xx_HAL_Driver/Src/stm32l4xx_hal.o
 .ARM.attributes
                0x000000000000008f       0x39 Drivers/STM32L4xx_HAL_Driver/Src/stm32l4xx_hal_cortex.o
 .ARM.attributes
                0x00000000000000c8       0x39 Drivers/STM32L4xx_HAL_Driver/Src/stm32l4xx_hal_gpio.o
 .ARM.attributes
                0x0000000000000101       0x39 Drivers/STM32L4xx_HAL_Driver/Src/stm32l4xx_hal_i2c.o
 .ARM.attributes
                0x000000000000013a       0x39 Drivers/STM32L4xx_HAL_Driver/Src/stm32l4xx_hal_i2c_ex.o
 .ARM.attributes
                0x0000000000000173       0x39 Drivers/STM32L4xx_HAL_Driver/Src/stm32l4xx_hal_pwr_ex.o
 .ARM.attributes
                0x00000000000001ac       0x39 Drivers/STM32L4xx_HAL_Driver/Src/stm32l4xx_hal_rcc.o
 .ARM.attributes
                0x00000000000001e5       0x39 Drivers/STM32L4xx_HAL_Driver/Src/stm32l4xx_hal_rcc_ex.o
 .ARM.attributes
                0x000000000000021e       0x39 Drivers/STM32L4xx_HAL_Driver/Src/stm32l4xx_hal_tim.o
 .ARM.attributes
                0x0000000000000257       0x39 Drivers/STM32L4xx_HAL_Driver/Src/stm32l4xx_hal_tim_ex.o
 .ARM.attributes
                0x0000000000000290       0x39 Drivers/STM32L4xx_HAL_Driver/Src/stm32l4xx_hal_uart.o
 .ARM.attributes
                0x00000000000002c9       0x39 Src/hts221.o
 .ARM.attributes
                0x0000000000000302       0x39 Src/lsm6dsl.o
 .ARM.attributes
                0x000000000000033b       0x39 Src/main.o
 .ARM.attributes
                0x0000000000000374       0x39 Src/stm32l475e_iot01.o
 .ARM.attributes
                0x00000000000003ad       0x39 Src/stm32l475e_iot01_accelero.o
 .ARM.attributes
                0x00000000000003e6       0x39 Src/stm32l475e_iot01_gyro.o
 .ARM.attributes
                0x000000000000041f       0x39 Src/stm32l475e_iot01_hsensor.o
 .ARM.attributes
                0x0000000000000458       0x39 Src/stm32l475e_iot01_tsensor.o
 .ARM.attributes
                0x0000000000000491       0x39 Src/stm32l4xx_hal_msp.o
 .ARM.attributes
                0x00000000000004ca       0x39 Src/stm32l4xx_it.o
 .ARM.attributes
                0x0000000000000503       0x39 Src/system_stm32l4xx.o
 .ARM.attributes
                0x000000000000053c       0x21 Startup/startup_stm32l475vgtx.o
 .ARM.attributes
                0x000000000000055d       0x34 /Applications/STMicroelectronics/STM32CubeIDE.app/Contents/Eclipse/plugins/com.st.stm32cube.ide.mcu.externaltools.gnu-tools-for-stm32.7-2018-q2-update.macos64_1.4.0.202007081208/tools/bin/../lib/gcc/arm-none-eabi/7.3.1/../../../../arm-none-eabi/lib/thumb/v7e-m/fpv4-sp/hard/libc_nano.a(lib_a-init.o)
 .ARM.attributes
                0x0000000000000591       0x34 /Applications/STMicroelectronics/STM32CubeIDE.app/Contents/Eclipse/plugins/com.st.stm32cube.ide.mcu.externaltools.gnu-tools-for-stm32.7-2018-q2-update.macos64_1.4.0.202007081208/tools/bin/../lib/gcc/arm-none-eabi/7.3.1/../../../../arm-none-eabi/lib/thumb/v7e-m/fpv4-sp/hard/libc_nano.a(lib_a-memset.o)
 .ARM.attributes
                0x00000000000005c5       0x22 /Applications/STMicroelectronics/STM32CubeIDE.app/Contents/Eclipse/plugins/com.st.stm32cube.ide.mcu.externaltools.gnu-tools-for-stm32.7-2018-q2-update.macos64_1.4.0.202007081208/tools/bin/../lib/gcc/arm-none-eabi/7.3.1/thumb/v7e-m/fpv4-sp/hard/libgcc.a(_aeabi_uldivmod.o)
 .ARM.attributes
                0x00000000000005e7       0x34 /Applications/STMicroelectronics/STM32CubeIDE.app/Contents/Eclipse/plugins/com.st.stm32cube.ide.mcu.externaltools.gnu-tools-for-stm32.7-2018-q2-update.macos64_1.4.0.202007081208/tools/bin/../lib/gcc/arm-none-eabi/7.3.1/thumb/v7e-m/fpv4-sp/hard/libgcc.a(_udivmoddi4.o)
 .ARM.attributes
                0x000000000000061b       0x22 /Applications/STMicroelectronics/STM32CubeIDE.app/Contents/Eclipse/plugins/com.st.stm32cube.ide.mcu.externaltools.gnu-tools-for-stm32.7-2018-q2-update.macos64_1.4.0.202007081208/tools/bin/../lib/gcc/arm-none-eabi/7.3.1/thumb/v7e-m/fpv4-sp/hard/libgcc.a(_dvmd_tls.o)
 .ARM.attributes
                0x000000000000063d       0x22 /Applications/STMicroelectronics/STM32CubeIDE.app/Contents/Eclipse/plugins/com.st.stm32cube.ide.mcu.externaltools.gnu-tools-for-stm32.7-2018-q2-update.macos64_1.4.0.202007081208/tools/bin/../lib/gcc/arm-none-eabi/7.3.1/thumb/v7e-m/fpv4-sp/hard/crtn.o
OUTPUT(utp_FinalProject.elf elf32-littlearm)

.debug_info     0x0000000000000000    0x15630
 .debug_info    0x0000000000000000      0xc1a Drivers/STM32L4xx_HAL_Driver/Src/stm32l4xx_hal.o
 .debug_info    0x0000000000000c1a      0xf67 Drivers/STM32L4xx_HAL_Driver/Src/stm32l4xx_hal_cortex.o
 .debug_info    0x0000000000001b81      0x9c2 Drivers/STM32L4xx_HAL_Driver/Src/stm32l4xx_hal_gpio.o
 .debug_info    0x0000000000002543     0x210d Drivers/STM32L4xx_HAL_Driver/Src/stm32l4xx_hal_i2c.o
 .debug_info    0x0000000000004650      0xb72 Drivers/STM32L4xx_HAL_Driver/Src/stm32l4xx_hal_i2c_ex.o
 .debug_info    0x00000000000051c2      0xb35 Drivers/STM32L4xx_HAL_Driver/Src/stm32l4xx_hal_pwr_ex.o
 .debug_info    0x0000000000005cf7      0xd2f Drivers/STM32L4xx_HAL_Driver/Src/stm32l4xx_hal_rcc.o
 .debug_info    0x0000000000006a26      0xf41 Drivers/STM32L4xx_HAL_Driver/Src/stm32l4xx_hal_rcc_ex.o
 .debug_info    0x0000000000007967     0x2a61 Drivers/STM32L4xx_HAL_Driver/Src/stm32l4xx_hal_tim.o
 .debug_info    0x000000000000a3c8     0x167e Drivers/STM32L4xx_HAL_Driver/Src/stm32l4xx_hal_tim_ex.o
 .debug_info    0x000000000000ba46     0x1830 Drivers/STM32L4xx_HAL_Driver/Src/stm32l4xx_hal_uart.o
 .debug_info    0x000000000000d276      0x462 Src/hts221.o
 .debug_info    0x000000000000d6d8      0x540 Src/lsm6dsl.o
 .debug_info    0x000000000000dc18     0x2496 Src/main.o
 .debug_info    0x00000000000100ae     0x1a64 Src/stm32l475e_iot01.o
 .debug_info    0x0000000000011b12      0x651 Src/stm32l475e_iot01_accelero.o
 .debug_info    0x0000000000012163      0x63a Src/stm32l475e_iot01_gyro.o
 .debug_info    0x000000000001279d      0x4c3 Src/stm32l475e_iot01_hsensor.o
 .debug_info    0x0000000000012c60      0x4ae Src/stm32l475e_iot01_tsensor.o
 .debug_info    0x000000000001310e     0x1508 Src/stm32l4xx_hal_msp.o
 .debug_info    0x0000000000014616      0x8d1 Src/stm32l4xx_it.o
 .debug_info    0x0000000000014ee7      0x727 Src/system_stm32l4xx.o
 .debug_info    0x000000000001560e       0x22 Startup/startup_stm32l475vgtx.o

.debug_abbrev   0x0000000000000000     0x28c7
 .debug_abbrev  0x0000000000000000      0x1fb Drivers/STM32L4xx_HAL_Driver/Src/stm32l4xx_hal.o
 .debug_abbrev  0x00000000000001fb      0x2fa Drivers/STM32L4xx_HAL_Driver/Src/stm32l4xx_hal_cortex.o
 .debug_abbrev  0x00000000000004f5      0x1c0 Drivers/STM32L4xx_HAL_Driver/Src/stm32l4xx_hal_gpio.o
 .debug_abbrev  0x00000000000006b5      0x22a Drivers/STM32L4xx_HAL_Driver/Src/stm32l4xx_hal_i2c.o
 .debug_abbrev  0x00000000000008df      0x1b9 Drivers/STM32L4xx_HAL_Driver/Src/stm32l4xx_hal_i2c_ex.o
 .debug_abbrev  0x0000000000000a98      0x1cb Drivers/STM32L4xx_HAL_Driver/Src/stm32l4xx_hal_pwr_ex.o
 .debug_abbrev  0x0000000000000c63      0x245 Drivers/STM32L4xx_HAL_Driver/Src/stm32l4xx_hal_rcc.o
 .debug_abbrev  0x0000000000000ea8      0x238 Drivers/STM32L4xx_HAL_Driver/Src/stm32l4xx_hal_rcc_ex.o
 .debug_abbrev  0x00000000000010e0      0x230 Drivers/STM32L4xx_HAL_Driver/Src/stm32l4xx_hal_tim.o
 .debug_abbrev  0x0000000000001310      0x236 Drivers/STM32L4xx_HAL_Driver/Src/stm32l4xx_hal_tim_ex.o
 .debug_abbrev  0x0000000000001546      0x205 Drivers/STM32L4xx_HAL_Driver/Src/stm32l4xx_hal_uart.o
 .debug_abbrev  0x000000000000174b      0x125 Src/hts221.o
 .debug_abbrev  0x0000000000001870      0x194 Src/lsm6dsl.o
 .debug_abbrev  0x0000000000001a04      0x2d9 Src/main.o
 .debug_abbrev  0x0000000000001cdd      0x26f Src/stm32l475e_iot01.o
 .debug_abbrev  0x0000000000001f4c      0x15f Src/stm32l475e_iot01_accelero.o
 .debug_abbrev  0x00000000000020ab      0x15f Src/stm32l475e_iot01_gyro.o
 .debug_abbrev  0x000000000000220a      0x128 Src/stm32l475e_iot01_hsensor.o
 .debug_abbrev  0x0000000000002332      0x128 Src/stm32l475e_iot01_tsensor.o
 .debug_abbrev  0x000000000000245a      0x1b1 Src/stm32l4xx_hal_msp.o
 .debug_abbrev  0x000000000000260b      0x15a Src/stm32l4xx_it.o
 .debug_abbrev  0x0000000000002765      0x150 Src/system_stm32l4xx.o
 .debug_abbrev  0x00000000000028b5       0x12 Startup/startup_stm32l475vgtx.o

.debug_aranges  0x0000000000000000     0x1398
 .debug_aranges
                0x0000000000000000      0x130 Drivers/STM32L4xx_HAL_Driver/Src/stm32l4xx_hal.o
 .debug_aranges
                0x0000000000000130      0x118 Drivers/STM32L4xx_HAL_Driver/Src/stm32l4xx_hal_cortex.o
 .debug_aranges
                0x0000000000000248       0x58 Drivers/STM32L4xx_HAL_Driver/Src/stm32l4xx_hal_gpio.o
 .debug_aranges
                0x00000000000002a0      0x290 Drivers/STM32L4xx_HAL_Driver/Src/stm32l4xx_hal_i2c.o
 .debug_aranges
                0x0000000000000530       0x48 Drivers/STM32L4xx_HAL_Driver/Src/stm32l4xx_hal_i2c_ex.o
 .debug_aranges
                0x0000000000000578      0x150 Drivers/STM32L4xx_HAL_Driver/Src/stm32l4xx_hal_pwr_ex.o
 .debug_aranges
                0x00000000000006c8       0x88 Drivers/STM32L4xx_HAL_Driver/Src/stm32l4xx_hal_rcc.o
 .debug_aranges
                0x0000000000000750       0xc0 Drivers/STM32L4xx_HAL_Driver/Src/stm32l4xx_hal_rcc_ex.o
 .debug_aranges
                0x0000000000000810      0x3e0 Drivers/STM32L4xx_HAL_Driver/Src/stm32l4xx_hal_tim.o
 .debug_aranges
                0x0000000000000bf0      0x180 Drivers/STM32L4xx_HAL_Driver/Src/stm32l4xx_hal_tim_ex.o
 .debug_aranges
                0x0000000000000d70      0x210 Drivers/STM32L4xx_HAL_Driver/Src/stm32l4xx_hal_uart.o
 .debug_aranges
                0x0000000000000f80       0x40 Src/hts221.o
 .debug_aranges
                0x0000000000000fc0       0x68 Src/lsm6dsl.o
 .debug_aranges
                0x0000000000001028       0x70 Src/main.o
 .debug_aranges
                0x0000000000001098      0x130 Src/stm32l475e_iot01.o
 .debug_aranges
                0x00000000000011c8       0x38 Src/stm32l475e_iot01_accelero.o
 .debug_aranges
                0x0000000000001200       0x38 Src/stm32l475e_iot01_gyro.o
 .debug_aranges
                0x0000000000001238       0x30 Src/stm32l475e_iot01_hsensor.o
 .debug_aranges
                0x0000000000001268       0x28 Src/stm32l475e_iot01_tsensor.o
 .debug_aranges
                0x0000000000001290       0x50 Src/stm32l4xx_hal_msp.o
 .debug_aranges
                0x00000000000012e0       0x68 Src/stm32l4xx_it.o
 .debug_aranges
                0x0000000000001348       0x28 Src/system_stm32l4xx.o
 .debug_aranges
                0x0000000000001370       0x28 Startup/startup_stm32l475vgtx.o

.debug_ranges   0x0000000000000000     0x1230
 .debug_ranges  0x0000000000000000      0x120 Drivers/STM32L4xx_HAL_Driver/Src/stm32l4xx_hal.o
 .debug_ranges  0x0000000000000120      0x108 Drivers/STM32L4xx_HAL_Driver/Src/stm32l4xx_hal_cortex.o
 .debug_ranges  0x0000000000000228       0x48 Drivers/STM32L4xx_HAL_Driver/Src/stm32l4xx_hal_gpio.o
 .debug_ranges  0x0000000000000270      0x280 Drivers/STM32L4xx_HAL_Driver/Src/stm32l4xx_hal_i2c.o
 .debug_ranges  0x00000000000004f0       0x38 Drivers/STM32L4xx_HAL_Driver/Src/stm32l4xx_hal_i2c_ex.o
 .debug_ranges  0x0000000000000528      0x140 Drivers/STM32L4xx_HAL_Driver/Src/stm32l4xx_hal_pwr_ex.o
 .debug_ranges  0x0000000000000668       0x78 Drivers/STM32L4xx_HAL_Driver/Src/stm32l4xx_hal_rcc.o
 .debug_ranges  0x00000000000006e0       0xb0 Drivers/STM32L4xx_HAL_Driver/Src/stm32l4xx_hal_rcc_ex.o
 .debug_ranges  0x0000000000000790      0x3d0 Drivers/STM32L4xx_HAL_Driver/Src/stm32l4xx_hal_tim.o
 .debug_ranges  0x0000000000000b60      0x170 Drivers/STM32L4xx_HAL_Driver/Src/stm32l4xx_hal_tim_ex.o
 .debug_ranges  0x0000000000000cd0      0x200 Drivers/STM32L4xx_HAL_Driver/Src/stm32l4xx_hal_uart.o
 .debug_ranges  0x0000000000000ed0       0x30 Src/hts221.o
 .debug_ranges  0x0000000000000f00       0x58 Src/lsm6dsl.o
 .debug_ranges  0x0000000000000f58       0x60 Src/main.o
 .debug_ranges  0x0000000000000fb8      0x120 Src/stm32l475e_iot01.o
 .debug_ranges  0x00000000000010d8       0x28 Src/stm32l475e_iot01_accelero.o
 .debug_ranges  0x0000000000001100       0x28 Src/stm32l475e_iot01_gyro.o
 .debug_ranges  0x0000000000001128       0x20 Src/stm32l475e_iot01_hsensor.o
 .debug_ranges  0x0000000000001148       0x18 Src/stm32l475e_iot01_tsensor.o
 .debug_ranges  0x0000000000001160       0x40 Src/stm32l4xx_hal_msp.o
 .debug_ranges  0x00000000000011a0       0x58 Src/stm32l4xx_it.o
 .debug_ranges  0x00000000000011f8       0x18 Src/system_stm32l4xx.o
 .debug_ranges  0x0000000000001210       0x20 Startup/startup_stm32l475vgtx.o

.debug_macro    0x0000000000000000    0x2806b
 .debug_macro   0x0000000000000000      0x227 Drivers/STM32L4xx_HAL_Driver/Src/stm32l4xx_hal.o
 .debug_macro   0x0000000000000227      0xa5a Drivers/STM32L4xx_HAL_Driver/Src/stm32l4xx_hal.o
 .debug_macro   0x0000000000000c81      0x1ad Drivers/STM32L4xx_HAL_Driver/Src/stm32l4xx_hal.o
 .debug_macro   0x0000000000000e2e       0x2e Drivers/STM32L4xx_HAL_Driver/Src/stm32l4xx_hal.o
 .debug_macro   0x0000000000000e5c       0x28 Drivers/STM32L4xx_HAL_Driver/Src/stm32l4xx_hal.o
 .debug_macro   0x0000000000000e84       0x22 Drivers/STM32L4xx_HAL_Driver/Src/stm32l4xx_hal.o
 .debug_macro   0x0000000000000ea6       0x8e Drivers/STM32L4xx_HAL_Driver/Src/stm32l4xx_hal.o
 .debug_macro   0x0000000000000f34       0x51 Drivers/STM32L4xx_HAL_Driver/Src/stm32l4xx_hal.o
 .debug_macro   0x0000000000000f85       0xef Drivers/STM32L4xx_HAL_Driver/Src/stm32l4xx_hal.o
 .debug_macro   0x0000000000001074       0x6a Drivers/STM32L4xx_HAL_Driver/Src/stm32l4xx_hal.o
 .debug_macro   0x00000000000010de      0x1df Drivers/STM32L4xx_HAL_Driver/Src/stm32l4xx_hal.o
 .debug_macro   0x00000000000012bd       0x1c Drivers/STM32L4xx_HAL_Driver/Src/stm32l4xx_hal.o
 .debug_macro   0x00000000000012d9       0x22 Drivers/STM32L4xx_HAL_Driver/Src/stm32l4xx_hal.o
 .debug_macro   0x00000000000012fb      0x101 Drivers/STM32L4xx_HAL_Driver/Src/stm32l4xx_hal.o
 .debug_macro   0x00000000000013fc     0x1011 Drivers/STM32L4xx_HAL_Driver/Src/stm32l4xx_hal.o
 .debug_macro   0x000000000000240d      0x11f Drivers/STM32L4xx_HAL_Driver/Src/stm32l4xx_hal.o
 .debug_macro   0x000000000000252c    0x19db6 Drivers/STM32L4xx_HAL_Driver/Src/stm32l4xx_hal.o
 .debug_macro   0x000000000001c2e2       0x43 Drivers/STM32L4xx_HAL_Driver/Src/stm32l4xx_hal.o
 .debug_macro   0x000000000001c325     0x3890 Drivers/STM32L4xx_HAL_Driver/Src/stm32l4xx_hal.o
 .debug_macro   0x000000000001fbb5      0x174 Drivers/STM32L4xx_HAL_Driver/Src/stm32l4xx_hal.o
 .debug_macro   0x000000000001fd29       0x5c Drivers/STM32L4xx_HAL_Driver/Src/stm32l4xx_hal.o
 .debug_macro   0x000000000001fd85     0x1519 Drivers/STM32L4xx_HAL_Driver/Src/stm32l4xx_hal.o
 .debug_macro   0x000000000002129e      0x59e Drivers/STM32L4xx_HAL_Driver/Src/stm32l4xx_hal.o
 .debug_macro   0x000000000002183c      0x13d Drivers/STM32L4xx_HAL_Driver/Src/stm32l4xx_hal.o
 .debug_macro   0x0000000000021979      0x17d Drivers/STM32L4xx_HAL_Driver/Src/stm32l4xx_hal.o
 .debug_macro   0x0000000000021af6      0x26b Drivers/STM32L4xx_HAL_Driver/Src/stm32l4xx_hal.o
 .debug_macro   0x0000000000021d61      0x23d Drivers/STM32L4xx_HAL_Driver/Src/stm32l4xx_hal.o
 .debug_macro   0x0000000000021f9e      0x241 Drivers/STM32L4xx_HAL_Driver/Src/stm32l4xx_hal.o
 .debug_macro   0x00000000000221df      0x37c Drivers/STM32L4xx_HAL_Driver/Src/stm32l4xx_hal.o
 .debug_macro   0x000000000002255b       0xd6 Drivers/STM32L4xx_HAL_Driver/Src/stm32l4xx_hal.o
 .debug_macro   0x0000000000022631      0x22c Drivers/STM32L4xx_HAL_Driver/Src/stm32l4xx_hal.o
 .debug_macro   0x000000000002285d       0x61 Drivers/STM32L4xx_HAL_Driver/Src/stm32l4xx_hal.o
 .debug_macro   0x00000000000228be       0xa5 Drivers/STM32L4xx_HAL_Driver/Src/stm32l4xx_hal.o
 .debug_macro   0x0000000000022963      0x122 Drivers/STM32L4xx_HAL_Driver/Src/stm32l4xx_hal.o
 .debug_macro   0x0000000000022a85      0x3e9 Drivers/STM32L4xx_HAL_Driver/Src/stm32l4xx_hal.o
 .debug_macro   0x0000000000022e6e      0xa75 Drivers/STM32L4xx_HAL_Driver/Src/stm32l4xx_hal.o
 .debug_macro   0x00000000000238e3      0x1e7 Drivers/STM32L4xx_HAL_Driver/Src/stm32l4xx_hal.o
 .debug_macro   0x0000000000023aca      0x59e Drivers/STM32L4xx_HAL_Driver/Src/stm32l4xx_hal.o
 .debug_macro   0x0000000000024068       0x44 Drivers/STM32L4xx_HAL_Driver/Src/stm32l4xx_hal.o
 .debug_macro   0x00000000000240ac      0x331 Drivers/STM32L4xx_HAL_Driver/Src/stm32l4xx_hal.o
 .debug_macro   0x00000000000243dd      0x1d9 Drivers/STM32L4xx_HAL_Driver/Src/stm32l4xx_hal_cortex.o
 .debug_macro   0x00000000000245b6      0x218 Drivers/STM32L4xx_HAL_Driver/Src/stm32l4xx_hal_gpio.o
 .debug_macro   0x00000000000247ce      0x29e Drivers/STM32L4xx_HAL_Driver/Src/stm32l4xx_hal_i2c.o
 .debug_macro   0x0000000000024a6c      0x1d9 Drivers/STM32L4xx_HAL_Driver/Src/stm32l4xx_hal_i2c_ex.o
 .debug_macro   0x0000000000024c45      0x1fd Drivers/STM32L4xx_HAL_Driver/Src/stm32l4xx_hal_pwr_ex.o
 .debug_macro   0x0000000000024e42      0x21b Drivers/STM32L4xx_HAL_Driver/Src/stm32l4xx_hal_rcc.o
 .debug_macro   0x000000000002505d      0x20f Drivers/STM32L4xx_HAL_Driver/Src/stm32l4xx_hal_rcc_ex.o
 .debug_macro   0x000000000002526c      0x1da Drivers/STM32L4xx_HAL_Driver/Src/stm32l4xx_hal_tim.o
 .debug_macro   0x0000000000025446      0x1d9 Drivers/STM32L4xx_HAL_Driver/Src/stm32l4xx_hal_tim_ex.o
 .debug_macro   0x000000000002561f      0x204 Drivers/STM32L4xx_HAL_Driver/Src/stm32l4xx_hal_uart.o
 .debug_macro   0x0000000000025823       0x86 Src/hts221.o
 .debug_macro   0x00000000000258a9      0x15f Src/hts221.o
 .debug_macro   0x0000000000025a08       0x86 Src/lsm6dsl.o
 .debug_macro   0x0000000000025a8e      0x428 Src/lsm6dsl.o
 .debug_macro   0x0000000000025eb6      0x3b5 Src/main.o
 .debug_macro   0x000000000002626b       0x10 Src/main.o
 .debug_macro   0x000000000002627b       0x46 Src/main.o
 .debug_macro   0x00000000000262c1       0x18 Src/main.o
 .debug_macro   0x00000000000262d9       0x3c Src/main.o
 .debug_macro   0x0000000000026315       0x34 Src/main.o
 .debug_macro   0x0000000000026349       0x16 Src/main.o
 .debug_macro   0x000000000002635f       0x35 Src/main.o
 .debug_macro   0x0000000000026394      0x32a Src/main.o
 .debug_macro   0x00000000000266be       0x10 Src/main.o
 .debug_macro   0x00000000000266ce       0x52 Src/main.o
 .debug_macro   0x0000000000026720       0x1f Src/main.o
 .debug_macro   0x000000000002673f       0x43 Src/main.o
 .debug_macro   0x0000000000026782       0x20 Src/main.o
 .debug_macro   0x00000000000267a2      0x1a3 Src/main.o
 .debug_macro   0x0000000000026945       0x10 Src/main.o
 .debug_macro   0x0000000000026955       0x1c Src/main.o
 .debug_macro   0x0000000000026971       0x52 Src/main.o
 .debug_macro   0x00000000000269c3       0x40 Src/main.o
 .debug_macro   0x0000000000026a03       0x10 Src/main.o
 .debug_macro   0x0000000000026a13       0x40 Src/main.o
 .debug_macro   0x0000000000026a53       0xd7 Src/main.o
 .debug_macro   0x0000000000026b2a       0x1c Src/main.o
 .debug_macro   0x0000000000026b46       0x3d Src/main.o
 .debug_macro   0x0000000000026b83       0x16 Src/main.o
 .debug_macro   0x0000000000026b99      0x145 Src/main.o
 .debug_macro   0x0000000000026cde      0x1c0 Src/main.o
 .debug_macro   0x0000000000026e9e      0x206 Src/stm32l475e_iot01.o
 .debug_macro   0x00000000000270a4      0x1ba Src/stm32l475e_iot01.o
 .debug_macro   0x000000000002725e      0x215 Src/stm32l475e_iot01_accelero.o
 .debug_macro   0x0000000000027473      0x215 Src/stm32l475e_iot01_gyro.o
 .debug_macro   0x0000000000027688      0x215 Src/stm32l475e_iot01_hsensor.o
 .debug_macro   0x000000000002789d      0x215 Src/stm32l475e_iot01_tsensor.o
 .debug_macro   0x0000000000027ab2      0x1e8 Src/stm32l4xx_hal_msp.o
 .debug_macro   0x0000000000027c9a      0x1f2 Src/stm32l4xx_it.o
 .debug_macro   0x0000000000027e8c      0x1df Src/system_stm32l4xx.o

.debug_line     0x0000000000000000    0x10cf7
 .debug_line    0x0000000000000000      0xa0b Drivers/STM32L4xx_HAL_Driver/Src/stm32l4xx_hal.o
 .debug_line    0x0000000000000a0b      0xa93 Drivers/STM32L4xx_HAL_Driver/Src/stm32l4xx_hal_cortex.o
 .debug_line    0x000000000000149e      0x926 Drivers/STM32L4xx_HAL_Driver/Src/stm32l4xx_hal_gpio.o
 .debug_line    0x0000000000001dc4     0x1b4d Drivers/STM32L4xx_HAL_Driver/Src/stm32l4xx_hal_i2c.o
 .debug_line    0x0000000000003911      0x8ae Drivers/STM32L4xx_HAL_Driver/Src/stm32l4xx_hal_i2c_ex.o
 .debug_line    0x00000000000041bf      0xb1f Drivers/STM32L4xx_HAL_Driver/Src/stm32l4xx_hal_pwr_ex.o
 .debug_line    0x0000000000004cde      0xa82 Drivers/STM32L4xx_HAL_Driver/Src/stm32l4xx_hal_rcc.o
 .debug_line    0x0000000000005760      0xd18 Drivers/STM32L4xx_HAL_Driver/Src/stm32l4xx_hal_rcc_ex.o
 .debug_line    0x0000000000006478     0x282b Drivers/STM32L4xx_HAL_Driver/Src/stm32l4xx_hal_tim.o
 .debug_line    0x0000000000008ca3     0x15fb Drivers/STM32L4xx_HAL_Driver/Src/stm32l4xx_hal_tim_ex.o
 .debug_line    0x000000000000a29e     0x131a Drivers/STM32L4xx_HAL_Driver/Src/stm32l4xx_hal_uart.o
 .debug_line    0x000000000000b5b8      0x466 Src/hts221.o
 .debug_line    0x000000000000ba1e      0x510 Src/lsm6dsl.o
 .debug_line    0x000000000000bf2e      0xb7a Src/main.o
 .debug_line    0x000000000000caa8      0xa7d Src/stm32l475e_iot01.o
 .debug_line    0x000000000000d525      0x805 Src/stm32l475e_iot01_accelero.o
 .debug_line    0x000000000000dd2a      0x7ff Src/stm32l475e_iot01_gyro.o
 .debug_line    0x000000000000e529      0x7e3 Src/stm32l475e_iot01_hsensor.o
 .debug_line    0x000000000000ed0c      0x7d1 Src/stm32l475e_iot01_tsensor.o
 .debug_line    0x000000000000f4dd      0x7ed Src/stm32l4xx_hal_msp.o
 .debug_line    0x000000000000fcca      0x81b Src/stm32l4xx_it.o
 .debug_line    0x00000000000104e5      0x790 Src/system_stm32l4xx.o
 .debug_line    0x0000000000010c75       0x82 Startup/startup_stm32l475vgtx.o

.debug_str      0x0000000000000000    0xf6c81
 .debug_str     0x0000000000000000    0xea879 Drivers/STM32L4xx_HAL_Driver/Src/stm32l4xx_hal.o
                                      0xeacf6 (size before relaxing)
 .debug_str     0x00000000000ea879      0x3dd Drivers/STM32L4xx_HAL_Driver/Src/stm32l4xx_hal_cortex.o
                                      0xeaa66 (size before relaxing)
 .debug_str     0x00000000000eac56      0x2c1 Drivers/STM32L4xx_HAL_Driver/Src/stm32l4xx_hal_gpio.o
                                      0xea49a (size before relaxing)
 .debug_str     0x00000000000eaf17     0x1114 Drivers/STM32L4xx_HAL_Driver/Src/stm32l4xx_hal_i2c.o
                                      0xeb32c (size before relaxing)
 .debug_str     0x00000000000ec02b       0xb8 Drivers/STM32L4xx_HAL_Driver/Src/stm32l4xx_hal_i2c_ex.o
                                      0xea724 (size before relaxing)
 .debug_str     0x00000000000ec0e3      0x4af Drivers/STM32L4xx_HAL_Driver/Src/stm32l4xx_hal_pwr_ex.o
                                      0xea736 (size before relaxing)
 .debug_str     0x00000000000ec592      0x522 Drivers/STM32L4xx_HAL_Driver/Src/stm32l4xx_hal_rcc.o
                                      0xea7dd (size before relaxing)
 .debug_str     0x00000000000ecab4      0x600 Drivers/STM32L4xx_HAL_Driver/Src/stm32l4xx_hal_rcc_ex.o
                                      0xea96e (size before relaxing)
 .debug_str     0x00000000000ed0b4     0x111a Drivers/STM32L4xx_HAL_Driver/Src/stm32l4xx_hal_tim.o
                                      0xeb4a3 (size before relaxing)
 .debug_str     0x00000000000ee1ce      0x684 Drivers/STM32L4xx_HAL_Driver/Src/stm32l4xx_hal_tim_ex.o
                                      0xead97 (size before relaxing)
 .debug_str     0x00000000000ee852      0xa11 Drivers/STM32L4xx_HAL_Driver/Src/stm32l4xx_hal_uart.o
                                      0xeadd2 (size before relaxing)
 .debug_str     0x00000000000ef263      0x87d Src/hts221.o
                                       0x4497 (size before relaxing)
 .debug_str     0x00000000000efae0     0x1816 Src/lsm6dsl.o
                                       0x547f (size before relaxing)
 .debug_str     0x00000000000f12f6     0x4fd4 Src/main.o
                                      0xf1eed (size before relaxing)
 .debug_str     0x00000000000f62ca      0x53b Src/stm32l475e_iot01.o
                                      0xebf92 (size before relaxing)
 .debug_str     0x00000000000f6805      0x175 Src/stm32l475e_iot01_accelero.o
                                      0xec5e4 (size before relaxing)
 .debug_str     0x00000000000f697a       0xa8 Src/stm32l475e_iot01_gyro.o
                                      0xec57e (size before relaxing)
 .debug_str     0x00000000000f6a22       0x84 Src/stm32l475e_iot01_hsensor.o
                                      0xeb501 (size before relaxing)
 .debug_str     0x00000000000f6aa6       0x6d Src/stm32l475e_iot01_tsensor.o
                                      0xeb4ea (size before relaxing)
 .debug_str     0x00000000000f6b13       0x25 Src/stm32l4xx_hal_msp.o
                                      0xeb0f0 (size before relaxing)
 .debug_str     0x00000000000f6b38       0xc8 Src/stm32l4xx_it.o
                                      0xea5c6 (size before relaxing)
 .debug_str     0x00000000000f6c00       0x50 Src/system_stm32l4xx.o
                                      0xea216 (size before relaxing)
 .debug_str     0x00000000000f6c50       0x31 Startup/startup_stm32l475vgtx.o
                                         0x6d (size before relaxing)

.comment        0x0000000000000000       0x7b
 .comment       0x0000000000000000       0x7b Drivers/STM32L4xx_HAL_Driver/Src/stm32l4xx_hal.o
                                         0x7c (size before relaxing)
 .comment       0x000000000000007b       0x7c Drivers/STM32L4xx_HAL_Driver/Src/stm32l4xx_hal_cortex.o
 .comment       0x000000000000007b       0x7c Drivers/STM32L4xx_HAL_Driver/Src/stm32l4xx_hal_gpio.o
 .comment       0x000000000000007b       0x7c Drivers/STM32L4xx_HAL_Driver/Src/stm32l4xx_hal_i2c.o
 .comment       0x000000000000007b       0x7c Drivers/STM32L4xx_HAL_Driver/Src/stm32l4xx_hal_i2c_ex.o
 .comment       0x000000000000007b       0x7c Drivers/STM32L4xx_HAL_Driver/Src/stm32l4xx_hal_pwr_ex.o
 .comment       0x000000000000007b       0x7c Drivers/STM32L4xx_HAL_Driver/Src/stm32l4xx_hal_rcc.o
 .comment       0x000000000000007b       0x7c Drivers/STM32L4xx_HAL_Driver/Src/stm32l4xx_hal_rcc_ex.o
 .comment       0x000000000000007b       0x7c Drivers/STM32L4xx_HAL_Driver/Src/stm32l4xx_hal_tim.o
 .comment       0x000000000000007b       0x7c Drivers/STM32L4xx_HAL_Driver/Src/stm32l4xx_hal_tim_ex.o
 .comment       0x000000000000007b       0x7c Drivers/STM32L4xx_HAL_Driver/Src/stm32l4xx_hal_uart.o
 .comment       0x000000000000007b       0x7c Src/hts221.o
 .comment       0x000000000000007b       0x7c Src/lsm6dsl.o
 .comment       0x000000000000007b       0x7c Src/main.o
 .comment       0x000000000000007b       0x7c Src/stm32l475e_iot01.o
 .comment       0x000000000000007b       0x7c Src/stm32l475e_iot01_accelero.o
 .comment       0x000000000000007b       0x7c Src/stm32l475e_iot01_gyro.o
 .comment       0x000000000000007b       0x7c Src/stm32l475e_iot01_hsensor.o
 .comment       0x000000000000007b       0x7c Src/stm32l475e_iot01_tsensor.o
 .comment       0x000000000000007b       0x7c Src/stm32l4xx_hal_msp.o
 .comment       0x000000000000007b       0x7c Src/stm32l4xx_it.o
 .comment       0x000000000000007b       0x7c Src/system_stm32l4xx.o

.debug_frame    0x0000000000000000     0x5184
 .debug_frame   0x0000000000000000      0x498 Drivers/STM32L4xx_HAL_Driver/Src/stm32l4xx_hal.o
 .debug_frame   0x0000000000000498      0x498 Drivers/STM32L4xx_HAL_Driver/Src/stm32l4xx_hal_cortex.o
 .debug_frame   0x0000000000000930      0x14c Drivers/STM32L4xx_HAL_Driver/Src/stm32l4xx_hal_gpio.o
 .debug_frame   0x0000000000000a7c      0xbe8 Drivers/STM32L4xx_HAL_Driver/Src/stm32l4xx_hal_i2c.o
 .debug_frame   0x0000000000001664      0x100 Drivers/STM32L4xx_HAL_Driver/Src/stm32l4xx_hal_i2c_ex.o
 .debug_frame   0x0000000000001764      0x544 Drivers/STM32L4xx_HAL_Driver/Src/stm32l4xx_hal_pwr_ex.o
 .debug_frame   0x0000000000001ca8      0x1f4 Drivers/STM32L4xx_HAL_Driver/Src/stm32l4xx_hal_rcc.o
 .debug_frame   0x0000000000001e9c      0x2fc Drivers/STM32L4xx_HAL_Driver/Src/stm32l4xx_hal_rcc_ex.o
 .debug_frame   0x0000000000002198     0x121c Drivers/STM32L4xx_HAL_Driver/Src/stm32l4xx_hal_tim.o
 .debug_frame   0x00000000000033b4      0x6b0 Drivers/STM32L4xx_HAL_Driver/Src/stm32l4xx_hal_tim_ex.o
 .debug_frame   0x0000000000003a64      0x974 Drivers/STM32L4xx_HAL_Driver/Src/stm32l4xx_hal_uart.o
 .debug_frame   0x00000000000043d8       0xc4 Src/hts221.o
 .debug_frame   0x000000000000449c      0x168 Src/lsm6dsl.o
 .debug_frame   0x0000000000004604      0x178 Src/main.o
 .debug_frame   0x000000000000477c      0x4e0 Src/stm32l475e_iot01.o
 .debug_frame   0x0000000000004c5c       0x98 Src/stm32l475e_iot01_accelero.o
 .debug_frame   0x0000000000004cf4       0x98 Src/stm32l475e_iot01_gyro.o
 .debug_frame   0x0000000000004d8c       0x6c Src/stm32l475e_iot01_hsensor.o
 .debug_frame   0x0000000000004df8       0x50 Src/stm32l475e_iot01_tsensor.o
 .debug_frame   0x0000000000004e48      0x110 Src/stm32l4xx_hal_msp.o
 .debug_frame   0x0000000000004f58      0x128 Src/stm32l4xx_it.o
 .debug_frame   0x0000000000005080       0x58 Src/system_stm32l4xx.o
 .debug_frame   0x00000000000050d8       0x2c /Applications/STMicroelectronics/STM32CubeIDE.app/Contents/Eclipse/plugins/com.st.stm32cube.ide.mcu.externaltools.gnu-tools-for-stm32.7-2018-q2-update.macos64_1.4.0.202007081208/tools/bin/../lib/gcc/arm-none-eabi/7.3.1/../../../../arm-none-eabi/lib/thumb/v7e-m/fpv4-sp/hard/libc_nano.a(lib_a-init.o)
 .debug_frame   0x0000000000005104       0x20 /Applications/STMicroelectronics/STM32CubeIDE.app/Contents/Eclipse/plugins/com.st.stm32cube.ide.mcu.externaltools.gnu-tools-for-stm32.7-2018-q2-update.macos64_1.4.0.202007081208/tools/bin/../lib/gcc/arm-none-eabi/7.3.1/../../../../arm-none-eabi/lib/thumb/v7e-m/fpv4-sp/hard/libc_nano.a(lib_a-memset.o)
 .debug_frame   0x0000000000005124       0x2c /Applications/STMicroelectronics/STM32CubeIDE.app/Contents/Eclipse/plugins/com.st.stm32cube.ide.mcu.externaltools.gnu-tools-for-stm32.7-2018-q2-update.macos64_1.4.0.202007081208/tools/bin/../lib/gcc/arm-none-eabi/7.3.1/thumb/v7e-m/fpv4-sp/hard/libgcc.a(_aeabi_uldivmod.o)
 .debug_frame   0x0000000000005150       0x34 /Applications/STMicroelectronics/STM32CubeIDE.app/Contents/Eclipse/plugins/com.st.stm32cube.ide.mcu.externaltools.gnu-tools-for-stm32.7-2018-q2-update.macos64_1.4.0.202007081208/tools/bin/../lib/gcc/arm-none-eabi/7.3.1/thumb/v7e-m/fpv4-sp/hard/libgcc.a(_udivmoddi4.o)
