Archive member included to satisfy reference by file (symbol)

/Applications/STM32CubeIDE.app/Contents/Eclipse/plugins/com.st.stm32cube.ide.mcu.externaltools.gnu-tools-for-stm32.7-2018-q2-update.macos64_1.4.0.202007081208/tools/bin/../lib/gcc/arm-none-eabi/7.3.1/../../../../arm-none-eabi/lib/thumb/v7e-m/fpv4-sp/hard/libc_nano.a(lib_a-errno.o)
                              Src/syscalls.o (__errno)
/Applications/STM32CubeIDE.app/Contents/Eclipse/plugins/com.st.stm32cube.ide.mcu.externaltools.gnu-tools-for-stm32.7-2018-q2-update.macos64_1.4.0.202007081208/tools/bin/../lib/gcc/arm-none-eabi/7.3.1/../../../../arm-none-eabi/lib/thumb/v7e-m/fpv4-sp/hard/libc_nano.a(lib_a-exit.o)
                              /Applications/STM32CubeIDE.app/Contents/Eclipse/plugins/com.st.stm32cube.ide.mcu.externaltools.gnu-tools-for-stm32.7-2018-q2-update.macos64_1.4.0.202007081208/tools/bin/../lib/gcc/arm-none-eabi/7.3.1/../../../../arm-none-eabi/lib/thumb/v7e-m/fpv4-sp/hard/crt0.o (exit)
/Applications/STM32CubeIDE.app/Contents/Eclipse/plugins/com.st.stm32cube.ide.mcu.externaltools.gnu-tools-for-stm32.7-2018-q2-update.macos64_1.4.0.202007081208/tools/bin/../lib/gcc/arm-none-eabi/7.3.1/../../../../arm-none-eabi/lib/thumb/v7e-m/fpv4-sp/hard/libc_nano.a(lib_a-impure.o)
                              /Applications/STM32CubeIDE.app/Contents/Eclipse/plugins/com.st.stm32cube.ide.mcu.externaltools.gnu-tools-for-stm32.7-2018-q2-update.macos64_1.4.0.202007081208/tools/bin/../lib/gcc/arm-none-eabi/7.3.1/../../../../arm-none-eabi/lib/thumb/v7e-m/fpv4-sp/hard/libc_nano.a(lib_a-exit.o) (_global_impure_ptr)
/Applications/STM32CubeIDE.app/Contents/Eclipse/plugins/com.st.stm32cube.ide.mcu.externaltools.gnu-tools-for-stm32.7-2018-q2-update.macos64_1.4.0.202007081208/tools/bin/../lib/gcc/arm-none-eabi/7.3.1/../../../../arm-none-eabi/lib/thumb/v7e-m/fpv4-sp/hard/libc_nano.a(lib_a-init.o)
                              /Applications/STM32CubeIDE.app/Contents/Eclipse/plugins/com.st.stm32cube.ide.mcu.externaltools.gnu-tools-for-stm32.7-2018-q2-update.macos64_1.4.0.202007081208/tools/bin/../lib/gcc/arm-none-eabi/7.3.1/../../../../arm-none-eabi/lib/thumb/v7e-m/fpv4-sp/hard/crt0.o (__libc_init_array)
/Applications/STM32CubeIDE.app/Contents/Eclipse/plugins/com.st.stm32cube.ide.mcu.externaltools.gnu-tools-for-stm32.7-2018-q2-update.macos64_1.4.0.202007081208/tools/bin/../lib/gcc/arm-none-eabi/7.3.1/../../../../arm-none-eabi/lib/thumb/v7e-m/fpv4-sp/hard/libc_nano.a(lib_a-memset.o)
                              /Applications/STM32CubeIDE.app/Contents/Eclipse/plugins/com.st.stm32cube.ide.mcu.externaltools.gnu-tools-for-stm32.7-2018-q2-update.macos64_1.4.0.202007081208/tools/bin/../lib/gcc/arm-none-eabi/7.3.1/../../../../arm-none-eabi/lib/thumb/v7e-m/fpv4-sp/hard/crt0.o (memset)
/Applications/STM32CubeIDE.app/Contents/Eclipse/plugins/com.st.stm32cube.ide.mcu.externaltools.gnu-tools-for-stm32.7-2018-q2-update.macos64_1.4.0.202007081208/tools/bin/../lib/gcc/arm-none-eabi/7.3.1/../../../../arm-none-eabi/lib/thumb/v7e-m/fpv4-sp/hard/libc_nano.a(lib_a-sprintf.o)
                              Src/main.o (sprintf)
/Applications/STM32CubeIDE.app/Contents/Eclipse/plugins/com.st.stm32cube.ide.mcu.externaltools.gnu-tools-for-stm32.7-2018-q2-update.macos64_1.4.0.202007081208/tools/bin/../lib/gcc/arm-none-eabi/7.3.1/../../../../arm-none-eabi/lib/thumb/v7e-m/fpv4-sp/hard/libc_nano.a(lib_a-nano-svfprintf.o)
                              /Applications/STM32CubeIDE.app/Contents/Eclipse/plugins/com.st.stm32cube.ide.mcu.externaltools.gnu-tools-for-stm32.7-2018-q2-update.macos64_1.4.0.202007081208/tools/bin/../lib/gcc/arm-none-eabi/7.3.1/../../../../arm-none-eabi/lib/thumb/v7e-m/fpv4-sp/hard/libc_nano.a(lib_a-sprintf.o) (_svfprintf_r)
/Applications/STM32CubeIDE.app/Contents/Eclipse/plugins/com.st.stm32cube.ide.mcu.externaltools.gnu-tools-for-stm32.7-2018-q2-update.macos64_1.4.0.202007081208/tools/bin/../lib/gcc/arm-none-eabi/7.3.1/../../../../arm-none-eabi/lib/thumb/v7e-m/fpv4-sp/hard/libc_nano.a(lib_a-nano-vfprintf_i.o)
                              /Applications/STM32CubeIDE.app/Contents/Eclipse/plugins/com.st.stm32cube.ide.mcu.externaltools.gnu-tools-for-stm32.7-2018-q2-update.macos64_1.4.0.202007081208/tools/bin/../lib/gcc/arm-none-eabi/7.3.1/../../../../arm-none-eabi/lib/thumb/v7e-m/fpv4-sp/hard/libc_nano.a(lib_a-nano-svfprintf.o) (_printf_i)
/Applications/STM32CubeIDE.app/Contents/Eclipse/plugins/com.st.stm32cube.ide.mcu.externaltools.gnu-tools-for-stm32.7-2018-q2-update.macos64_1.4.0.202007081208/tools/bin/../lib/gcc/arm-none-eabi/7.3.1/../../../../arm-none-eabi/lib/thumb/v7e-m/fpv4-sp/hard/libc_nano.a(lib_a-memchr.o)
                              /Applications/STM32CubeIDE.app/Contents/Eclipse/plugins/com.st.stm32cube.ide.mcu.externaltools.gnu-tools-for-stm32.7-2018-q2-update.macos64_1.4.0.202007081208/tools/bin/../lib/gcc/arm-none-eabi/7.3.1/../../../../arm-none-eabi/lib/thumb/v7e-m/fpv4-sp/hard/libc_nano.a(lib_a-nano-svfprintf.o) (memchr)
[...]
Memory Configuration

Name             Origin             Length             Attributes
RAM              0x0000000020000000 0x0000000000018000 xrw
RAM2             0x0000000010000000 0x0000000000008000 xrw
FLASH            0x0000000008000000 0x0000000000100000 xr
*default*        0x0000000000000000 0xffffffffffffffff

Linker script and memory map

LOAD /Applications/STM32CubeIDE.app/Contents/Eclipse/plugins/com.st.stm32cube.ide.mcu.externaltools.gnu-tools-for-stm32.7-2018-q2-update.macos64_1.4.0.202007081208/tools/bin/../lib/gcc/arm-none-eabi/7.3.1/thumb/v7e-m/fpv4-sp/hard/crti.o
LOAD /Applications/STM32CubeIDE.app/Contents/Eclipse/plugins/com.st.stm32cube.ide.mcu.externaltools.gnu-tools-for-stm32.7-2018-q2-update.macos64_1.4.0.202007081208/tools/bin/../lib/gcc/arm-none-eabi/7.3.1/thumb/v7e-m/fpv4-sp/hard/crtbegin.o
LOAD /Applications/STM32CubeIDE.app/Contents/Eclipse/plugins/com.st.stm32cube.ide.mcu.externaltools.gnu-tools-for-stm32.7-2018-q2-update.macos64_1.4.0.202007081208/tools/bin/../lib/gcc/arm-none-eabi/7.3.1/../../../../arm-none-eabi/lib/thumb/v7e-m/fpv4-sp/hard/crt0.o
LOAD Drivers/STM32L4xx_HAL_Driver/Src/stm32l4xx_hal.o
LOAD Drivers/STM32L4xx_HAL_Driver/Src/stm32l4xx_hal_cortex.o
LOAD Drivers/STM32L4xx_HAL_Driver/Src/stm32l4xx_hal_dma.o
LOAD Drivers/STM32L4xx_HAL_Driver/Src/stm32l4xx_hal_dma_ex.o
LOAD Drivers/STM32L4xx_HAL_Driver/Src/stm32l4xx_hal_exti.o
LOAD Drivers/STM32L4xx_HAL_Driver/Src/stm32l4xx_hal_flash.o
LOAD Drivers/STM32L4xx_HAL_Driver/Src/stm32l4xx_hal_flash_ex.o
LOAD Drivers/STM32L4xx_HAL_Driver/Src/stm32l4xx_hal_flash_ramfunc.o
LOAD Drivers/STM32L4xx_HAL_Driver/Src/stm32l4xx_hal_gpio.o
LOAD Drivers/STM32L4xx_HAL_Driver/Src/stm32l4xx_hal_i2c.o
LOAD Drivers/STM32L4xx_HAL_Driver/Src/stm32l4xx_hal_i2c_ex.o
LOAD Drivers/STM32L4xx_HAL_Driver/Src/stm32l4xx_hal_pwr.o
LOAD Drivers/STM32L4xx_HAL_Driver/Src/stm32l4xx_hal_pwr_ex.o
LOAD Drivers/STM32L4xx_HAL_Driver/Src/stm32l4xx_hal_rcc.o
LOAD Drivers/STM32L4xx_HAL_Driver/Src/stm32l4xx_hal_rcc_ex.o
LOAD Drivers/STM32L4xx_HAL_Driver/Src/stm32l4xx_hal_tim.o
LOAD Drivers/STM32L4xx_HAL_Driver/Src/stm32l4xx_hal_tim_ex.o
LOAD Drivers/STM32L4xx_HAL_Driver/Src/stm32l4xx_hal_uart.o
LOAD Drivers/STM32L4xx_HAL_Driver/Src/stm32l4xx_hal_uart_ex.o
LOAD Src/hts221.o
LOAD Src/lsm6dsl.o
LOAD Src/main.o
LOAD Src/stm32l475e_iot01.o
LOAD Src/stm32l475e_iot01_accelero.o
LOAD Src/stm32l475e_iot01_gyro.o
LOAD Src/stm32l475e_iot01_hsensor.o
LOAD Src/stm32l475e_iot01_tsensor.o
LOAD Src/stm32l4xx_hal_msp.o
LOAD Src/stm32l4xx_it.o
LOAD Src/syscalls.o
LOAD Src/sysmem.o
LOAD Src/system_stm32l4xx.o
LOAD Startup/startup_stm32l475vgtx.o
START GROUP
LOAD /Applications/STM32CubeIDE.app/Contents/Eclipse/plugins/com.st.stm32cube.ide.mcu.externaltools.gnu-tools-for-stm32.7-2018-q2-update.macos64_1.4.0.202007081208/tools/bin/../lib/gcc/arm-none-eabi/7.3.1/../../../../arm-none-eabi/lib/thumb/v7e-m/fpv4-sp/hard/libc_nano.a
LOAD /Applications/STM32CubeIDE.app/Contents/Eclipse/plugins/com.st.stm32cube.ide.mcu.externaltools.gnu-tools-for-stm32.7-2018-q2-update.macos64_1.4.0.202007081208/tools/bin/../lib/gcc/arm-none-eabi/7.3.1/../../../../arm-none-eabi/lib/thumb/v7e-m/fpv4-sp/hard/libm.a
END GROUP
START GROUP
LOAD /Applications/STM32CubeIDE.app/Contents/Eclipse/plugins/com.st.stm32cube.ide.mcu.externaltools.gnu-tools-for-stm32.7-2018-q2-update.macos64_1.4.0.202007081208/tools/bin/../lib/gcc/arm-none-eabi/7.3.1/thumb/v7e-m/fpv4-sp/hard/libgcc.a
LOAD /Applications/STM32CubeIDE.app/Contents/Eclipse/plugins/com.st.stm32cube.ide.mcu.externaltools.gnu-tools-for-stm32.7-2018-q2-update.macos64_1.4.0.202007081208/tools/bin/../lib/gcc/arm-none-eabi/7.3.1/../../../../arm-none-eabi/lib/thumb/v7e-m/fpv4-sp/hard/libc_nano.a
END GROUP
START GROUP
LOAD /Applications/STM32CubeIDE.app/Contents/Eclipse/plugins/com.st.stm32cube.ide.mcu.externaltools.gnu-tools-for-stm32.7-2018-q2-update.macos64_1.4.0.202007081208/tools/bin/../lib/gcc/arm-none-eabi/7.3.1/thumb/v7e-m/fpv4-sp/hard/libgcc.a
LOAD /Applications/STM32CubeIDE.app/Contents/Eclipse/plugins/com.st.stm32cube.ide.mcu.externaltools.gnu-tools-for-stm32.7-2018-q2-update.macos64_1.4.0.202007081208/tools/bin/../lib/gcc/arm-none-eabi/7.3.1/../../../../arm-none-eabi/lib/thumb/v7e-m/fpv4-sp/hard/libc_nano.a
LOAD /Applications/STM32CubeIDE.app/Contents/Eclipse/plugins/com.st.stm32cube.ide.mcu.externaltools.gnu-tools-for-stm32.7-2018-q2-update.macos64_1.4.0.202007081208/tools/bin/../lib/gcc/arm-none-eabi/7.3.1/../../../../arm-none-eabi/lib/thumb/v7e-m/fpv4-sp/hard/libnosys.a
END GROUP
START GROUP
LOAD /Applications/STM32CubeIDE.app/Contents/Eclipse/plugins/com.st.stm32cube.ide.mcu.externaltools.gnu-tools-for-stm32.7-2018-q2-update.macos64_1.4.0.202007081208/tools/bin/../lib/gcc/arm-none-eabi/7.3.1/thumb/v7e-m/fpv4-sp/hard/libgcc.a
LOAD /Applications/STM32CubeIDE.app/Contents/Eclipse/plugins/com.st.stm32cube.ide.mcu.externaltools.gnu-tools-for-stm32.7-2018-q2-update.macos64_1.4.0.202007081208/tools/bin/../lib/gcc/arm-none-eabi/7.3.1/../../../../arm-none-eabi/lib/thumb/v7e-m/fpv4-sp/hard/libc_nano.a
LOAD /Applications/STM32CubeIDE.app/Contents/Eclipse/plugins/com.st.stm32cube.ide.mcu.externaltools.gnu-tools-for-stm32.7-2018-q2-update.macos64_1.4.0.202007081208/tools/bin/../lib/gcc/arm-none-eabi/7.3.1/../../../../arm-none-eabi/lib/thumb/v7e-m/fpv4-sp/hard/libnosys.a
END GROUP
LOAD /Applications/STM32CubeIDE.app/Contents/Eclipse/plugins/com.st.stm32cube.ide.mcu.externaltools.gnu-tools-for-stm32.7-2018-q2-update.macos64_1.4.0.202007081208/tools/bin/../lib/gcc/arm-none-eabi/7.3.1/thumb/v7e-m/fpv4-sp/hard/crtend.o
LOAD /Applications/STM32CubeIDE.app/Contents/Eclipse/plugins/com.st.stm32cube.ide.mcu.externaltools.gnu-tools-for-stm32.7-2018-q2-update.macos64_1.4.0.202007081208/tools/bin/../lib/gcc/arm-none-eabi/7.3.1/thumb/v7e-m/fpv4-sp/hard/crtn.o
                0x0000000020018000                _estack = (ORIGIN (RAM) + LENGTH (RAM))
                0x0000000000000200                _Min_Heap_Size = 0x200
                0x0000000000000400                _Min_Stack_Size = 0x400

.isr_vector     0x0000000008000000      0x188
                0x0000000008000000                . = ALIGN (0x4)
 *(.isr_vector)
 .isr_vector    0x0000000008000000      0x188 Startup/startup_stm32l475vgtx.o
                0x0000000008000000                g_pfnVectors
                0x0000000008000188                . = ALIGN (0x4)

.text           0x0000000008000190     0x5258
                0x0000000008000190                . = ALIGN (0x4)
 *(.text)
 .text          0x0000000008000190       0x40 /Applications/STM32CubeIDE.app/Contents/Eclipse/plugins/com.st.stm32cube.ide.mcu.externaltools.gnu-tools-for-stm32.7-2018-q2-update.macos64_1.4.0.202007081208/tools/bin/../lib/gcc/arm-none-eabi/7.3.1/thumb/v7e-m/fpv4-sp/hard/crtbegin.o
 .text          0x00000000080001d0       0xa0 /Applications/STM32CubeIDE.app/Contents/Eclipse/plugins/com.st.stm32cube.ide.mcu.externaltools.gnu-tools-for-stm32.7-2018-q2-update.macos64_1.4.0.202007081208/tools/bin/../lib/gcc/arm-none-eabi/7.3.1/../../../../arm-none-eabi/lib/thumb/v7e-m/fpv4-sp/hard/libc_nano.a(lib_a-memchr.o)
                0x00000000080001d0                memchr
 .text          0x0000000008000270       0x30 /Applications/STM32CubeIDE.app/Contents/Eclipse/plugins/com.st.stm32cube.ide.mcu.externaltools.gnu-tools-for-stm32.7-2018-q2-update.macos64_1.4.0.202007081208/tools/bin/../lib/gcc/arm-none-eabi/7.3.1/thumb/v7e-m/fpv4-sp/hard/libgcc.a(_aeabi_uldivmod.o)
                0x0000000008000270                __aeabi_uldivmod
 .text          0x00000000080002a0      0x2cc /Applications/STM32CubeIDE.app/Contents/Eclipse/plugins/com.st.stm32cube.ide.mcu.externaltools.gnu-tools-for-stm32.7-2018-q2-update.macos64_1.4.0.202007081208/tools/bin/../lib/gcc/arm-none-eabi/7.3.1/thumb/v7e-m/fpv4-sp/hard/libgcc.a(_udivmoddi4.o)
                0x00000000080002a0                __udivmoddi4
 .text          0x000000000800056c        0x4 /Applications/STM32CubeIDE.app/Contents/Eclipse/plugins/com.st.stm32cube.ide.mcu.externaltools.gnu-tools-for-stm32.7-2018-q2-update.macos64_1.4.0.202007081208/tools/bin/../lib/gcc/arm-none-eabi/7.3.1/thumb/v7e-m/fpv4-sp/hard/libgcc.a(_dvmd_tls.o)
                0x000000000800056c                __aeabi_ldiv0
                0x000000000800056c                __aeabi_idiv0
 *(.text*)
 .text.HAL_Init
                0x0000000008000570       0x30 Drivers/STM32L4xx_HAL_Driver/Src/stm32l4xx_hal.o
                0x0000000008000570                HAL_Init
 .text.HAL_InitTick
                0x00000000080005a0       0x78 Drivers/STM32L4xx_HAL_Driver/Src/stm32l4xx_hal.o
                0x00000000080005a0                HAL_InitTick
 .text.HAL_IncTick
                0x0000000008000618       0x28 Drivers/STM32L4xx_HAL_Driver/Src/stm32l4xx_hal.o
                0x0000000008000618                HAL_IncTick
 .text.HAL_GetTick
                0x0000000008000640       0x18 Drivers/STM32L4xx_HAL_Driver/Src/stm32l4xx_hal.o
                0x0000000008000640                HAL_GetTick
 .text.__NVIC_SetPriorityGrouping
                0x0000000008000658       0x48 Drivers/STM32L4xx_HAL_Driver/Src/stm32l4xx_hal_cortex.o
 .text.__NVIC_GetPriorityGrouping
                0x00000000080006a0       0x1c Drivers/STM32L4xx_HAL_Driver/Src/stm32l4xx_hal_cortex.o
 .text.__NVIC_EnableIRQ
                0x00000000080006bc       0x3c Drivers/STM32L4xx_HAL_Driver/Src/stm32l4xx_hal_cortex.o
 .text.__NVIC_SetPriority
                0x00000000080006f8       0x54 Drivers/STM32L4xx_HAL_Driver/Src/stm32l4xx_hal_cortex.o
 .text.NVIC_EncodePriority
                0x000000000800074c       0x66 Drivers/STM32L4xx_HAL_Driver/Src/stm32l4xx_hal_cortex.o
 *fill*         0x00000000080007b2        0x2 
 .text.SysTick_Config
                0x00000000080007b4       0x44 Drivers/STM32L4xx_HAL_Driver/Src/stm32l4xx_hal_cortex.o
 .text.HAL_NVIC_SetPriorityGrouping
                0x00000000080007f8       0x16 Drivers/STM32L4xx_HAL_Driver/Src/stm32l4xx_hal_cortex.o
                0x00000000080007f8                HAL_NVIC_SetPriorityGrouping
 .text.HAL_NVIC_SetPriority
                0x000000000800080e       0x38 Drivers/STM32L4xx_HAL_Driver/Src/stm32l4xx_hal_cortex.o
                0x000000000800080e                HAL_NVIC_SetPriority
 .text.HAL_NVIC_EnableIRQ
                0x0000000008000846       0x1c Drivers/STM32L4xx_HAL_Driver/Src/stm32l4xx_hal_cortex.o
                0x0000000008000846                HAL_NVIC_EnableIRQ
 .text.HAL_SYSTICK_Config
                0x0000000008000862       0x18 Drivers/STM32L4xx_HAL_Driver/Src/stm32l4xx_hal_cortex.o
                0x0000000008000862                HAL_SYSTICK_Config
 *fill*         0x000000000800087a        0x2 
 .text.HAL_GPIO_Init
                0x000000000800087c      0x350 Drivers/STM32L4xx_HAL_Driver/Src/stm32l4xx_hal_gpio.o
                0x000000000800087c                HAL_GPIO_Init
 .text.HAL_GPIO_DeInit
                0x0000000008000bcc      0x1e8 Drivers/STM32L4xx_HAL_Driver/Src/stm32l4xx_hal_gpio.o
                0x0000000008000bcc                HAL_GPIO_DeInit
 .text.HAL_I2C_Init
                0x0000000008000db4      0x11e Drivers/STM32L4xx_HAL_Driver/Src/stm32l4xx_hal_i2c.o
                0x0000000008000db4                HAL_I2C_Init
 .text.HAL_I2C_DeInit
                0x0000000008000ed2       0x5e Drivers/STM32L4xx_HAL_Driver/Src/stm32l4xx_hal_i2c.o
                0x0000000008000ed2                HAL_I2C_DeInit
 .text.HAL_I2C_Mem_Write
                0x0000000008000f30      0x228 Drivers/STM32L4xx_HAL_Driver/Src/stm32l4xx_hal_i2c.o
                0x0000000008000f30                HAL_I2C_Mem_Write
 .text.HAL_I2C_Mem_Read
                0x0000000008001158      0x234 Drivers/STM32L4xx_HAL_Driver/Src/stm32l4xx_hal_i2c.o
                0x0000000008001158                HAL_I2C_Mem_Read
 .text.I2C_RequestMemoryWrite
                0x000000000800138c       0xa8 Drivers/STM32L4xx_HAL_Driver/Src/stm32l4xx_hal_i2c.o
 .text.I2C_RequestMemoryRead
                0x0000000008001434       0xa8 Drivers/STM32L4xx_HAL_Driver/Src/stm32l4xx_hal_i2c.o
 .text.I2C_Flush_TXDR
                0x00000000080014dc       0x48 Drivers/STM32L4xx_HAL_Driver/Src/stm32l4xx_hal_i2c.o
 .text.I2C_WaitOnFlagUntilTimeout
                0x0000000008001524       0x80 Drivers/STM32L4xx_HAL_Driver/Src/stm32l4xx_hal_i2c.o
 .text.I2C_WaitOnTXISFlagUntilTimeout
                0x00000000080015a4       0x80 Drivers/STM32L4xx_HAL_Driver/Src/stm32l4xx_hal_i2c.o
 .text.I2C_WaitOnSTOPFlagUntilTimeout
                0x0000000008001624       0x78 Drivers/STM32L4xx_HAL_Driver/Src/stm32l4xx_hal_i2c.o
 .text.I2C_IsAcknowledgeFailed
                0x000000000800169c       0xcc Drivers/STM32L4xx_HAL_Driver/Src/stm32l4xx_hal_i2c.o
 .text.I2C_TransferConfig
                0x0000000008001768       0x5c Drivers/STM32L4xx_HAL_Driver/Src/stm32l4xx_hal_i2c.o
 .text.HAL_I2CEx_ConfigAnalogFilter
                0x00000000080017c4       0x96 Drivers/STM32L4xx_HAL_Driver/Src/stm32l4xx_hal_i2c_ex.o
                0x00000000080017c4                HAL_I2CEx_ConfigAnalogFilter
 .text.HAL_I2CEx_ConfigDigitalFilter
                0x000000000800185a       0x98 Drivers/STM32L4xx_HAL_Driver/Src/stm32l4xx_hal_i2c_ex.o
                0x000000000800185a                HAL_I2CEx_ConfigDigitalFilter
 *fill*         0x00000000080018f2        0x2 
 .text.HAL_PWREx_GetVoltageRange
                0x00000000080018f4       0x1c Drivers/STM32L4xx_HAL_Driver/Src/stm32l4xx_hal_pwr_ex.o
                0x00000000080018f4                HAL_PWREx_GetVoltageRange
 .text.HAL_PWREx_ControlVoltageScaling
                0x0000000008001910       0xac Drivers/STM32L4xx_HAL_Driver/Src/stm32l4xx_hal_pwr_ex.o
                0x0000000008001910                HAL_PWREx_ControlVoltageScaling
 .text.HAL_RCC_OscConfig
                0x00000000080019bc      0x7cc Drivers/STM32L4xx_HAL_Driver/Src/stm32l4xx_hal_rcc.o
                0x00000000080019bc                HAL_RCC_OscConfig
 .text.HAL_RCC_ClockConfig
                0x0000000008002188      0x1c4 Drivers/STM32L4xx_HAL_Driver/Src/stm32l4xx_hal_rcc.o
                0x0000000008002188                HAL_RCC_ClockConfig
 .text.HAL_RCC_GetSysClockFreq
                0x000000000800234c      0x114 Drivers/STM32L4xx_HAL_Driver/Src/stm32l4xx_hal_rcc.o
                0x000000000800234c                HAL_RCC_GetSysClockFreq
 .text.HAL_RCC_GetHCLKFreq
                0x0000000008002460       0x18 Drivers/STM32L4xx_HAL_Driver/Src/stm32l4xx_hal_rcc.o
                0x0000000008002460                HAL_RCC_GetHCLKFreq
 .text.HAL_RCC_GetPCLK1Freq
                0x0000000008002478       0x2c Drivers/STM32L4xx_HAL_Driver/Src/stm32l4xx_hal_rcc.o
                0x0000000008002478                HAL_RCC_GetPCLK1Freq
 .text.HAL_RCC_GetPCLK2Freq
                0x00000000080024a4       0x2c Drivers/STM32L4xx_HAL_Driver/Src/stm32l4xx_hal_rcc.o
                0x00000000080024a4                HAL_RCC_GetPCLK2Freq
 .text.RCC_SetFlashLatencyFromMSIRange
                0x00000000080024d0       0xc0 Drivers/STM32L4xx_HAL_Driver/Src/stm32l4xx_hal_rcc.o
 .text.HAL_RCCEx_PeriphCLKConfig
                0x0000000008002590      0x5cc Drivers/STM32L4xx_HAL_Driver/Src/stm32l4xx_hal_rcc_ex.o
                0x0000000008002590                HAL_RCCEx_PeriphCLKConfig
 .text.RCCEx_PLLSAI1_Config
                0x0000000008002b5c      0x1e0 Drivers/STM32L4xx_HAL_Driver/Src/stm32l4xx_hal_rcc_ex.o
 .text.RCCEx_PLLSAI2_Config
                0x0000000008002d3c      0x1b4 Drivers/STM32L4xx_HAL_Driver/Src/stm32l4xx_hal_rcc_ex.o
 .text.HAL_UART_Init
                0x0000000008002ef0       0x9c Drivers/STM32L4xx_HAL_Driver/Src/stm32l4xx_hal_uart.o
                0x0000000008002ef0                HAL_UART_Init
 .text.HAL_UART_Transmit
                0x0000000008002f8c      0x126 Drivers/STM32L4xx_HAL_Driver/Src/stm32l4xx_hal_uart.o
                0x0000000008002f8c                HAL_UART_Transmit
 *fill*         0x00000000080030b2        0x2 
 .text.UART_SetConfig
                0x00000000080030b4      0x514 Drivers/STM32L4xx_HAL_Driver/Src/stm32l4xx_hal_uart.o
                0x00000000080030b4                UART_SetConfig
 .text.UART_AdvFeatureConfig
                0x00000000080035c8      0x144 Drivers/STM32L4xx_HAL_Driver/Src/stm32l4xx_hal_uart.o
                0x00000000080035c8                UART_AdvFeatureConfig
 .text.UART_CheckIdleState
                0x000000000800370c       0x8a Drivers/STM32L4xx_HAL_Driver/Src/stm32l4xx_hal_uart.o
                0x000000000800370c                UART_CheckIdleState
 .text.UART_WaitOnFlagUntilTimeout
                0x0000000008003796       0xf6 Drivers/STM32L4xx_HAL_Driver/Src/stm32l4xx_hal_uart.o
                0x0000000008003796                UART_WaitOnFlagUntilTimeout
 .text.HTS221_H_Init
                0x000000000800388c       0x58 Src/hts221.o
                0x000000000800388c                HTS221_H_Init
 .text.HTS221_H_ReadID
                0x00000000080038e4       0x2c Src/hts221.o
                0x00000000080038e4                HTS221_H_ReadID
 .text.HTS221_H_ReadHumidity
                0x0000000008003910      0x138 Src/hts221.o
                0x0000000008003910                HTS221_H_ReadHumidity
 .text.HTS221_T_Init
                0x0000000008003a48       0x5a Src/hts221.o
                0x0000000008003a48                HTS221_T_Init
 .text.HTS221_T_ReadTemp
                0x0000000008003aa2      0x10e Src/hts221.o
                0x0000000008003aa2                HTS221_T_ReadTemp
 .text.LSM6DSL_AccInit
                0x0000000008003bb0       0x72 Src/lsm6dsl.o
                0x0000000008003bb0                LSM6DSL_AccInit
 .text.LSM6DSL_AccDeInit
                0x0000000008003c22       0x32 Src/lsm6dsl.o
                0x0000000008003c22                LSM6DSL_AccDeInit
 .text.LSM6DSL_AccReadID
                0x0000000008003c54       0x16 Src/lsm6dsl.o
                0x0000000008003c54                LSM6DSL_AccReadID
 .text.LSM6DSL_AccLowPower
                0x0000000008003c6a       0x44 Src/lsm6dsl.o
                0x0000000008003c6a                LSM6DSL_AccLowPower
 *fill*         0x0000000008003cae        0x2 
 .text.LSM6DSL_AccReadXYZ
                0x0000000008003cb0      0x134 Src/lsm6dsl.o
                0x0000000008003cb0                LSM6DSL_AccReadXYZ
 .text.LSM6DSL_GyroInit
                0x0000000008003de4       0x72 Src/lsm6dsl.o
                0x0000000008003de4                LSM6DSL_GyroInit
 .text.LSM6DSL_GyroDeInit
                0x0000000008003e56       0x32 Src/lsm6dsl.o
                0x0000000008003e56                LSM6DSL_GyroDeInit
 .text.LSM6DSL_GyroReadID
                0x0000000008003e88       0x16 Src/lsm6dsl.o
                0x0000000008003e88                LSM6DSL_GyroReadID
 .text.LSM6DSL_GyroLowPower
                0x0000000008003e9e       0x44 Src/lsm6dsl.o
                0x0000000008003e9e                LSM6DSL_GyroLowPower
 *fill*         0x0000000008003ee2        0x2 
 .text.LSM6DSL_GyroReadXYZAngRate
                0x0000000008003ee4      0x12c Src/lsm6dsl.o
                0x0000000008003ee4                LSM6DSL_GyroReadXYZAngRate
 .text.main     0x0000000008004010      0x13c Src/main.o
                0x0000000008004010                main
 .text.SystemClock_Config
                0x000000000800414c       0xf2 Src/main.o
                0x000000000800414c                SystemClock_Config
 *fill*         0x000000000800423e        0x2 
 .text.MX_I2C1_Init
                0x0000000008004240       0x80 Src/main.o
 .text.MX_USART1_UART_Init
                0x00000000080042c0       0x60 Src/main.o
 .text.MX_GPIO_Init
                0x0000000008004320       0x58 Src/main.o
 .text.Error_Handler
                0x0000000008004378        0xe Src/main.o
                0x0000000008004378                Error_Handler
 *fill*         0x0000000008004386        0x2 
 .text.I2Cx_MspInit
                0x0000000008004388       0xb0 Src/stm32l475e_iot01.o
 .text.I2Cx_Init
                0x0000000008004438       0x5c Src/stm32l475e_iot01.o
 .text.I2Cx_ReadMultiple
                0x0000000008004494       0x5a Src/stm32l475e_iot01.o
 .text.I2Cx_WriteMultiple
                0x00000000080044ee       0x5a Src/stm32l475e_iot01.o
 .text.I2Cx_Error
                0x0000000008004548       0x20 Src/stm32l475e_iot01.o
 .text.SENSOR_IO_Init
                0x0000000008004568       0x14 Src/stm32l475e_iot01.o
                0x0000000008004568                SENSOR_IO_Init
 .text.SENSOR_IO_Write
                0x000000000800457c       0x34 Src/stm32l475e_iot01.o
                0x000000000800457c                SENSOR_IO_Write
 .text.SENSOR_IO_Read
                0x00000000080045b0       0x3c Src/stm32l475e_iot01.o
                0x00000000080045b0                SENSOR_IO_Read
 .text.SENSOR_IO_ReadMultiple
                0x00000000080045ec       0x3c Src/stm32l475e_iot01.o
                0x00000000080045ec                SENSOR_IO_ReadMultiple
 .text.BSP_ACCELERO_Init
                0x0000000008004628       0x7c Src/stm32l475e_iot01_accelero.o
                0x0000000008004628                BSP_ACCELERO_Init
 .text.BSP_ACCELERO_AccGetXYZ
                0x00000000080046a4       0x30 Src/stm32l475e_iot01_accelero.o
                0x00000000080046a4                BSP_ACCELERO_AccGetXYZ
 .text.BSP_GYRO_Init
                0x00000000080046d4       0x84 Src/stm32l475e_iot01_gyro.o
                0x00000000080046d4                BSP_GYRO_Init
 .text.BSP_GYRO_GetXYZ
                0x0000000008004758       0x30 Src/stm32l475e_iot01_gyro.o
                0x0000000008004758                BSP_GYRO_GetXYZ
 .text.BSP_HSENSOR_Init
                0x0000000008004788       0x40 Src/stm32l475e_iot01_hsensor.o
                0x0000000008004788                BSP_HSENSOR_Init
 .text.BSP_HSENSOR_ReadHumidity
                0x00000000080047c8       0x1c Src/stm32l475e_iot01_hsensor.o
                0x00000000080047c8                BSP_HSENSOR_ReadHumidity
 .text.BSP_TSENSOR_Init
                0x00000000080047e4       0x38 Src/stm32l475e_iot01_tsensor.o
                0x00000000080047e4                BSP_TSENSOR_Init
 .text.BSP_TSENSOR_ReadTemp
                0x000000000800481c       0x1c Src/stm32l475e_iot01_tsensor.o
                0x000000000800481c                BSP_TSENSOR_ReadTemp
 .text.HAL_MspInit
                0x0000000008004838       0x48 Src/stm32l4xx_hal_msp.o
                0x0000000008004838                HAL_MspInit
 .text.HAL_I2C_MspInit
                0x0000000008004880       0x88 Src/stm32l4xx_hal_msp.o
                0x0000000008004880                HAL_I2C_MspInit
 .text.HAL_I2C_MspDeInit
                0x0000000008004908       0x48 Src/stm32l4xx_hal_msp.o
                0x0000000008004908                HAL_I2C_MspDeInit
 .text.HAL_UART_MspInit
                0x0000000008004950       0x88 Src/stm32l4xx_hal_msp.o
                0x0000000008004950                HAL_UART_MspInit
 .text.NMI_Handler
                0x00000000080049d8        0xe Src/stm32l4xx_it.o
                0x00000000080049d8                NMI_Handler
 .text.HardFault_Handler
                0x00000000080049e6        0x6 Src/stm32l4xx_it.o
                0x00000000080049e6                HardFault_Handler
 .text.MemManage_Handler
                0x00000000080049ec        0x6 Src/stm32l4xx_it.o
                0x00000000080049ec                MemManage_Handler
 .text.BusFault_Handler
                0x00000000080049f2        0x6 Src/stm32l4xx_it.o
                0x00000000080049f2                BusFault_Handler
 .text.UsageFault_Handler
                0x00000000080049f8        0x6 Src/stm32l4xx_it.o
                0x00000000080049f8                UsageFault_Handler
 .text.SVC_Handler
                0x00000000080049fe        0xe Src/stm32l4xx_it.o
                0x00000000080049fe                SVC_Handler
 .text.DebugMon_Handler
                0x0000000008004a0c        0xe Src/stm32l4xx_it.o
                0x0000000008004a0c                DebugMon_Handler
 .text.PendSV_Handler
                0x0000000008004a1a        0xe Src/stm32l4xx_it.o
                0x0000000008004a1a                PendSV_Handler
 .text.SysTick_Handler
                0x0000000008004a28        0xc Src/stm32l4xx_it.o
                0x0000000008004a28                SysTick_Handler
 .text._sbrk    0x0000000008004a34       0x6c Src/sysmem.o
                0x0000000008004a34                _sbrk
 .text.SystemInit
                0x0000000008004aa0       0x6c Src/system_stm32l4xx.o
                0x0000000008004aa0                SystemInit
 .text.Reset_Handler
                0x0000000008004b0c       0x50 Startup/startup_stm32l475vgtx.o
                0x0000000008004b0c                Reset_Handler
 .text.Default_Handler
                0x0000000008004b5c        0x2 Startup/startup_stm32l475vgtx.o
                0x0000000008004b5c                TIM1_BRK_TIM15_IRQHandler
                0x0000000008004b5c                EXTI2_IRQHandler
                0x0000000008004b5c                TIM8_TRG_COM_IRQHandler
                0x0000000008004b5c                TIM8_CC_IRQHandler
                0x0000000008004b5c                TIM1_CC_IRQHandler
                0x0000000008004b5c                TSC_IRQHandler
                0x0000000008004b5c                TAMP_STAMP_IRQHandler
                0x0000000008004b5c                EXTI3_IRQHandler
                0x0000000008004b5c                LPTIM2_IRQHandler
                0x0000000008004b5c                DFSDM1_FLT1_IRQHandler
                0x0000000008004b5c                I2C3_ER_IRQHandler
                0x0000000008004b5c                DFSDM1_FLT2_IRQHandler
                0x0000000008004b5c                EXTI0_IRQHandler
                0x0000000008004b5c                I2C2_EV_IRQHandler
                0x0000000008004b5c                CAN1_RX0_IRQHandler
                0x0000000008004b5c                FPU_IRQHandler
                0x0000000008004b5c                TIM1_UP_TIM16_IRQHandler
                0x0000000008004b5c                ADC1_2_IRQHandler
                0x0000000008004b5c                SPI1_IRQHandler
                0x0000000008004b5c                TIM6_DAC_IRQHandler
                0x0000000008004b5c                TIM8_UP_IRQHandler
                0x0000000008004b5c                DMA2_Channel2_IRQHandler
                0x0000000008004b5c                DMA1_Channel4_IRQHandler
                0x0000000008004b5c                SAI2_IRQHandler
                0x0000000008004b5c                DFSDM1_FLT3_IRQHandler
                0x0000000008004b5c                USART3_IRQHandler
                0x0000000008004b5c                DMA1_Channel7_IRQHandler
                0x0000000008004b5c                CAN1_RX1_IRQHandler
                0x0000000008004b5c                UART5_IRQHandler
                0x0000000008004b5c                ADC3_IRQHandler
                0x0000000008004b5c                TIM4_IRQHandler
                0x0000000008004b5c                DMA2_Channel1_IRQHandler
                0x0000000008004b5c                QUADSPI_IRQHandler
                0x0000000008004b5c                I2C1_EV_IRQHandler
                0x0000000008004b5c                DMA1_Channel6_IRQHandler
                0x0000000008004b5c                UART4_IRQHandler
                0x0000000008004b5c                DMA2_Channel4_IRQHandler
                0x0000000008004b5c                TIM3_IRQHandler
                0x0000000008004b5c                RCC_IRQHandler
                0x0000000008004b5c                DMA1_Channel1_IRQHandler
                0x0000000008004b5c                Default_Handler
                0x0000000008004b5c                DMA2_Channel7_IRQHandler
                0x0000000008004b5c                EXTI15_10_IRQHandler
                0x0000000008004b5c                TIM7_IRQHandler
                0x0000000008004b5c                SDMMC1_IRQHandler
                0x0000000008004b5c                TIM5_IRQHandler
                0x0000000008004b5c                I2C3_EV_IRQHandler
                0x0000000008004b5c                EXTI9_5_IRQHandler
                0x0000000008004b5c                RTC_WKUP_IRQHandler
                0x0000000008004b5c                PVD_PVM_IRQHandler
                0x0000000008004b5c                SPI2_IRQHandler
                0x0000000008004b5c                CAN1_TX_IRQHandler
                0x0000000008004b5c                DMA2_Channel5_IRQHandler
                0x0000000008004b5c                DMA1_Channel5_IRQHandler
                0x0000000008004b5c                EXTI4_IRQHandler
                0x0000000008004b5c                RNG_IRQHandler
                0x0000000008004b5c                TIM1_TRG_COM_TIM17_IRQHandler
                0x0000000008004b5c                DMA1_Channel3_IRQHandler
                0x0000000008004b5c                COMP_IRQHandler
                0x0000000008004b5c                WWDG_IRQHandler
                0x0000000008004b5c                LPUART1_IRQHandler
                0x0000000008004b5c                DMA2_Channel6_IRQHandler
                0x0000000008004b5c                TIM2_IRQHandler
                0x0000000008004b5c                EXTI1_IRQHandler
                0x0000000008004b5c                USART2_IRQHandler
                0x0000000008004b5c                DFSDM1_FLT0_IRQHandler
                0x0000000008004b5c                I2C2_ER_IRQHandler
                0x0000000008004b5c                DMA1_Channel2_IRQHandler
                0x0000000008004b5c                TIM8_BRK_IRQHandler
                0x0000000008004b5c                CAN1_SCE_IRQHandler
                0x0000000008004b5c                FLASH_IRQHandler
                0x0000000008004b5c                USART1_IRQHandler
                0x0000000008004b5c                OTG_FS_IRQHandler
                0x0000000008004b5c                SPI3_IRQHandler
                0x0000000008004b5c                I2C1_ER_IRQHandler
                0x0000000008004b5c                FMC_IRQHandler
                0x0000000008004b5c                SWPMI1_IRQHandler
                0x0000000008004b5c                LPTIM1_IRQHandler
                0x0000000008004b5c                SAI1_IRQHandler
                0x0000000008004b5c                DMA2_Channel3_IRQHandler
                0x0000000008004b5c                RTC_Alarm_IRQHandler
 *fill*         0x0000000008004b5e        0x2 
 .text.__errno  0x0000000008004b60        0xc /Applications/STM32CubeIDE.app/Contents/Eclipse/plugins/com.st.stm32cube.ide.mcu.externaltools.gnu-tools-for-stm32.7-2018-q2-update.macos64_1.4.0.202007081208/tools/bin/../lib/gcc/arm-none-eabi/7.3.1/../../../../arm-none-eabi/lib/thumb/v7e-m/fpv4-sp/hard/libc_nano.a(lib_a-errno.o)
                0x0000000008004b60                __errno
 .text.__libc_init_array
                0x0000000008004b6c       0x48 /Applications/STM32CubeIDE.app/Contents/Eclipse/plugins/com.st.stm32cube.ide.mcu.externaltools.gnu-tools-for-stm32.7-2018-q2-update.macos64_1.4.0.202007081208/tools/bin/../lib/gcc/arm-none-eabi/7.3.1/../../../../arm-none-eabi/lib/thumb/v7e-m/fpv4-sp/hard/libc_nano.a(lib_a-init.o)
                0x0000000008004b6c                __libc_init_array
 .text.memset   0x0000000008004bb4       0x10 /Applications/STM32CubeIDE.app/Contents/Eclipse/plugins/com.st.stm32cube.ide.mcu.externaltools.gnu-tools-for-stm32.7-2018-q2-update.macos64_1.4.0.202007081208/tools/bin/../lib/gcc/arm-none-eabi/7.3.1/../../../../arm-none-eabi/lib/thumb/v7e-m/fpv4-sp/hard/libc_nano.a(lib_a-memset.o)
                0x0000000008004bb4                memset
 .text.sprintf  0x0000000008004bc4       0x40 /Applications/STM32CubeIDE.app/Contents/Eclipse/plugins/com.st.stm32cube.ide.mcu.externaltools.gnu-tools-for-stm32.7-2018-q2-update.macos64_1.4.0.202007081208/tools/bin/../lib/gcc/arm-none-eabi/7.3.1/../../../../arm-none-eabi/lib/thumb/v7e-m/fpv4-sp/hard/libc_nano.a(lib_a-sprintf.o)
                0x0000000008004bc4                sprintf
                0x0000000008004bc4                siprintf
 .text.__ssputs_r
                0x0000000008004c04       0xb4 /Applications/STM32CubeIDE.app/Contents/Eclipse/plugins/com.st.stm32cube.ide.mcu.externaltools.gnu-tools-for-stm32.7-2018-q2-update.macos64_1.4.0.202007081208/tools/bin/../lib/gcc/arm-none-eabi/7.3.1/../../../../arm-none-eabi/lib/thumb/v7e-m/fpv4-sp/hard/libc_nano.a(lib_a-nano-svfprintf.o)
                0x0000000008004c04                __ssputs_r
 .text._svfprintf_r
                0x0000000008004cb8      0x1f0 /Applications/STM32CubeIDE.app/Contents/Eclipse/plugins/com.st.stm32cube.ide.mcu.externaltools.gnu-tools-for-stm32.7-2018-q2-update.macos64_1.4.0.202007081208/tools/bin/../lib/gcc/arm-none-eabi/7.3.1/../../../../arm-none-eabi/lib/thumb/v7e-m/fpv4-sp/hard/libc_nano.a(lib_a-nano-svfprintf.o)
                0x0000000008004cb8                _svfprintf_r
                0x0000000008004cb8                _svfiprintf_r
 .text._printf_common
                0x0000000008004ea8       0xea /Applications/STM32CubeIDE.app/Contents/Eclipse/plugins/com.st.stm32cube.ide.mcu.externaltools.gnu-tools-for-stm32.7-2018-q2-update.macos64_1.4.0.202007081208/tools/bin/../lib/gcc/arm-none-eabi/7.3.1/../../../../arm-none-eabi/lib/thumb/v7e-m/fpv4-sp/hard/libc_nano.a(lib_a-nano-vfprintf_i.o)
                0x0000000008004ea8                _printf_common
 *fill*         0x0000000008004f92        0x2 
 .text._printf_i
                0x0000000008004f94      0x224 /Applications/STM32CubeIDE.app/Contents/Eclipse/plugins/com.st.stm32cube.ide.mcu.externaltools.gnu-tools-for-stm32.7-2018-q2-update.macos64_1.4.0.202007081208/tools/bin/../lib/gcc/arm-none-eabi/7.3.1/../../../../arm-none-eabi/lib/thumb/v7e-m/fpv4-sp/hard/libc_nano.a(lib_a-nano-vfprintf_i.o)
                0x0000000008004f94                _printf_i
 .text.memcpy   0x00000000080051b8       0x16 /Applications/STM32CubeIDE.app/Contents/Eclipse/plugins/com.st.stm32cube.ide.mcu.externaltools.gnu-tools-for-stm32.7-2018-q2-update.macos64_1.4.0.202007081208/tools/bin/../lib/gcc/arm-none-eabi/7.3.1/../../../../arm-none-eabi/lib/thumb/v7e-m/fpv4-sp/hard/libc_nano.a(lib_a-memcpy-stub.o)
                0x00000000080051b8                memcpy
 .text.memmove  0x00000000080051ce       0x32 /Applications/STM32CubeIDE.app/Contents/Eclipse/plugins/com.st.stm32cube.ide.mcu.externaltools.gnu-tools-for-stm32.7-2018-q2-update.macos64_1.4.0.202007081208/tools/bin/../lib/gcc/arm-none-eabi/7.3.1/../../../../arm-none-eabi/lib/thumb/v7e-m/fpv4-sp/hard/libc_nano.a(lib_a-memmove.o)
                0x00000000080051ce                memmove
 .text._free_r  0x0000000008005200       0x9c /Applications/STM32CubeIDE.app/Contents/Eclipse/plugins/com.st.stm32cube.ide.mcu.externaltools.gnu-tools-for-stm32.7-2018-q2-update.macos64_1.4.0.202007081208/tools/bin/../lib/gcc/arm-none-eabi/7.3.1/../../../../arm-none-eabi/lib/thumb/v7e-m/fpv4-sp/hard/libc_nano.a(lib_a-nano-freer.o)
                0x0000000008005200                _free_r
 .text._malloc_r
                0x000000000800529c       0xb4 /Applications/STM32CubeIDE.app/Contents/Eclipse/plugins/com.st.stm32cube.ide.mcu.externaltools.gnu-tools-for-stm32.7-2018-q2-update.macos64_1.4.0.202007081208/tools/bin/../lib/gcc/arm-none-eabi/7.3.1/../../../../arm-none-eabi/lib/thumb/v7e-m/fpv4-sp/hard/libc_nano.a(lib_a-nano-mallocr.o)
                0x000000000800529c                _malloc_r
 .text._realloc_r
                0x0000000008005350       0x4c /Applications/STM32CubeIDE.app/Contents/Eclipse/plugins/com.st.stm32cube.ide.mcu.externaltools.gnu-tools-for-stm32.7-2018-q2-update.macos64_1.4.0.202007081208/tools/bin/../lib/gcc/arm-none-eabi/7.3.1/../../../../arm-none-eabi/lib/thumb/v7e-m/fpv4-sp/hard/libc_nano.a(lib_a-nano-reallocr.o)
                0x0000000008005350                _realloc_r
 .text._sbrk_r  0x000000000800539c       0x20 /Applications/STM32CubeIDE.app/Contents/Eclipse/plugins/com.st.stm32cube.ide.mcu.externaltools.gnu-tools-for-stm32.7-2018-q2-update.macos64_1.4.0.202007081208/tools/bin/../lib/gcc/arm-none-eabi/7.3.1/../../../../arm-none-eabi/lib/thumb/v7e-m/fpv4-sp/hard/libc_nano.a(lib_a-sbrkr.o)
                0x000000000800539c                _sbrk_r
 .text.__malloc_lock
                0x00000000080053bc        0x2 /Applications/STM32CubeIDE.app/Contents/Eclipse/plugins/com.st.stm32cube.ide.mcu.externaltools.gnu-tools-for-stm32.7-2018-q2-update.macos64_1.4.0.202007081208/tools/bin/../lib/gcc/arm-none-eabi/7.3.1/../../../../arm-none-eabi/lib/thumb/v7e-m/fpv4-sp/hard/libc_nano.a(lib_a-mlock.o)
                0x00000000080053bc                __malloc_lock
 .text.__malloc_unlock
                0x00000000080053be        0x2 /Applications/STM32CubeIDE.app/Contents/Eclipse/plugins/com.st.stm32cube.ide.mcu.externaltools.gnu-tools-for-stm32.7-2018-q2-update.macos64_1.4.0.202007081208/tools/bin/../lib/gcc/arm-none-eabi/7.3.1/../../../../arm-none-eabi/lib/thumb/v7e-m/fpv4-sp/hard/libc_nano.a(lib_a-mlock.o)
                0x00000000080053be                __malloc_unlock
 .text._malloc_usable_size_r
                0x00000000080053c0       0x10 /Applications/STM32CubeIDE.app/Contents/Eclipse/plugins/com.st.stm32cube.ide.mcu.externaltools.gnu-tools-for-stm32.7-2018-q2-update.macos64_1.4.0.202007081208/tools/bin/../lib/gcc/arm-none-eabi/7.3.1/../../../../arm-none-eabi/lib/thumb/v7e-m/fpv4-sp/hard/libc_nano.a(lib_a-nano-msizer.o)
                0x00000000080053c0                _malloc_usable_size_r
 *(.glue_7)
 .glue_7        0x00000000080053d0        0x0 linker stubs
 *(.glue_7t)
 .glue_7t       0x00000000080053d0        0x0 linker stubs
 *(.eh_frame)
 .eh_frame      0x00000000080053d0        0x0 /Applications/STM32CubeIDE.app/Contents/Eclipse/plugins/com.st.stm32cube.ide.mcu.externaltools.gnu-tools-for-stm32.7-2018-q2-update.macos64_1.4.0.202007081208/tools/bin/../lib/gcc/arm-none-eabi/7.3.1/thumb/v7e-m/fpv4-sp/hard/crtbegin.o
 *(.init)
 .init          0x00000000080053d0        0x4 /Applications/STM32CubeIDE.app/Contents/Eclipse/plugins/com.st.stm32cube.ide.mcu.externaltools.gnu-tools-for-stm32.7-2018-q2-update.macos64_1.4.0.202007081208/tools/bin/../lib/gcc/arm-none-eabi/7.3.1/thumb/v7e-m/fpv4-sp/hard/crti.o
                0x00000000080053d0                _init
 .init          0x00000000080053d4        0x8 /Applications/STM32CubeIDE.app/Contents/Eclipse/plugins/com.st.stm32cube.ide.mcu.externaltools.gnu-tools-for-stm32.7-2018-q2-update.macos64_1.4.0.202007081208/tools/bin/../lib/gcc/arm-none-eabi/7.3.1/thumb/v7e-m/fpv4-sp/hard/crtn.o
 *(.fini)
 .fini          0x00000000080053dc        0x4 /Applications/STM32CubeIDE.app/Contents/Eclipse/plugins/com.st.stm32cube.ide.mcu.externaltools.gnu-tools-for-stm32.7-2018-q2-update.macos64_1.4.0.202007081208/tools/bin/../lib/gcc/arm-none-eabi/7.3.1/thumb/v7e-m/fpv4-sp/hard/crti.o
                0x00000000080053dc                _fini
 .fini          0x00000000080053e0        0x8 /Applications/STM32CubeIDE.app/Contents/Eclipse/plugins/com.st.stm32cube.ide.mcu.externaltools.gnu-tools-for-stm32.7-2018-q2-update.macos64_1.4.0.202007081208/tools/bin/../lib/gcc/arm-none-eabi/7.3.1/thumb/v7e-m/fpv4-sp/hard/crtn.o
                0x00000000080053e8                . = ALIGN (0x4)
                0x00000000080053e8                _etext = .

.vfp11_veneer   0x00000000080053e8        0x0
 .vfp11_veneer  0x00000000080053e8        0x0 linker stubs

.v4_bx          0x00000000080053e8        0x0
 .v4_bx         0x00000000080053e8        0x0 linker stubs

.iplt           0x00000000080053e8        0x0
 .iplt          0x00000000080053e8        0x0 /Applications/STM32CubeIDE.app/Contents/Eclipse/plugins/com.st.stm32cube.ide.mcu.externaltools.gnu-tools-for-stm32.7-2018-q2-update.macos64_1.4.0.202007081208/tools/bin/../lib/gcc/arm-none-eabi/7.3.1/thumb/v7e-m/fpv4-sp/hard/crtbegin.o

.rodata         0x00000000080053e8       0xe0
                0x00000000080053e8                . = ALIGN (0x4)
 *(.rodata)
 .rodata        0x00000000080053e8       0x64 Src/main.o
 *(.rodata*)
 .rodata.AHBPrescTable
                0x000000000800544c       0x10 Src/system_stm32l4xx.o
                0x000000000800544c                AHBPrescTable
 .rodata.APBPrescTable
                0x000000000800545c        0x8 Src/system_stm32l4xx.o
                0x000000000800545c                APBPrescTable
 .rodata.MSIRangeTable
                0x0000000008005464       0x30 Src/system_stm32l4xx.o
                0x0000000008005464                MSIRangeTable
 .rodata._svfprintf_r.str1.1
                0x0000000008005494       0x11 /Applications/STM32CubeIDE.app/Contents/Eclipse/plugins/com.st.stm32cube.ide.mcu.externaltools.gnu-tools-for-stm32.7-2018-q2-update.macos64_1.4.0.202007081208/tools/bin/../lib/gcc/arm-none-eabi/7.3.1/../../../../arm-none-eabi/lib/thumb/v7e-m/fpv4-sp/hard/libc_nano.a(lib_a-nano-svfprintf.o)
 .rodata._printf_i.str1.1
                0x00000000080054a5       0x22 /Applications/STM32CubeIDE.app/Contents/Eclipse/plugins/com.st.stm32cube.ide.mcu.externaltools.gnu-tools-for-stm32.7-2018-q2-update.macos64_1.4.0.202007081208/tools/bin/../lib/gcc/arm-none-eabi/7.3.1/../../../../arm-none-eabi/lib/thumb/v7e-m/fpv4-sp/hard/libc_nano.a(lib_a-nano-vfprintf_i.o)
                0x00000000080054c8                . = ALIGN (0x4)
 *fill*         0x00000000080054c7        0x1 

.ARM.extab      0x00000000080054c8        0x0
                0x00000000080054c8                . = ALIGN (0x4)
 *(.ARM.extab* .gnu.linkonce.armextab.*)
                0x00000000080054c8                . = ALIGN (0x4)

.ARM            0x00000000080054c8        0x8
                0x00000000080054c8                . = ALIGN (0x4)
                0x00000000080054c8                __exidx_start = .
 *(.ARM.exidx*)
 .ARM.exidx     0x00000000080054c8        0x8 /Applications/STM32CubeIDE.app/Contents/Eclipse/plugins/com.st.stm32cube.ide.mcu.externaltools.gnu-tools-for-stm32.7-2018-q2-update.macos64_1.4.0.202007081208/tools/bin/../lib/gcc/arm-none-eabi/7.3.1/thumb/v7e-m/fpv4-sp/hard/libgcc.a(_udivmoddi4.o)
                0x00000000080054d0                __exidx_end = .
                0x00000000080054d0                . = ALIGN (0x4)

.rel.dyn        0x00000000080054d0        0x0
 .rel.iplt      0x00000000080054d0        0x0 /Applications/STM32CubeIDE.app/Contents/Eclipse/plugins/com.st.stm32cube.ide.mcu.externaltools.gnu-tools-for-stm32.7-2018-q2-update.macos64_1.4.0.202007081208/tools/bin/../lib/gcc/arm-none-eabi/7.3.1/thumb/v7e-m/fpv4-sp/hard/crtbegin.o

.preinit_array  0x00000000080054d0        0x0
                0x00000000080054d0                . = ALIGN (0x4)
                0x00000000080054d0                PROVIDE (__preinit_array_start = .)
 *(.preinit_array*)
                0x00000000080054d0                PROVIDE (__preinit_array_end = .)
                0x00000000080054d0                . = ALIGN (0x4)

.init_array     0x00000000080054d0        0x4
                0x00000000080054d0                . = ALIGN (0x4)
                0x00000000080054d0                PROVIDE (__init_array_start = .)
 *(SORT_BY_NAME(.init_array.*))
 *(.init_array*)
 .init_array    0x00000000080054d0        0x4 /Applications/STM32CubeIDE.app/Contents/Eclipse/plugins/com.st.stm32cube.ide.mcu.externaltools.gnu-tools-for-stm32.7-2018-q2-update.macos64_1.4.0.202007081208/tools/bin/../lib/gcc/arm-none-eabi/7.3.1/thumb/v7e-m/fpv4-sp/hard/crtbegin.o
                0x00000000080054d4                PROVIDE (__init_array_end = .)
                0x00000000080054d4                . = ALIGN (0x4)

.fini_array     0x00000000080054d4        0x4
                0x00000000080054d4                . = ALIGN (0x4)
                [!provide]                        PROVIDE (__fini_array_start = .)
 *(SORT_BY_NAME(.fini_array.*))
 *(.fini_array*)
 .fini_array    0x00000000080054d4        0x4 /Applications/STM32CubeIDE.app/Contents/Eclipse/plugins/com.st.stm32cube.ide.mcu.externaltools.gnu-tools-for-stm32.7-2018-q2-update.macos64_1.4.0.202007081208/tools/bin/../lib/gcc/arm-none-eabi/7.3.1/thumb/v7e-m/fpv4-sp/hard/crtbegin.o
                [!provide]                        PROVIDE (__fini_array_end = .)
                0x00000000080054d8                . = ALIGN (0x4)
                0x00000000080054d8                _sidata = LOADADDR (.data)

.data           0x0000000020000000       0xf4 load address 0x00000000080054d8
                0x0000000020000000                . = ALIGN (0x4)
                0x0000000020000000                _sdata = .
 *(.data)
 *(.data*)
 .data.uwTickPrio
                0x0000000020000000        0x4 Drivers/STM32L4xx_HAL_Driver/Src/stm32l4xx_hal.o
                0x0000000020000000                uwTickPrio
 .data.uwTickFreq
                0x0000000020000004        0x1 Drivers/STM32L4xx_HAL_Driver/Src/stm32l4xx_hal.o
                0x0000000020000004                uwTickFreq
 *fill*         0x0000000020000005        0x3 
 .data.HTS221_H_Drv
                0x0000000020000008        0xc Src/hts221.o
                0x0000000020000008                HTS221_H_Drv
 .data.HTS221_T_Drv
                0x0000000020000014       0x10 Src/hts221.o
                0x0000000020000014                HTS221_T_Drv
 .data.Lsm6dslAccDrv
                0x0000000020000024       0x34 Src/lsm6dsl.o
                0x0000000020000024                Lsm6dslAccDrv
 .data.Lsm6dslGyroDrv
                0x0000000020000058       0x34 Src/lsm6dsl.o
                0x0000000020000058                Lsm6dslGyroDrv
 .data.SystemCoreClock
                0x000000002000008c        0x4 Src/system_stm32l4xx.o
                0x000000002000008c                SystemCoreClock
 .data._impure_ptr
                0x0000000020000090        0x4 /Applications/STM32CubeIDE.app/Contents/Eclipse/plugins/com.st.stm32cube.ide.mcu.externaltools.gnu-tools-for-stm32.7-2018-q2-update.macos64_1.4.0.202007081208/tools/bin/../lib/gcc/arm-none-eabi/7.3.1/../../../../arm-none-eabi/lib/thumb/v7e-m/fpv4-sp/hard/libc_nano.a(lib_a-impure.o)
                0x0000000020000090                _impure_ptr
 .data.impure_data
                0x0000000020000094       0x60 /Applications/STM32CubeIDE.app/Contents/Eclipse/plugins/com.st.stm32cube.ide.mcu.externaltools.gnu-tools-for-stm32.7-2018-q2-update.macos64_1.4.0.202007081208/tools/bin/../lib/gcc/arm-none-eabi/7.3.1/../../../../arm-none-eabi/lib/thumb/v7e-m/fpv4-sp/hard/libc_nano.a(lib_a-impure.o)
                0x00000000200000f4                . = ALIGN (0x4)
                0x00000000200000f4                _edata = .

.igot.plt       0x00000000200000f4        0x0 load address 0x00000000080055cc
 .igot.plt      0x00000000200000f4        0x0 /Applications/STM32CubeIDE.app/Contents/Eclipse/plugins/com.st.stm32cube.ide.mcu.externaltools.gnu-tools-for-stm32.7-2018-q2-update.macos64_1.4.0.202007081208/tools/bin/../lib/gcc/arm-none-eabi/7.3.1/thumb/v7e-m/fpv4-sp/hard/crtbegin.o
                0x00000000200000f4                . = ALIGN (0x4)

.bss            0x00000000200000f4      0x25c load address 0x00000000080055cc
                0x00000000200000f4                _sbss = .
                0x00000000200000f4                __bss_start__ = _sbss
 *(.bss)
 .bss           0x00000000200000f4       0x1c /Applications/STM32CubeIDE.app/Contents/Eclipse/plugins/com.st.stm32cube.ide.mcu.externaltools.gnu-tools-for-stm32.7-2018-q2-update.macos64_1.4.0.202007081208/tools/bin/../lib/gcc/arm-none-eabi/7.3.1/thumb/v7e-m/fpv4-sp/hard/crtbegin.o
 *(.bss*)
 .bss.humidityReading
                0x0000000020000110        0x4 Src/main.o
                0x0000000020000110                humidityReading
 .bss.temperatureReading
                0x0000000020000114        0x4 Src/main.o
                0x0000000020000114                temperatureReading
 .bss.acceleroReading
                0x0000000020000118        0x6 Src/main.o
                0x0000000020000118                acceleroReading
 *fill*         0x000000002000011e        0x2 
 .bss.gyroscopeReading
                0x0000000020000120        0xc Src/main.o
                0x0000000020000120                gyroscopeReading
 .bss.AccelerometerDrv
                0x000000002000012c        0x4 Src/stm32l475e_iot01_accelero.o
 .bss.GyroscopeDrv
                0x0000000020000130        0x4 Src/stm32l475e_iot01_gyro.o
 .bss.Hsensor_drv
                0x0000000020000134        0x4 Src/stm32l475e_iot01_hsensor.o
 .bss.tsensor_drv
                0x0000000020000138        0x4 Src/stm32l475e_iot01_tsensor.o
 .bss.__sbrk_heap_end
                0x000000002000013c        0x4 Src/sysmem.o
 .bss.__malloc_free_list
                0x0000000020000140        0x4 /Applications/STM32CubeIDE.app/Contents/Eclipse/plugins/com.st.stm32cube.ide.mcu.externaltools.gnu-tools-for-stm32.7-2018-q2-update.macos64_1.4.0.202007081208/tools/bin/../lib/gcc/arm-none-eabi/7.3.1/../../../../arm-none-eabi/lib/thumb/v7e-m/fpv4-sp/hard/libc_nano.a(lib_a-nano-mallocr.o)
                0x0000000020000140                __malloc_free_list
 .bss.__malloc_sbrk_start
                0x0000000020000144        0x4 /Applications/STM32CubeIDE.app/Contents/Eclipse/plugins/com.st.stm32cube.ide.mcu.externaltools.gnu-tools-for-stm32.7-2018-q2-update.macos64_1.4.0.202007081208/tools/bin/../lib/gcc/arm-none-eabi/7.3.1/../../../../arm-none-eabi/lib/thumb/v7e-m/fpv4-sp/hard/libc_nano.a(lib_a-nano-mallocr.o)
                0x0000000020000144                __malloc_sbrk_start
 *(COMMON)
 COMMON         0x0000000020000148        0x4 Drivers/STM32L4xx_HAL_Driver/Src/stm32l4xx_hal.o
                0x0000000020000148                uwTick
 COMMON         0x000000002000014c      0x134 Src/main.o
                0x000000002000014c                temperatureStr
                0x0000000020000160                hi2c1
                0x00000000200001ac                accelerometerStr
                0x00000000200001cc                huart1
                0x000000002000024c                gyroscopeStr
                0x000000002000026c                humidityStr
 COMMON         0x0000000020000280       0xcc Src/stm32l475e_iot01.o
                0x0000000020000280                hDiscoUart
                0x0000000020000300                hI2cHandler
 COMMON         0x000000002000034c        0x4 /Applications/STM32CubeIDE.app/Contents/Eclipse/plugins/com.st.stm32cube.ide.mcu.externaltools.gnu-tools-for-stm32.7-2018-q2-update.macos64_1.4.0.202007081208/tools/bin/../lib/gcc/arm-none-eabi/7.3.1/../../../../arm-none-eabi/lib/thumb/v7e-m/fpv4-sp/hard/libc_nano.a(lib_a-reent.o)
                0x000000002000034c                errno
                0x0000000020000350                . = ALIGN (0x4)
                0x0000000020000350                _ebss = .
                0x0000000020000350                __bss_end__ = _ebss

._user_heap_stack
                0x0000000020000350      0x600 load address 0x00000000080055cc
                0x0000000020000350                . = ALIGN (0x8)
                [!provide]                        PROVIDE (end = .)
                0x0000000020000350                PROVIDE (_end = .)
                0x0000000020000550                . = (. + _Min_Heap_Size)
 *fill*         0x0000000020000350      0x200 
                0x0000000020000950                . = (. + _Min_Stack_Size)
 *fill*         0x0000000020000550      0x400 
                0x0000000020000950                . = ALIGN (0x8)

/DISCARD/
 libc.a(*)
 libm.a(*)
 libgcc.a(*)

.ARM.attributes
                0x0000000000000000       0x30
 *(.ARM.attributes)
 .ARM.attributes
                0x0000000000000000       0x22 /Applications/STM32CubeIDE.app/Contents/Eclipse/plugins/com.st.stm32cube.ide.mcu.externaltools.gnu-tools-for-stm32.7-2018-q2-update.macos64_1.4.0.202007081208/tools/bin/../lib/gcc/arm-none-eabi/7.3.1/thumb/v7e-m/fpv4-sp/hard/crti.o
 .ARM.attributes
                0x0000000000000022       0x34 /Applications/STM32CubeIDE.app/Contents/Eclipse/plugins/com.st.stm32cube.ide.mcu.externaltools.gnu-tools-for-stm32.7-2018-q2-update.macos64_1.4.0.202007081208/tools/bin/../lib/gcc/arm-none-eabi/7.3.1/thumb/v7e-m/fpv4-sp/hard/crtbegin.o
 .ARM.attributes
                0x0000000000000056       0x39 Drivers/STM32L4xx_HAL_Driver/Src/stm32l4xx_hal.o
 .ARM.attributes
                0x000000000000008f       0x39 Drivers/STM32L4xx_HAL_Driver/Src/stm32l4xx_hal_cortex.o
 .ARM.attributes
                0x00000000000000c8       0x39 Drivers/STM32L4xx_HAL_Driver/Src/stm32l4xx_hal_gpio.o
 .ARM.attributes
                0x0000000000000101       0x39 Drivers/STM32L4xx_HAL_Driver/Src/stm32l4xx_hal_i2c.o
 .ARM.attributes
                0x000000000000013a       0x39 Drivers/STM32L4xx_HAL_Driver/Src/stm32l4xx_hal_i2c_ex.o
 .ARM.attributes
                0x0000000000000173       0x39 Drivers/STM32L4xx_HAL_Driver/Src/stm32l4xx_hal_pwr_ex.o
 .ARM.attributes
                0x00000000000001ac       0x39 Drivers/STM32L4xx_HAL_Driver/Src/stm32l4xx_hal_rcc.o
 .ARM.attributes
                0x00000000000001e5       0x39 Drivers/STM32L4xx_HAL_Driver/Src/stm32l4xx_hal_rcc_ex.o
 .ARM.attributes
                0x000000000000021e       0x39 Drivers/STM32L4xx_HAL_Driver/Src/stm32l4xx_hal_uart.o
 .ARM.attributes
                0x0000000000000257       0x39 Src/hts221.o
 .ARM.attributes
                0x0000000000000290       0x39 Src/lsm6dsl.o
 .ARM.attributes
                0x00000000000002c9       0x39 Src/main.o
 .ARM.attributes
                0x0000000000000302       0x39 Src/stm32l475e_iot01.o
 .ARM.attributes
                0x000000000000033b       0x39 Src/stm32l475e_iot01_accelero.o
 .ARM.attributes
                0x0000000000000374       0x39 Src/stm32l475e_iot01_gyro.o
 .ARM.attributes
                0x00000000000003ad       0x39 Src/stm32l475e_iot01_hsensor.o
 .ARM.attributes
                0x00000000000003e6       0x39 Src/stm32l475e_iot01_tsensor.o
 .ARM.attributes
                0x000000000000041f       0x39 Src/stm32l4xx_hal_msp.o
 .ARM.attributes
                0x0000000000000458       0x39 Src/stm32l4xx_it.o
 .ARM.attributes
                0x0000000000000491       0x39 Src/sysmem.o
 .ARM.attributes
                0x00000000000004ca       0x39 Src/system_stm32l4xx.o
 .ARM.attributes
                0x0000000000000503       0x21 Startup/startup_stm32l475vgtx.o
 .ARM.attributes
                0x0000000000000524       0x34 /Applications/STM32CubeIDE.app/Contents/Eclipse/plugins/com.st.stm32cube.ide.mcu.externaltools.gnu-tools-for-stm32.7-2018-q2-update.macos64_1.4.0.202007081208/tools/bin/../lib/gcc/arm-none-eabi/7.3.1/../../../../arm-none-eabi/lib/thumb/v7e-m/fpv4-sp/hard/libc_nano.a(lib_a-errno.o)
 .ARM.attributes
                0x0000000000000558       0x34 /Applications/STM32CubeIDE.app/Contents/Eclipse/plugins/com.st.stm32cube.ide.mcu.externaltools.gnu-tools-for-stm32.7-2018-q2-update.macos64_1.4.0.202007081208/tools/bin/../lib/gcc/arm-none-eabi/7.3.1/../../../../arm-none-eabi/lib/thumb/v7e-m/fpv4-sp/hard/libc_nano.a(lib_a-impure.o)
 .ARM.attributes
                0x000000000000058c       0x34 /Applications/STM32CubeIDE.app/Contents/Eclipse/plugins/com.st.stm32cube.ide.mcu.externaltools.gnu-tools-for-stm32.7-2018-q2-update.macos64_1.4.0.202007081208/tools/bin/../lib/gcc/arm-none-eabi/7.3.1/../../../../arm-none-eabi/lib/thumb/v7e-m/fpv4-sp/hard/libc_nano.a(lib_a-init.o)
 .ARM.attributes
                0x00000000000005c0       0x34 /Applications/STM32CubeIDE.app/Contents/Eclipse/plugins/com.st.stm32cube.ide.mcu.externaltools.gnu-tools-for-stm32.7-2018-q2-update.macos64_1.4.0.202007081208/tools/bin/../lib/gcc/arm-none-eabi/7.3.1/../../../../arm-none-eabi/lib/thumb/v7e-m/fpv4-sp/hard/libc_nano.a(lib_a-memset.o)
 .ARM.attributes
                0x00000000000005f4       0x34 /Applications/STM32CubeIDE.app/Contents/Eclipse/plugins/com.st.stm32cube.ide.mcu.externaltools.gnu-tools-for-stm32.7-2018-q2-update.macos64_1.4.0.202007081208/tools/bin/../lib/gcc/arm-none-eabi/7.3.1/../../../../arm-none-eabi/lib/thumb/v7e-m/fpv4-sp/hard/libc_nano.a(lib_a-sprintf.o)
 .ARM.attributes
                0x0000000000000628       0x34 /Applications/STM32CubeIDE.app/Contents/Eclipse/plugins/com.st.stm32cube.ide.mcu.externaltools.gnu-tools-for-stm32.7-2018-q2-update.macos64_1.4.0.202007081208/tools/bin/../lib/gcc/arm-none-eabi/7.3.1/../../../../arm-none-eabi/lib/thumb/v7e-m/fpv4-sp/hard/libc_nano.a(lib_a-nano-svfprintf.o)
 .ARM.attributes
                0x000000000000065c       0x34 /Applications/STM32CubeIDE.app/Contents/Eclipse/plugins/com.st.stm32cube.ide.mcu.externaltools.gnu-tools-for-stm32.7-2018-q2-update.macos64_1.4.0.202007081208/tools/bin/../lib/gcc/arm-none-eabi/7.3.1/../../../../arm-none-eabi/lib/thumb/v7e-m/fpv4-sp/hard/libc_nano.a(lib_a-nano-vfprintf_i.o)
 .ARM.attributes
                0x0000000000000690       0x20 /Applications/STM32CubeIDE.app/Contents/Eclipse/plugins/com.st.stm32cube.ide.mcu.externaltools.gnu-tools-for-stm32.7-2018-q2-update.macos64_1.4.0.202007081208/tools/bin/../lib/gcc/arm-none-eabi/7.3.1/../../../../arm-none-eabi/lib/thumb/v7e-m/fpv4-sp/hard/libc_nano.a(lib_a-memchr.o)
 .ARM.attributes
                0x00000000000006b0       0x34 /Applications/STM32CubeIDE.app/Contents/Eclipse/plugins/com.st.stm32cube.ide.mcu.externaltools.gnu-tools-for-stm32.7-2018-q2-update.macos64_1.4.0.202007081208/tools/bin/../lib/gcc/arm-none-eabi/7.3.1/../../../../arm-none-eabi/lib/thumb/v7e-m/fpv4-sp/hard/libc_nano.a(lib_a-memcpy-stub.o)
 .ARM.attributes
                0x00000000000006e4       0x34 /Applications/STM32CubeIDE.app/Contents/Eclipse/plugins/com.st.stm32cube.ide.mcu.externaltools.gnu-tools-for-stm32.7-2018-q2-update.macos64_1.4.0.202007081208/tools/bin/../lib/gcc/arm-none-eabi/7.3.1/../../../../arm-none-eabi/lib/thumb/v7e-m/fpv4-sp/hard/libc_nano.a(lib_a-memmove.o)
 .ARM.attributes
                0x0000000000000718       0x34 /Applications/STM32CubeIDE.app/Contents/Eclipse/plugins/com.st.stm32cube.ide.mcu.externaltools.gnu-tools-for-stm32.7-2018-q2-update.macos64_1.4.0.202007081208/tools/bin/../lib/gcc/arm-none-eabi/7.3.1/../../../../arm-none-eabi/lib/thumb/v7e-m/fpv4-sp/hard/libc_nano.a(lib_a-nano-freer.o)
 .ARM.attributes
                0x000000000000074c       0x34 /Applications/STM32CubeIDE.app/Contents/Eclipse/plugins/com.st.stm32cube.ide.mcu.externaltools.gnu-tools-for-stm32.7-2018-q2-update.macos64_1.4.0.202007081208/tools/bin/../lib/gcc/arm-none-eabi/7.3.1/../../../../arm-none-eabi/lib/thumb/v7e-m/fpv4-sp/hard/libc_nano.a(lib_a-nano-mallocr.o)
 .ARM.attributes
                0x0000000000000780       0x34 /Applications/STM32CubeIDE.app/Contents/Eclipse/plugins/com.st.stm32cube.ide.mcu.externaltools.gnu-tools-for-stm32.7-2018-q2-update.macos64_1.4.0.202007081208/tools/bin/../lib/gcc/arm-none-eabi/7.3.1/../../../../arm-none-eabi/lib/thumb/v7e-m/fpv4-sp/hard/libc_nano.a(lib_a-nano-reallocr.o)
 .ARM.attributes
                0x00000000000007b4       0x34 /Applications/STM32CubeIDE.app/Contents/Eclipse/plugins/com.st.stm32cube.ide.mcu.externaltools.gnu-tools-for-stm32.7-2018-q2-update.macos64_1.4.0.202007081208/tools/bin/../lib/gcc/arm-none-eabi/7.3.1/../../../../arm-none-eabi/lib/thumb/v7e-m/fpv4-sp/hard/libc_nano.a(lib_a-sbrkr.o)
 .ARM.attributes
                0x00000000000007e8       0x34 /Applications/STM32CubeIDE.app/Contents/Eclipse/plugins/com.st.stm32cube.ide.mcu.externaltools.gnu-tools-for-stm32.7-2018-q2-update.macos64_1.4.0.202007081208/tools/bin/../lib/gcc/arm-none-eabi/7.3.1/../../../../arm-none-eabi/lib/thumb/v7e-m/fpv4-sp/hard/libc_nano.a(lib_a-mlock.o)
 .ARM.attributes
                0x000000000000081c       0x34 /Applications/STM32CubeIDE.app/Contents/Eclipse/plugins/com.st.stm32cube.ide.mcu.externaltools.gnu-tools-for-stm32.7-2018-q2-update.macos64_1.4.0.202007081208/tools/bin/../lib/gcc/arm-none-eabi/7.3.1/../../../../arm-none-eabi/lib/thumb/v7e-m/fpv4-sp/hard/libc_nano.a(lib_a-nano-msizer.o)
 .ARM.attributes
                0x0000000000000850       0x34 /Applications/STM32CubeIDE.app/Contents/Eclipse/plugins/com.st.stm32cube.ide.mcu.externaltools.gnu-tools-for-stm32.7-2018-q2-update.macos64_1.4.0.202007081208/tools/bin/../lib/gcc/arm-none-eabi/7.3.1/../../../../arm-none-eabi/lib/thumb/v7e-m/fpv4-sp/hard/libc_nano.a(lib_a-reent.o)
 .ARM.attributes
                0x0000000000000884       0x22 /Applications/STM32CubeIDE.app/Contents/Eclipse/plugins/com.st.stm32cube.ide.mcu.externaltools.gnu-tools-for-stm32.7-2018-q2-update.macos64_1.4.0.202007081208/tools/bin/../lib/gcc/arm-none-eabi/7.3.1/thumb/v7e-m/fpv4-sp/hard/libgcc.a(_aeabi_uldivmod.o)
 .ARM.attributes
                0x00000000000008a6       0x34 /Applications/STM32CubeIDE.app/Contents/Eclipse/plugins/com.st.stm32cube.ide.mcu.externaltools.gnu-tools-for-stm32.7-2018-q2-update.macos64_1.4.0.202007081208/tools/bin/../lib/gcc/arm-none-eabi/7.3.1/thumb/v7e-m/fpv4-sp/hard/libgcc.a(_udivmoddi4.o)
 .ARM.attributes
                0x00000000000008da       0x22 /Applications/STM32CubeIDE.app/Contents/Eclipse/plugins/com.st.stm32cube.ide.mcu.externaltools.gnu-tools-for-stm32.7-2018-q2-update.macos64_1.4.0.202007081208/tools/bin/../lib/gcc/arm-none-eabi/7.3.1/thumb/v7e-m/fpv4-sp/hard/libgcc.a(_dvmd_tls.o)
 .ARM.attributes
                0x00000000000008fc       0x22 /Applications/STM32CubeIDE.app/Contents/Eclipse/plugins/com.st.stm32cube.ide.mcu.externaltools.gnu-tools-for-stm32.7-2018-q2-update.macos64_1.4.0.202007081208/tools/bin/../lib/gcc/arm-none-eabi/7.3.1/thumb/v7e-m/fpv4-sp/hard/crtn.o
OUTPUT(utp_FinalProject.elf elf32-littlearm)

.debug_info     0x0000000000000000    0x10ce5
 .debug_info    0x0000000000000000      0xc1a Drivers/STM32L4xx_HAL_Driver/Src/stm32l4xx_hal.o
 .debug_info    0x0000000000000c1a      0xf67 Drivers/STM32L4xx_HAL_Driver/Src/stm32l4xx_hal_cortex.o
 .debug_info    0x0000000000001b81      0x9c2 Drivers/STM32L4xx_HAL_Driver/Src/stm32l4xx_hal_gpio.o
 .debug_info    0x0000000000002543     0x210d Drivers/STM32L4xx_HAL_Driver/Src/stm32l4xx_hal_i2c.o
 .debug_info    0x0000000000004650      0xb72 Drivers/STM32L4xx_HAL_Driver/Src/stm32l4xx_hal_i2c_ex.o
 .debug_info    0x00000000000051c2      0xb35 Drivers/STM32L4xx_HAL_Driver/Src/stm32l4xx_hal_pwr_ex.o
 .debug_info    0x0000000000005cf7      0xd2f Drivers/STM32L4xx_HAL_Driver/Src/stm32l4xx_hal_rcc.o
 .debug_info    0x0000000000006a26      0xf41 Drivers/STM32L4xx_HAL_Driver/Src/stm32l4xx_hal_rcc_ex.o
 .debug_info    0x0000000000007967     0x1830 Drivers/STM32L4xx_HAL_Driver/Src/stm32l4xx_hal_uart.o
 .debug_info    0x0000000000009197      0x462 Src/hts221.o
 .debug_info    0x00000000000095f9      0x540 Src/lsm6dsl.o
 .debug_info    0x0000000000009b39     0x1e2c Src/main.o
 .debug_info    0x000000000000b965     0x1a64 Src/stm32l475e_iot01.o
 .debug_info    0x000000000000d3c9      0x651 Src/stm32l475e_iot01_accelero.o
 .debug_info    0x000000000000da1a      0x63a Src/stm32l475e_iot01_gyro.o
 .debug_info    0x000000000000e054      0x4c3 Src/stm32l475e_iot01_hsensor.o
 .debug_info    0x000000000000e517      0x4ae Src/stm32l475e_iot01_tsensor.o
 .debug_info    0x000000000000e9c5      0xf09 Src/stm32l4xx_hal_msp.o
 .debug_info    0x000000000000f8ce      0x349 Src/stm32l4xx_it.o
 .debug_info    0x000000000000fc17      0x985 Src/sysmem.o
 .debug_info    0x000000000001059c      0x727 Src/system_stm32l4xx.o
 .debug_info    0x0000000000010cc3       0x22 Startup/startup_stm32l475vgtx.o

.debug_abbrev   0x0000000000000000     0x24d6
 .debug_abbrev  0x0000000000000000      0x1fb Drivers/STM32L4xx_HAL_Driver/Src/stm32l4xx_hal.o
 .debug_abbrev  0x00000000000001fb      0x2fa Drivers/STM32L4xx_HAL_Driver/Src/stm32l4xx_hal_cortex.o
 .debug_abbrev  0x00000000000004f5      0x1c0 Drivers/STM32L4xx_HAL_Driver/Src/stm32l4xx_hal_gpio.o
 .debug_abbrev  0x00000000000006b5      0x22a Drivers/STM32L4xx_HAL_Driver/Src/stm32l4xx_hal_i2c.o
 .debug_abbrev  0x00000000000008df      0x1b9 Drivers/STM32L4xx_HAL_Driver/Src/stm32l4xx_hal_i2c_ex.o
 .debug_abbrev  0x0000000000000a98      0x1cb Drivers/STM32L4xx_HAL_Driver/Src/stm32l4xx_hal_pwr_ex.o
 .debug_abbrev  0x0000000000000c63      0x245 Drivers/STM32L4xx_HAL_Driver/Src/stm32l4xx_hal_rcc.o
 .debug_abbrev  0x0000000000000ea8      0x238 Drivers/STM32L4xx_HAL_Driver/Src/stm32l4xx_hal_rcc_ex.o
 .debug_abbrev  0x00000000000010e0      0x205 Drivers/STM32L4xx_HAL_Driver/Src/stm32l4xx_hal_uart.o
 .debug_abbrev  0x00000000000012e5      0x125 Src/hts221.o
 .debug_abbrev  0x000000000000140a      0x194 Src/lsm6dsl.o
 .debug_abbrev  0x000000000000159e      0x245 Src/main.o
 .debug_abbrev  0x00000000000017e3      0x26f Src/stm32l475e_iot01.o
 .debug_abbrev  0x0000000000001a52      0x15f Src/stm32l475e_iot01_accelero.o
 .debug_abbrev  0x0000000000001bb1      0x15f Src/stm32l475e_iot01_gyro.o
 .debug_abbrev  0x0000000000001d10      0x128 Src/stm32l475e_iot01_hsensor.o
 .debug_abbrev  0x0000000000001e38      0x128 Src/stm32l475e_iot01_tsensor.o
 .debug_abbrev  0x0000000000001f60      0x197 Src/stm32l4xx_hal_msp.o
 .debug_abbrev  0x00000000000020f7       0xe2 Src/stm32l4xx_it.o
 .debug_abbrev  0x00000000000021d9      0x19b Src/sysmem.o
 .debug_abbrev  0x0000000000002374      0x150 Src/system_stm32l4xx.o
 .debug_abbrev  0x00000000000024c4       0x12 Startup/startup_stm32l475vgtx.o

.debug_aranges  0x0000000000000000      0xe18
 .debug_aranges
                0x0000000000000000      0x130 Drivers/STM32L4xx_HAL_Driver/Src/stm32l4xx_hal.o
 .debug_aranges
                0x0000000000000130      0x118 Drivers/STM32L4xx_HAL_Driver/Src/stm32l4xx_hal_cortex.o
 .debug_aranges
                0x0000000000000248       0x58 Drivers/STM32L4xx_HAL_Driver/Src/stm32l4xx_hal_gpio.o
 .debug_aranges
                0x00000000000002a0      0x290 Drivers/STM32L4xx_HAL_Driver/Src/stm32l4xx_hal_i2c.o
 .debug_aranges
                0x0000000000000530       0x48 Drivers/STM32L4xx_HAL_Driver/Src/stm32l4xx_hal_i2c_ex.o
 .debug_aranges
                0x0000000000000578      0x150 Drivers/STM32L4xx_HAL_Driver/Src/stm32l4xx_hal_pwr_ex.o
 .debug_aranges
                0x00000000000006c8       0x88 Drivers/STM32L4xx_HAL_Driver/Src/stm32l4xx_hal_rcc.o
 .debug_aranges
                0x0000000000000750       0xc0 Drivers/STM32L4xx_HAL_Driver/Src/stm32l4xx_hal_rcc_ex.o
 .debug_aranges
                0x0000000000000810      0x210 Drivers/STM32L4xx_HAL_Driver/Src/stm32l4xx_hal_uart.o
 .debug_aranges
                0x0000000000000a20       0x40 Src/hts221.o
 .debug_aranges
                0x0000000000000a60       0x68 Src/lsm6dsl.o
 .debug_aranges
                0x0000000000000ac8       0x48 Src/main.o
 .debug_aranges
                0x0000000000000b10      0x130 Src/stm32l475e_iot01.o
 .debug_aranges
                0x0000000000000c40       0x38 Src/stm32l475e_iot01_accelero.o
 .debug_aranges
                0x0000000000000c78       0x38 Src/stm32l475e_iot01_gyro.o
 .debug_aranges
                0x0000000000000cb0       0x30 Src/stm32l475e_iot01_hsensor.o
 .debug_aranges
                0x0000000000000ce0       0x28 Src/stm32l475e_iot01_tsensor.o
 .debug_aranges
                0x0000000000000d08       0x40 Src/stm32l4xx_hal_msp.o
 .debug_aranges
                0x0000000000000d48       0x60 Src/stm32l4xx_it.o
 .debug_aranges
                0x0000000000000da8       0x20 Src/sysmem.o
 .debug_aranges
                0x0000000000000dc8       0x28 Src/system_stm32l4xx.o
 .debug_aranges
                0x0000000000000df0       0x28 Startup/startup_stm32l475vgtx.o

.debug_ranges   0x0000000000000000      0xcc0
 .debug_ranges  0x0000000000000000      0x120 Drivers/STM32L4xx_HAL_Driver/Src/stm32l4xx_hal.o
 .debug_ranges  0x0000000000000120      0x108 Drivers/STM32L4xx_HAL_Driver/Src/stm32l4xx_hal_cortex.o
 .debug_ranges  0x0000000000000228       0x48 Drivers/STM32L4xx_HAL_Driver/Src/stm32l4xx_hal_gpio.o
 .debug_ranges  0x0000000000000270      0x280 Drivers/STM32L4xx_HAL_Driver/Src/stm32l4xx_hal_i2c.o
 .debug_ranges  0x00000000000004f0       0x38 Drivers/STM32L4xx_HAL_Driver/Src/stm32l4xx_hal_i2c_ex.o
 .debug_ranges  0x0000000000000528      0x140 Drivers/STM32L4xx_HAL_Driver/Src/stm32l4xx_hal_pwr_ex.o
 .debug_ranges  0x0000000000000668       0x78 Drivers/STM32L4xx_HAL_Driver/Src/stm32l4xx_hal_rcc.o
 .debug_ranges  0x00000000000006e0       0xb0 Drivers/STM32L4xx_HAL_Driver/Src/stm32l4xx_hal_rcc_ex.o
 .debug_ranges  0x0000000000000790      0x200 Drivers/STM32L4xx_HAL_Driver/Src/stm32l4xx_hal_uart.o
 .debug_ranges  0x0000000000000990       0x30 Src/hts221.o
 .debug_ranges  0x00000000000009c0       0x58 Src/lsm6dsl.o
 .debug_ranges  0x0000000000000a18       0x38 Src/main.o
 .debug_ranges  0x0000000000000a50      0x120 Src/stm32l475e_iot01.o
 .debug_ranges  0x0000000000000b70       0x28 Src/stm32l475e_iot01_accelero.o
 .debug_ranges  0x0000000000000b98       0x28 Src/stm32l475e_iot01_gyro.o
 .debug_ranges  0x0000000000000bc0       0x20 Src/stm32l475e_iot01_hsensor.o
 .debug_ranges  0x0000000000000be0       0x18 Src/stm32l475e_iot01_tsensor.o
 .debug_ranges  0x0000000000000bf8       0x30 Src/stm32l4xx_hal_msp.o
 .debug_ranges  0x0000000000000c28       0x50 Src/stm32l4xx_it.o
 .debug_ranges  0x0000000000000c78       0x10 Src/sysmem.o
 .debug_ranges  0x0000000000000c88       0x18 Src/system_stm32l4xx.o
 .debug_ranges  0x0000000000000ca0       0x20 Startup/startup_stm32l475vgtx.o

.debug_macro    0x0000000000000000    0x27217
 .debug_macro   0x0000000000000000      0x213 Drivers/STM32L4xx_HAL_Driver/Src/stm32l4xx_hal.o
 .debug_macro   0x0000000000000213      0xa5a Drivers/STM32L4xx_HAL_Driver/Src/stm32l4xx_hal.o
 .debug_macro   0x0000000000000c6d      0x1a7 Drivers/STM32L4xx_HAL_Driver/Src/stm32l4xx_hal.o
 .debug_macro   0x0000000000000e14       0x2e Drivers/STM32L4xx_HAL_Driver/Src/stm32l4xx_hal.o
 .debug_macro   0x0000000000000e42       0x28 Drivers/STM32L4xx_HAL_Driver/Src/stm32l4xx_hal.o
 .debug_macro   0x0000000000000e6a       0x22 Drivers/STM32L4xx_HAL_Driver/Src/stm32l4xx_hal.o
 .debug_macro   0x0000000000000e8c       0x8e Drivers/STM32L4xx_HAL_Driver/Src/stm32l4xx_hal.o
 .debug_macro   0x0000000000000f1a       0x51 Drivers/STM32L4xx_HAL_Driver/Src/stm32l4xx_hal.o
 .debug_macro   0x0000000000000f6b       0xef Drivers/STM32L4xx_HAL_Driver/Src/stm32l4xx_hal.o
 .debug_macro   0x000000000000105a       0x6a Drivers/STM32L4xx_HAL_Driver/Src/stm32l4xx_hal.o
 .debug_macro   0x00000000000010c4      0x1df Drivers/STM32L4xx_HAL_Driver/Src/stm32l4xx_hal.o
 .debug_macro   0x00000000000012a3       0x1c Drivers/STM32L4xx_HAL_Driver/Src/stm32l4xx_hal.o
 .debug_macro   0x00000000000012bf       0x22 Drivers/STM32L4xx_HAL_Driver/Src/stm32l4xx_hal.o
 .debug_macro   0x00000000000012e1      0x101 Drivers/STM32L4xx_HAL_Driver/Src/stm32l4xx_hal.o
 .debug_macro   0x00000000000013e2     0x1011 Drivers/STM32L4xx_HAL_Driver/Src/stm32l4xx_hal.o
 .debug_macro   0x00000000000023f3      0x11f Drivers/STM32L4xx_HAL_Driver/Src/stm32l4xx_hal.o
 .debug_macro   0x0000000000002512    0x19db6 Drivers/STM32L4xx_HAL_Driver/Src/stm32l4xx_hal.o
 .debug_macro   0x000000000001c2c8       0x43 Drivers/STM32L4xx_HAL_Driver/Src/stm32l4xx_hal.o
 .debug_macro   0x000000000001c30b     0x3890 Drivers/STM32L4xx_HAL_Driver/Src/stm32l4xx_hal.o
 .debug_macro   0x000000000001fb9b      0x174 Drivers/STM32L4xx_HAL_Driver/Src/stm32l4xx_hal.o
 .debug_macro   0x000000000001fd0f       0x5c Drivers/STM32L4xx_HAL_Driver/Src/stm32l4xx_hal.o
 .debug_macro   0x000000000001fd6b     0x1519 Drivers/STM32L4xx_HAL_Driver/Src/stm32l4xx_hal.o
 .debug_macro   0x0000000000021284      0x59e Drivers/STM32L4xx_HAL_Driver/Src/stm32l4xx_hal.o
 .debug_macro   0x0000000000021822      0x13d Drivers/STM32L4xx_HAL_Driver/Src/stm32l4xx_hal.o
 .debug_macro   0x000000000002195f      0x17d Drivers/STM32L4xx_HAL_Driver/Src/stm32l4xx_hal.o
 .debug_macro   0x0000000000021adc      0x26b Drivers/STM32L4xx_HAL_Driver/Src/stm32l4xx_hal.o
 .debug_macro   0x0000000000021d47      0x23d Drivers/STM32L4xx_HAL_Driver/Src/stm32l4xx_hal.o
 .debug_macro   0x0000000000021f84      0x241 Drivers/STM32L4xx_HAL_Driver/Src/stm32l4xx_hal.o
 .debug_macro   0x00000000000221c5      0x37c Drivers/STM32L4xx_HAL_Driver/Src/stm32l4xx_hal.o
 .debug_macro   0x0000000000022541       0xd6 Drivers/STM32L4xx_HAL_Driver/Src/stm32l4xx_hal.o
 .debug_macro   0x0000000000022617      0x22c Drivers/STM32L4xx_HAL_Driver/Src/stm32l4xx_hal.o
 .debug_macro   0x0000000000022843       0x61 Drivers/STM32L4xx_HAL_Driver/Src/stm32l4xx_hal.o
 .debug_macro   0x00000000000228a4       0xa5 Drivers/STM32L4xx_HAL_Driver/Src/stm32l4xx_hal.o
 .debug_macro   0x0000000000022949      0x122 Drivers/STM32L4xx_HAL_Driver/Src/stm32l4xx_hal.o
 .debug_macro   0x0000000000022a6b      0x3e9 Drivers/STM32L4xx_HAL_Driver/Src/stm32l4xx_hal.o
 .debug_macro   0x0000000000022e54      0x59e Drivers/STM32L4xx_HAL_Driver/Src/stm32l4xx_hal.o
 .debug_macro   0x00000000000233f2       0x44 Drivers/STM32L4xx_HAL_Driver/Src/stm32l4xx_hal.o
 .debug_macro   0x0000000000023436      0x331 Drivers/STM32L4xx_HAL_Driver/Src/stm32l4xx_hal.o
 .debug_macro   0x0000000000023767      0x1c5 Drivers/STM32L4xx_HAL_Driver/Src/stm32l4xx_hal_cortex.o
 .debug_macro   0x000000000002392c      0x204 Drivers/STM32L4xx_HAL_Driver/Src/stm32l4xx_hal_gpio.o
 .debug_macro   0x0000000000023b30      0x28a Drivers/STM32L4xx_HAL_Driver/Src/stm32l4xx_hal_i2c.o
 .debug_macro   0x0000000000023dba      0x1c5 Drivers/STM32L4xx_HAL_Driver/Src/stm32l4xx_hal_i2c_ex.o
 .debug_macro   0x0000000000023f7f      0x1e9 Drivers/STM32L4xx_HAL_Driver/Src/stm32l4xx_hal_pwr_ex.o
 .debug_macro   0x0000000000024168      0x207 Drivers/STM32L4xx_HAL_Driver/Src/stm32l4xx_hal_rcc.o
 .debug_macro   0x000000000002436f      0x1fb Drivers/STM32L4xx_HAL_Driver/Src/stm32l4xx_hal_rcc_ex.o
 .debug_macro   0x000000000002456a      0x1f0 Drivers/STM32L4xx_HAL_Driver/Src/stm32l4xx_hal_uart.o
 .debug_macro   0x000000000002475a       0x86 Src/hts221.o
 .debug_macro   0x00000000000247e0      0x15f Src/hts221.o
 .debug_macro   0x000000000002493f       0x86 Src/lsm6dsl.o
 .debug_macro   0x00000000000249c5      0x428 Src/lsm6dsl.o
 .debug_macro   0x0000000000024ded      0x3a1 Src/main.o
 .debug_macro   0x000000000002518e       0x10 Src/main.o
 .debug_macro   0x000000000002519e       0x46 Src/main.o
 .debug_macro   0x00000000000251e4       0x18 Src/main.o
 .debug_macro   0x00000000000251fc       0x3c Src/main.o
 .debug_macro   0x0000000000025238       0x34 Src/main.o
 .debug_macro   0x000000000002526c       0x16 Src/main.o
 .debug_macro   0x0000000000025282       0x35 Src/main.o
 .debug_macro   0x00000000000252b7      0x32a Src/main.o
 .debug_macro   0x00000000000255e1       0x10 Src/main.o
 .debug_macro   0x00000000000255f1       0x52 Src/main.o
 .debug_macro   0x0000000000025643       0x1f Src/main.o
 .debug_macro   0x0000000000025662       0x43 Src/main.o
 .debug_macro   0x00000000000256a5       0x20 Src/main.o
 .debug_macro   0x00000000000256c5      0x1a3 Src/main.o
 .debug_macro   0x0000000000025868       0x10 Src/main.o
 .debug_macro   0x0000000000025878       0x1c Src/main.o
 .debug_macro   0x0000000000025894       0x52 Src/main.o
 .debug_macro   0x00000000000258e6       0x40 Src/main.o
 .debug_macro   0x0000000000025926       0x10 Src/main.o
 .debug_macro   0x0000000000025936       0x40 Src/main.o
 .debug_macro   0x0000000000025976       0xd7 Src/main.o
 .debug_macro   0x0000000000025a4d       0x1c Src/main.o
 .debug_macro   0x0000000000025a69       0x3d Src/main.o
 .debug_macro   0x0000000000025aa6       0x16 Src/main.o
 .debug_macro   0x0000000000025abc      0x145 Src/main.o
 .debug_macro   0x0000000000025c01      0x1c0 Src/main.o
 .debug_macro   0x0000000000025dc1      0x1f2 Src/stm32l475e_iot01.o
 .debug_macro   0x0000000000025fb3      0x1ba Src/stm32l475e_iot01.o
 .debug_macro   0x000000000002616d      0x201 Src/stm32l475e_iot01_accelero.o
 .debug_macro   0x000000000002636e      0x201 Src/stm32l475e_iot01_gyro.o
 .debug_macro   0x000000000002656f      0x201 Src/stm32l475e_iot01_hsensor.o
 .debug_macro   0x0000000000026770      0x201 Src/stm32l475e_iot01_tsensor.o
 .debug_macro   0x0000000000026971      0x1d4 Src/stm32l4xx_hal_msp.o
 .debug_macro   0x0000000000026b45      0x1de Src/stm32l4xx_it.o
 .debug_macro   0x0000000000026d23       0xee Src/sysmem.o
 .debug_macro   0x0000000000026e11      0x23b Src/sysmem.o
 .debug_macro   0x000000000002704c      0x1cb Src/system_stm32l4xx.o

.debug_line     0x0000000000000000     0xca45
 .debug_line    0x0000000000000000      0x98e Drivers/STM32L4xx_HAL_Driver/Src/stm32l4xx_hal.o
 .debug_line    0x000000000000098e      0xa16 Drivers/STM32L4xx_HAL_Driver/Src/stm32l4xx_hal_cortex.o
 .debug_line    0x00000000000013a4      0x8a9 Drivers/STM32L4xx_HAL_Driver/Src/stm32l4xx_hal_gpio.o
 .debug_line    0x0000000000001c4d     0x1ad0 Drivers/STM32L4xx_HAL_Driver/Src/stm32l4xx_hal_i2c.o
 .debug_line    0x000000000000371d      0x831 Drivers/STM32L4xx_HAL_Driver/Src/stm32l4xx_hal_i2c_ex.o
 .debug_line    0x0000000000003f4e      0xaa2 Drivers/STM32L4xx_HAL_Driver/Src/stm32l4xx_hal_pwr_ex.o
 .debug_line    0x00000000000049f0      0xa05 Drivers/STM32L4xx_HAL_Driver/Src/stm32l4xx_hal_rcc.o
 .debug_line    0x00000000000053f5      0xc9b Drivers/STM32L4xx_HAL_Driver/Src/stm32l4xx_hal_rcc_ex.o
 .debug_line    0x0000000000006090     0x129d Drivers/STM32L4xx_HAL_Driver/Src/stm32l4xx_hal_uart.o
 .debug_line    0x000000000000732d      0x466 Src/hts221.o
 .debug_line    0x0000000000007793      0x510 Src/lsm6dsl.o
 .debug_line    0x0000000000007ca3      0xa78 Src/main.o
 .debug_line    0x000000000000871b      0xa00 Src/stm32l475e_iot01.o
 .debug_line    0x000000000000911b      0x788 Src/stm32l475e_iot01_accelero.o
 .debug_line    0x00000000000098a3      0x782 Src/stm32l475e_iot01_gyro.o
 .debug_line    0x000000000000a025      0x766 Src/stm32l475e_iot01_hsensor.o
 .debug_line    0x000000000000a78b      0x754 Src/stm32l475e_iot01_tsensor.o
 .debug_line    0x000000000000aedf      0x747 Src/stm32l4xx_hal_msp.o
 .debug_line    0x000000000000b626      0x78c Src/stm32l4xx_it.o
 .debug_line    0x000000000000bdb2      0x4fe Src/sysmem.o
 .debug_line    0x000000000000c2b0      0x713 Src/system_stm32l4xx.o
 .debug_line    0x000000000000c9c3       0x82 Startup/startup_stm32l475vgtx.o

.debug_str      0x0000000000000000    0xec5d6
 .debug_str     0x0000000000000000    0xe15d9 Drivers/STM32L4xx_HAL_Driver/Src/stm32l4xx_hal.o
                                      0xe1a56 (size before relaxing)
 .debug_str     0x00000000000e15d9      0x3dd Drivers/STM32L4xx_HAL_Driver/Src/stm32l4xx_hal_cortex.o
                                      0xe17c6 (size before relaxing)
 .debug_str     0x00000000000e19b6      0x2c1 Drivers/STM32L4xx_HAL_Driver/Src/stm32l4xx_hal_gpio.o
                                      0xe11fa (size before relaxing)
 .debug_str     0x00000000000e1c77     0x1114 Drivers/STM32L4xx_HAL_Driver/Src/stm32l4xx_hal_i2c.o
                                      0xe208c (size before relaxing)
 .debug_str     0x00000000000e2d8b       0xb8 Drivers/STM32L4xx_HAL_Driver/Src/stm32l4xx_hal_i2c_ex.o
                                      0xe1484 (size before relaxing)
 .debug_str     0x00000000000e2e43      0x4af Drivers/STM32L4xx_HAL_Driver/Src/stm32l4xx_hal_pwr_ex.o
                                      0xe1496 (size before relaxing)
 .debug_str     0x00000000000e32f2      0x522 Drivers/STM32L4xx_HAL_Driver/Src/stm32l4xx_hal_rcc.o
                                      0xe153d (size before relaxing)
 .debug_str     0x00000000000e3814      0x600 Drivers/STM32L4xx_HAL_Driver/Src/stm32l4xx_hal_rcc_ex.o
                                      0xe16ce (size before relaxing)
 .debug_str     0x00000000000e3e14      0xa17 Drivers/STM32L4xx_HAL_Driver/Src/stm32l4xx_hal_uart.o
                                      0xe1b32 (size before relaxing)
 .debug_str     0x00000000000e482b      0x841 Src/hts221.o
                                       0x4497 (size before relaxing)
 .debug_str     0x00000000000e506c     0x1816 Src/lsm6dsl.o
                                       0x547f (size before relaxing)
 .debug_str     0x00000000000e6882     0x4ed3 Src/main.o
                                      0xe8744 (size before relaxing)
 .debug_str     0x00000000000eb755      0x53b Src/stm32l475e_iot01.o
                                      0xe2cf2 (size before relaxing)
 .debug_str     0x00000000000ebc90      0x175 Src/stm32l475e_iot01_accelero.o
                                      0xe3344 (size before relaxing)
 .debug_str     0x00000000000ebe05       0xa8 Src/stm32l475e_iot01_gyro.o
                                      0xe32de (size before relaxing)
 .debug_str     0x00000000000ebead       0x84 Src/stm32l475e_iot01_hsensor.o
                                      0xe2261 (size before relaxing)
 .debug_str     0x00000000000ebf31       0x6d Src/stm32l475e_iot01_tsensor.o
                                      0xe224a (size before relaxing)
 .debug_str     0x00000000000ebf9e       0x1b Src/stm32l4xx_hal_msp.o
                                      0xe1623 (size before relaxing)
 .debug_str     0x00000000000ebfb9       0xb8 Src/stm32l4xx_it.o
                                      0xe0e49 (size before relaxing)
 .debug_str     0x00000000000ec071      0x4e4 Src/sysmem.o
                                       0x5f60 (size before relaxing)
 .debug_str     0x00000000000ec555       0x50 Src/system_stm32l4xx.o
                                      0xe0f76 (size before relaxing)
 .debug_str     0x00000000000ec5a5       0x31 Startup/startup_stm32l475vgtx.o
                                         0x6d (size before relaxing)

.comment        0x0000000000000000       0x7b
 .comment       0x0000000000000000       0x7b Drivers/STM32L4xx_HAL_Driver/Src/stm32l4xx_hal.o
                                         0x7c (size before relaxing)
 .comment       0x000000000000007b       0x7c Drivers/STM32L4xx_HAL_Driver/Src/stm32l4xx_hal_cortex.o
 .comment       0x000000000000007b       0x7c Drivers/STM32L4xx_HAL_Driver/Src/stm32l4xx_hal_gpio.o
 .comment       0x000000000000007b       0x7c Drivers/STM32L4xx_HAL_Driver/Src/stm32l4xx_hal_i2c.o
 .comment       0x000000000000007b       0x7c Drivers/STM32L4xx_HAL_Driver/Src/stm32l4xx_hal_i2c_ex.o
 .comment       0x000000000000007b       0x7c Drivers/STM32L4xx_HAL_Driver/Src/stm32l4xx_hal_pwr_ex.o
 .comment       0x000000000000007b       0x7c Drivers/STM32L4xx_HAL_Driver/Src/stm32l4xx_hal_rcc.o
 .comment       0x000000000000007b       0x7c Drivers/STM32L4xx_HAL_Driver/Src/stm32l4xx_hal_rcc_ex.o
 .comment       0x000000000000007b       0x7c Drivers/STM32L4xx_HAL_Driver/Src/stm32l4xx_hal_uart.o
 .comment       0x000000000000007b       0x7c Src/hts221.o
 .comment       0x000000000000007b       0x7c Src/lsm6dsl.o
 .comment       0x000000000000007b       0x7c Src/main.o
 .comment       0x000000000000007b       0x7c Src/stm32l475e_iot01.o
 .comment       0x000000000000007b       0x7c Src/stm32l475e_iot01_accelero.o
 .comment       0x000000000000007b       0x7c Src/stm32l475e_iot01_gyro.o
 .comment       0x000000000000007b       0x7c Src/stm32l475e_iot01_hsensor.o
 .comment       0x000000000000007b       0x7c Src/stm32l475e_iot01_tsensor.o
 .comment       0x000000000000007b       0x7c Src/stm32l4xx_hal_msp.o
 .comment       0x000000000000007b       0x7c Src/stm32l4xx_it.o
 .comment       0x000000000000007b       0x7c Src/sysmem.o
 .comment       0x000000000000007b       0x7c Src/system_stm32l4xx.o

.debug_frame    0x0000000000000000     0x3b28
 .debug_frame   0x0000000000000000      0x498 Drivers/STM32L4xx_HAL_Driver/Src/stm32l4xx_hal.o
 .debug_frame   0x0000000000000498      0x498 Drivers/STM32L4xx_HAL_Driver/Src/stm32l4xx_hal_cortex.o
 .debug_frame   0x0000000000000930      0x14c Drivers/STM32L4xx_HAL_Driver/Src/stm32l4xx_hal_gpio.o
 .debug_frame   0x0000000000000a7c      0xbe8 Drivers/STM32L4xx_HAL_Driver/Src/stm32l4xx_hal_i2c.o
 .debug_frame   0x0000000000001664      0x100 Drivers/STM32L4xx_HAL_Driver/Src/stm32l4xx_hal_i2c_ex.o
 .debug_frame   0x0000000000001764      0x544 Drivers/STM32L4xx_HAL_Driver/Src/stm32l4xx_hal_pwr_ex.o
 .debug_frame   0x0000000000001ca8      0x1f4 Drivers/STM32L4xx_HAL_Driver/Src/stm32l4xx_hal_rcc.o
 .debug_frame   0x0000000000001e9c      0x2fc Drivers/STM32L4xx_HAL_Driver/Src/stm32l4xx_hal_rcc_ex.o
 .debug_frame   0x0000000000002198      0x974 Drivers/STM32L4xx_HAL_Driver/Src/stm32l4xx_hal_uart.o
 .debug_frame   0x0000000000002b0c       0xc4 Src/hts221.o
 .debug_frame   0x0000000000002bd0      0x168 Src/lsm6dsl.o
 .debug_frame   0x0000000000002d38       0xd4 Src/main.o
 .debug_frame   0x0000000000002e0c      0x4e0 Src/stm32l475e_iot01.o
 .debug_frame   0x00000000000032ec       0x98 Src/stm32l475e_iot01_accelero.o
 .debug_frame   0x0000000000003384       0x98 Src/stm32l475e_iot01_gyro.o
 .debug_frame   0x000000000000341c       0x6c Src/stm32l475e_iot01_hsensor.o
 .debug_frame   0x0000000000003488       0x50 Src/stm32l475e_iot01_tsensor.o
 .debug_frame   0x00000000000034d8       0xc8 Src/stm32l4xx_hal_msp.o
 .debug_frame   0x00000000000035a0      0x10c Src/stm32l4xx_it.o
 .debug_frame   0x00000000000036ac       0x34 Src/sysmem.o
 .debug_frame   0x00000000000036e0       0x58 Src/system_stm32l4xx.o
 .debug_frame   0x0000000000003738       0x20 /Applications/STM32CubeIDE.app/Contents/Eclipse/plugins/com.st.stm32cube.ide.mcu.externaltools.gnu-tools-for-stm32.7-2018-q2-update.macos64_1.4.0.202007081208/tools/bin/../lib/gcc/arm-none-eabi/7.3.1/../../../../arm-none-eabi/lib/thumb/v7e-m/fpv4-sp/hard/libc_nano.a(lib_a-errno.o)
 .debug_frame   0x0000000000003758       0x2c /Applications/STM32CubeIDE.app/Contents/Eclipse/plugins/com.st.stm32cube.ide.mcu.externaltools.gnu-tools-for-stm32.7-2018-q2-update.macos64_1.4.0.202007081208/tools/bin/../lib/gcc/arm-none-eabi/7.3.1/../../../../arm-none-eabi/lib/thumb/v7e-m/fpv4-sp/hard/libc_nano.a(lib_a-init.o)
 .debug_frame   0x0000000000003784       0x20 /Applications/STM32CubeIDE.app/Contents/Eclipse/plugins/com.st.stm32cube.ide.mcu.externaltools.gnu-tools-for-stm32.7-2018-q2-update.macos64_1.4.0.202007081208/tools/bin/../lib/gcc/arm-none-eabi/7.3.1/../../../../arm-none-eabi/lib/thumb/v7e-m/fpv4-sp/hard/libc_nano.a(lib_a-memset.o)
 .debug_frame   0x00000000000037a4       0x6c /Applications/STM32CubeIDE.app/Contents/Eclipse/plugins/com.st.stm32cube.ide.mcu.externaltools.gnu-tools-for-stm32.7-2018-q2-update.macos64_1.4.0.202007081208/tools/bin/../lib/gcc/arm-none-eabi/7.3.1/../../../../arm-none-eabi/lib/thumb/v7e-m/fpv4-sp/hard/libc_nano.a(lib_a-sprintf.o)
 .debug_frame   0x0000000000003810       0x90 /Applications/STM32CubeIDE.app/Contents/Eclipse/plugins/com.st.stm32cube.ide.mcu.externaltools.gnu-tools-for-stm32.7-2018-q2-update.macos64_1.4.0.202007081208/tools/bin/../lib/gcc/arm-none-eabi/7.3.1/../../../../arm-none-eabi/lib/thumb/v7e-m/fpv4-sp/hard/libc_nano.a(lib_a-nano-svfprintf.o)
 .debug_frame   0x00000000000038a0       0x60 /Applications/STM32CubeIDE.app/Contents/Eclipse/plugins/com.st.stm32cube.ide.mcu.externaltools.gnu-tools-for-stm32.7-2018-q2-update.macos64_1.4.0.202007081208/tools/bin/../lib/gcc/arm-none-eabi/7.3.1/../../../../arm-none-eabi/lib/thumb/v7e-m/fpv4-sp/hard/libc_nano.a(lib_a-nano-vfprintf_i.o)
 .debug_frame   0x0000000000003900       0x28 /Applications/STM32CubeIDE.app/Contents/Eclipse/plugins/com.st.stm32cube.ide.mcu.externaltools.gnu-tools-for-stm32.7-2018-q2-update.macos64_1.4.0.202007081208/tools/bin/../lib/gcc/arm-none-eabi/7.3.1/../../../../arm-none-eabi/lib/thumb/v7e-m/fpv4-sp/hard/libc_nano.a(lib_a-memcpy-stub.o)
 .debug_frame   0x0000000000003928       0x28 /Applications/STM32CubeIDE.app/Contents/Eclipse/plugins/com.st.stm32cube.ide.mcu.externaltools.gnu-tools-for-stm32.7-2018-q2-update.macos64_1.4.0.202007081208/tools/bin/../lib/gcc/arm-none-eabi/7.3.1/../../../../arm-none-eabi/lib/thumb/v7e-m/fpv4-sp/hard/libc_nano.a(lib_a-memmove.o)
 .debug_frame   0x0000000000003950       0x38 /Applications/STM32CubeIDE.app/Contents/Eclipse/plugins/com.st.stm32cube.ide.mcu.externaltools.gnu-tools-for-stm32.7-2018-q2-update.macos64_1.4.0.202007081208/tools/bin/../lib/gcc/arm-none-eabi/7.3.1/../../../../arm-none-eabi/lib/thumb/v7e-m/fpv4-sp/hard/libc_nano.a(lib_a-nano-freer.o)
 .debug_frame   0x0000000000003988       0x2c /Applications/STM32CubeIDE.app/Contents/Eclipse/plugins/com.st.stm32cube.ide.mcu.externaltools.gnu-tools-for-stm32.7-2018-q2-update.macos64_1.4.0.202007081208/tools/bin/../lib/gcc/arm-none-eabi/7.3.1/../../../../arm-none-eabi/lib/thumb/v7e-m/fpv4-sp/hard/libc_nano.a(lib_a-nano-mallocr.o)
 .debug_frame   0x00000000000039b4       0x3c /Applications/STM32CubeIDE.app/Contents/Eclipse/plugins/com.st.stm32cube.ide.mcu.externaltools.gnu-tools-for-stm32.7-2018-q2-update.macos64_1.4.0.202007081208/tools/bin/../lib/gcc/arm-none-eabi/7.3.1/../../../../arm-none-eabi/lib/thumb/v7e-m/fpv4-sp/hard/libc_nano.a(lib_a-nano-reallocr.o)
 .debug_frame   0x00000000000039f0       0x2c /Applications/STM32CubeIDE.app/Contents/Eclipse/plugins/com.st.stm32cube.ide.mcu.externaltools.gnu-tools-for-stm32.7-2018-q2-update.macos64_1.4.0.202007081208/tools/bin/../lib/gcc/arm-none-eabi/7.3.1/../../../../arm-none-eabi/lib/thumb/v7e-m/fpv4-sp/hard/libc_nano.a(lib_a-sbrkr.o)
 .debug_frame   0x0000000000003a1c       0x30 /Applications/STM32CubeIDE.app/Contents/Eclipse/plugins/com.st.stm32cube.ide.mcu.externaltools.gnu-tools-for-stm32.7-2018-q2-update.macos64_1.4.0.202007081208/tools/bin/../lib/gcc/arm-none-eabi/7.3.1/../../../../arm-none-eabi/lib/thumb/v7e-m/fpv4-sp/hard/libc_nano.a(lib_a-mlock.o)
 .debug_frame   0x0000000000003a4c       0x20 /Applications/STM32CubeIDE.app/Contents/Eclipse/plugins/com.st.stm32cube.ide.mcu.externaltools.gnu-tools-for-stm32.7-2018-q2-update.macos64_1.4.0.202007081208/tools/bin/../lib/gcc/arm-none-eabi/7.3.1/../../../../arm-none-eabi/lib/thumb/v7e-m/fpv4-sp/hard/libc_nano.a(lib_a-nano-msizer.o)
 .debug_frame   0x0000000000003a6c       0x5c /Applications/STM32CubeIDE.app/Contents/Eclipse/plugins/com.st.stm32cube.ide.mcu.externaltools.gnu-tools-for-stm32.7-2018-q2-update.macos64_1.4.0.202007081208/tools/bin/../lib/gcc/arm-none-eabi/7.3.1/../../../../arm-none-eabi/lib/thumb/v7e-m/fpv4-sp/hard/libc_nano.a(lib_a-reent.o)
 .debug_frame   0x0000000000003ac8       0x2c /Applications/STM32CubeIDE.app/Contents/Eclipse/plugins/com.st.stm32cube.ide.mcu.externaltools.gnu-tools-for-stm32.7-2018-q2-update.macos64_1.4.0.202007081208/tools/bin/../lib/gcc/arm-none-eabi/7.3.1/thumb/v7e-m/fpv4-sp/hard/libgcc.a(_aeabi_uldivmod.o)
 .debug_frame   0x0000000000003af4       0x34 /Applications/STM32CubeIDE.app/Contents/Eclipse/plugins/com.st.stm32cube.ide.mcu.externaltools.gnu-tools-for-stm32.7-2018-q2-update.macos64_1.4.0.202007081208/tools/bin/../lib/gcc/arm-none-eabi/7.3.1/thumb/v7e-m/fpv4-sp/hard/libgcc.a(_udivmoddi4.o)
